############ WITHOUT --sdc (the run that scored C4 wrong) ############
top bench_top: 255 register cells (8092 bits), 11 clock domain(s)
   clk_a                    64 cells, 1618 bits
   clk_e                    51 cells, 2776 bits
   clk_b                    50 cells, 2743 bits
   clk_e_div2               28 cells, 573 bits
   clk_c_div4               17 cells, 69 bits
   clk_a_div2               12 cells, 107 bits
   clk_b_div3               11 cells, 78 bits
   clk_d_div5               11 cells, 116 bits
   clk_d                    5 cells, 9 bits
   clk_c                    3 cells, 3 bits
   (none)                   3 cells, 0 bits
clock groups: no SDC given, so every distinct clock net is its own group

VERDICT        SRC         DST         WIDTH DEPTH  SOURCE
MULTIBIT       clk_e_div2  clk_a           3     2  u_fifo_e2a.wgray_r
DEPTH_1        clk_a       clk_a_div2     16     1  u_domain_a.scaled_r
DEPTH_1        clk_a       clk_a_div2      1     1  u_domain_a.prod_valid_r
UNCLASSIFIED   clk_a       clk_a_div2     73     1  u_domain_a.ctrl_r
MULTIBIT       clk_b_div3  clk_a_div2      4     2  u_fifo_a2b.rgray_r
DEPTH_1        clk_b_div3  clk_b           8     1  a2b_empty, b2c_ctrl, u_domain_b.acc_r, u_dom
MULTIBIT       clk_a_div2  clk_b_div3      4     2  u_fifo_a2b.wgray_r
DEPTH_1        clk_c_div4  clk_c           1     1  u_domain_c.tx_r
MULTIBIT       clk_d_div5  clk_c_div4      4     2  u_fifo_c2d.rgray_r
DEPTH_1        clk_d_div5  clk_d           1     1  u_domain_d.m0_r, u_domain_d.m1_r
MULTIBIT       clk_c_div4  clk_d_div5      4     2  u_fifo_c2d.wgray_r
DEPTH_1        clk_e_div2  clk_e           8     1  u_domain_e.evtcnt_r, u_domain_e.rptr_r
UNCLASSIFIED   clk_e       clk_e_div2    512     1  u_domain_e.addr_r, u_domain_e.wdata_r, u_dom
MULTIBIT       clk_a       clk_e_div2      3     2  u_fifo_e2a.rgray_r
SAFE           clk_b_div3  clk_c_div4      1     3  b2c_ctrl
SAFE           clk_d_div5  clk_e_div2      1     3  d2e_ctrl

crossings: 16   DEPTH_1=6   MULTIBIT=6   SAFE=2   UNCLASSIFIED=2
wrote /home/toshn/slacksmith_work/cdc_groups/nosdc.json
8 crossing(s) are NOT CHECKED, not clean: 6 multi-bit awaiting Hamming safety (--hamming was not given), 2 unclassifiable. Re-run with --hamming to discharge them.
exit: 1

############ WITH --sdc sdc/bench_top_v3.sdc ############
top bench_top: 255 register cells (8092 bits), 11 clock domain(s)
   clk_a                    64 cells, 1618 bits
   clk_e                    51 cells, 2776 bits
   clk_b                    50 cells, 2743 bits
   clk_e_div2               28 cells, 573 bits
   clk_c_div4               17 cells, 69 bits
   clk_a_div2               12 cells, 107 bits
   clk_b_div3               11 cells, 78 bits
   clk_d_div5               11 cells, 116 bits
   clk_d                    5 cells, 9 bits
   clk_c                    3 cells, 3 bits
   (none)                   3 cells, 0 bits
clock groups: 10 clocks in 5 synchronous group(s), 5 derived
   clk_a        synchronous with: clk_a_div2
   clk_b        synchronous with: clk_b_div3
   clk_c        synchronous with: clk_c_div4
   clk_d        synchronous with: clk_d_div5
   clk_e        synchronous with: clk_e_div2

VERDICT        SRC         DST         WIDTH DEPTH  SOURCE
MULTIBIT       clk_e_div2  clk_a           3     2  u_fifo_e2a.wgray_r
SYNCHRONOUS    clk_a       clk_a_div2     16     1  u_domain_a.scaled_r
SYNCHRONOUS    clk_a       clk_a_div2      1     1  u_domain_a.prod_valid_r
SYNCHRONOUS    clk_a       clk_a_div2     73     1  u_domain_a.ctrl_r
MULTIBIT       clk_b_div3  clk_a_div2      4     2  u_fifo_a2b.rgray_r
SYNCHRONOUS    clk_b_div3  clk_b           8     1  a2b_empty, b2c_ctrl, u_domain_b.acc_r, u_dom
MULTIBIT       clk_a_div2  clk_b_div3      4     2  u_fifo_a2b.wgray_r
SYNCHRONOUS    clk_c_div4  clk_c           1     1  u_domain_c.tx_r
MULTIBIT       clk_d_div5  clk_c_div4      4     2  u_fifo_c2d.rgray_r
SYNCHRONOUS    clk_d_div5  clk_d           1     1  u_domain_d.m0_r, u_domain_d.m1_r
MULTIBIT       clk_c_div4  clk_d_div5      4     2  u_fifo_c2d.wgray_r
SYNCHRONOUS    clk_e_div2  clk_e           8     1  u_domain_e.evtcnt_r, u_domain_e.rptr_r
SYNCHRONOUS    clk_e       clk_e_div2    512     1  u_domain_e.addr_r, u_domain_e.wdata_r, u_dom
MULTIBIT       clk_a       clk_e_div2      3     2  u_fifo_e2a.rgray_r
SAFE           clk_b_div3  clk_c_div4      1     3  b2c_ctrl
SAFE           clk_d_div5  clk_e_div2      1     3  d2e_ctrl

crossings: 16   MULTIBIT=6   SAFE=2   SYNCHRONOUS=8
wrote /home/toshn/slacksmith_work/cdc_groups/sdc.json
8 crossing(s) are synchronous and are NOT CDC findings. Without --sdc they would have been reported as violations.
6 crossing(s) are NOT CHECKED, not clean: 6 multi-bit awaiting Hamming safety (--hamming was not given), 0 unclassifiable. Re-run with --hamming to discharge them.
exit: 1
