start 2026-09-03T05:13:13+00:00 commit 56372d5
dont_use flags: 72
engine: sta   clocks: clk_a, clk_b, clk_e

=== iteration 1 ===
measure: clk_a=9.279  clk_b=-4.065  clk_e=-15.762
classify clk_e: FANOUT_DOMINATED (fanout share 0.9547) -> physical
apply: physical buffer (provisional) -> abc buffer,-N,16

=== iteration 2 ===
measure: clk_a=10.362  clk_b=5.665  clk_e=-0.613
  G5 total: -19.827 -> -0.613 (improved)
  CONFIRM physical buffer: clk_e -15.762 -> -0.613 (+15.149)
classify clk_e: MIXED (fanout share 0.3221) -> physical
apply: physical size (provisional) -> abc buffer,-N,16;upsize;dnsize

=== iteration 3 ===
measure: clk_a=11.158  clk_b=5.665  clk_e=-0.319
  G5 total: -0.613 -> -0.319 (improved)
  CONFIRM physical size: clk_e -0.613 -> -0.319 (+0.294)
classify clk_e: MIXED (fanout share 0.3374) -> physical
every physical component applied or reverted and the group still violates. no lever left for it.

wrote /home/toshn/slacksmith_v3_srcmap/SUMMARY.md
wrote /home/toshn/slacksmith_v3_srcmap/decisions.jsonl
exit 0 2026-09-03T05:16:05+00:00
