start 2026-09-02T21:07:58+00:00 commit 77eaaca
dont_use flags: 72
engine: sta   clocks: clk_a, clk_b, clk_e

=== iteration 1 ===
measure: clk_a=-13.167  clk_b=-18.957  clk_e=-25.957
classify clk_e: FANOUT_DOMINATED (fanout share 0.9139) -> physical
apply: physical buffer (provisional) -> abc buffer,-N,16

=== iteration 2 ===
measure: clk_a=1.75  clk_b=5.556  clk_e=-1.444
  G5 total: -58.081 -> -1.444 (improved)
  CONFIRM physical buffer: clk_e -25.957 -> -1.444 (+24.513)
classify clk_e: DEPTH_DOMINATED (fanout share 0.0) -> rtl
apply: physical size (provisional) -> abc buffer,-N,16;upsize;dnsize

=== iteration 3 ===
measure: clk_a=-1.716  clk_b=5.6  clk_e=-0.606
  G5 total: -1.444 -> -2.322 (not improved)
  REVERT physical size: clk_e -1.444 -> -0.606, no improvement.

=== iteration 4 ===
measure: clk_a=1.75  clk_b=5.556  clk_e=-1.444
classify clk_e: DEPTH_DOMINATED (fanout share 0.0) -> rtl
no untried proposal targets the binding modules ['aes_decipher_block', 'aes_inv_sbox'].

wrote /home/toshn/slacksmith_v3_g5total/SUMMARY.md
wrote /home/toshn/slacksmith_v3_g5total/decisions.jsonl
exit 0 2026-09-02T21:09:45+00:00
