---CLOCK:clk---
Startpoint: _8066_ (rising edge-triggered flip-flop clocked by clk)
Endpoint: _7860_ (rising edge-triggered flip-flop clocked by clk)
Path Group: clk
Path Type: max

   Delay     Time   Description
-----------------------------------------------------------
   0.000    0.000   clock clk (rise edge)
   0.000    0.000   clock network delay (ideal)
   0.000    0.000 ^ _8066_/CLK (sky130_fd_sc_hd__dfrtp_1)
   0.356    0.356 v _8066_/Q (sky130_fd_sc_hd__dfrtp_1)
   0.132    0.488 v _3785_/Y (sky130_fd_sc_hd__nor2b_4)
   0.986    1.475 ^ _3786_/Y (sky130_fd_sc_hd__a211oi_4)
   0.503    1.977 v _3787_/Y (sky130_fd_sc_hd__a21oi_4)
   0.351    2.329 ^ _3803_/Y (sky130_fd_sc_hd__a221oi_1)
   0.126    2.455 v _3805_/Y (sky130_fd_sc_hd__o22ai_1)
   0.207    2.662 v _5187_/X (sky130_fd_sc_hd__o21a_1)
   0.236    2.898 v _5188_/X (sky130_fd_sc_hd__a211o_1)
   0.246    3.144 ^ _5193_/Y (sky130_fd_sc_hd__a311oi_1)
   0.065    3.209 v _5194_/Y (sky130_fd_sc_hd__a211oi_1)
   0.259    3.469 v _5195_/X (sky130_fd_sc_hd__o22a_1)
   0.131    3.600 v _6011_/X (sky130_fd_sc_hd__o21a_1)
   0.172    3.772 v _6971_/X (sky130_fd_sc_hd__a21o_1)
   0.142    3.914 ^ _6972_/Y (sky130_fd_sc_hd__a31oi_1)
   0.000    3.914 ^ _7860_/D (sky130_fd_sc_hd__dfrtp_1)
            3.914   data arrival time

   6.919    6.919   clock clk (rise edge)
   0.000    6.919   clock network delay (ideal)
   0.000    6.919   clock reconvergence pessimism
            6.919 ^ _7860_/CLK (sky130_fd_sc_hd__dfrtp_1)
  -0.090    6.829   library setup time
            6.829   data required time
-----------------------------------------------------------
            6.829   data required time
           -3.914   data arrival time
-----------------------------------------------------------
            2.915   slack (MET)


