---CLOCK:clk---
Startpoint: _37053_ (rising edge-triggered flip-flop clocked by clk)
Endpoint: _38041_ (rising edge-triggered flip-flop clocked by clk)
Path Group: clk
Path Type: max

   Delay     Time   Description
-----------------------------------------------------------
   0.000    0.000   clock clk (rise edge)
   0.000    0.000   clock network delay (ideal)
   0.000    0.000 ^ _37053_/CLK (sky130_fd_sc_hd__dfrtp_1)
   0.654    0.654 ^ _37053_/Q (sky130_fd_sc_hd__dfrtp_1)
   0.371    1.025 ^ _22420_/X (sky130_fd_sc_hd__and4_4)
   0.130    1.155 v _22457_/Y (sky130_fd_sc_hd__nand4_4)
   0.253    1.408 ^ _22516_/Y (sky130_fd_sc_hd__nor4_4)
   0.198    1.605 v _22543_/Y (sky130_fd_sc_hd__nand4_2)
   0.320    1.925 ^ _22600_/Y (sky130_fd_sc_hd__nor4_4)
   0.164    2.089 v _22667_/Y (sky130_fd_sc_hd__nand4_4)
   0.269    2.358 ^ _22684_/Y (sky130_fd_sc_hd__nor4_4)
   0.201    2.559 v _22719_/Y (sky130_fd_sc_hd__nand4_2)
   0.284    2.843 ^ _22733_/Y (sky130_fd_sc_hd__nor4_4)
   0.153    2.996 v _23125_/Y (sky130_fd_sc_hd__nand3_2)
   0.314    3.310 ^ _23164_/Y (sky130_fd_sc_hd__a31oi_4)
   0.174    3.484 v _23758_/Y (sky130_fd_sc_hd__a22oi_1)
   0.202    3.686 v _23759_/X (sky130_fd_sc_hd__buf_4)
   0.078    3.764 ^ _23910_/Y (sky130_fd_sc_hd__o211ai_1)
   0.093    3.857 v _23912_/Y (sky130_fd_sc_hd__a31oi_1)
   0.222    4.079 v _23913_/X (sky130_fd_sc_hd__a211o_1)
   0.328    4.408 ^ _23916_/Y (sky130_fd_sc_hd__a22oi_1)
   0.124    4.531 v _24617_/Y (sky130_fd_sc_hd__nor4_1)
   0.263    4.794 ^ _24618_/Y (sky130_fd_sc_hd__nor3_1)
   0.116    4.910 v _24620_/Y (sky130_fd_sc_hd__nor2_1)
   0.189    5.099 v _24623_/X (sky130_fd_sc_hd__xor2_1)
   0.330    5.429 ^ _24624_/Y (sky130_fd_sc_hd__xnor2_1)
   0.422    5.851 v _24626_/X (sky130_fd_sc_hd__xnor3_1)
   0.291    6.142 ^ _24641_/X (sky130_fd_sc_hd__xor2_1)
   0.477    6.619 v _24673_/X (sky130_fd_sc_hd__xnor3_1)
   0.161    6.780 v _24676_/X (sky130_fd_sc_hd__a21o_1)
   0.170    6.950 v _24677_/X (sky130_fd_sc_hd__a21o_1)
   0.200    7.150 v _24678_/X (sky130_fd_sc_hd__and3_1)
   0.183    7.333 ^ _24680_/Y (sky130_fd_sc_hd__nor2_1)
   0.165    7.498 ^ _25059_/X (sky130_fd_sc_hd__xor2_1)
   0.190    7.688 ^ _25069_/X (sky130_fd_sc_hd__maj3_2)
   0.054    7.742 v _25070_/Y (sky130_fd_sc_hd__o21ai_1)
   0.332    8.074 v _25071_/X (sky130_fd_sc_hd__maj3_2)
   0.311    8.385 v _25213_/X (sky130_fd_sc_hd__maj3_2)
   0.167    8.552 ^ _25508_/Y (sky130_fd_sc_hd__a21oi_1)
   0.078    8.631 v _25509_/Y (sky130_fd_sc_hd__o21ai_2)
   0.332    8.963 v _25629_/X (sky130_fd_sc_hd__maj3_2)
   0.334    9.297 v _25807_/X (sky130_fd_sc_hd__maj3_2)
   0.359    9.657 v _25841_/X (sky130_fd_sc_hd__maj3_4)
   0.147    9.804 ^ _26133_/Y (sky130_fd_sc_hd__a21oi_4)
   0.090    9.894 v _26305_/Y (sky130_fd_sc_hd__o21ai_2)
   0.144   10.037 ^ _26538_/Y (sky130_fd_sc_hd__a21oi_2)
   0.172   10.210 ^ _27100_/X (sky130_fd_sc_hd__o211a_1)
   0.157   10.367 ^ _27248_/X (sky130_fd_sc_hd__o32a_2)
   0.077   10.444 v _27435_/Y (sky130_fd_sc_hd__o21ai_2)
   0.299   10.743 ^ _28019_/Y (sky130_fd_sc_hd__a221oi_2)
   0.120   10.863 v _28452_/Y (sky130_fd_sc_hd__o41ai_2)
   0.204   11.067 ^ _28809_/Y (sky130_fd_sc_hd__a211oi_2)
   0.111   11.178 v _28810_/Y (sky130_fd_sc_hd__o32ai_2)
   0.164   11.341 ^ _28974_/Y (sky130_fd_sc_hd__a21oi_2)
   0.173   11.515 ^ _29132_/X (sky130_fd_sc_hd__o21a_2)
   0.139   11.654 ^ _29295_/X (sky130_fd_sc_hd__o21a_4)
   0.100   11.754 v _29803_/Y (sky130_fd_sc_hd__o211ai_2)
   0.261   12.015 ^ _29810_/Y (sky130_fd_sc_hd__a32oi_2)
   0.100   12.115 v _30075_/Y (sky130_fd_sc_hd__o21ai_2)
   0.324   12.438 v _30080_/X (sky130_fd_sc_hd__maj3_2)
   0.152   12.590 ^ _30206_/Y (sky130_fd_sc_hd__a21oi_2)
   0.197   12.787 ^ _30565_/X (sky130_fd_sc_hd__o211a_1)
   0.137   12.925 ^ _30687_/X (sky130_fd_sc_hd__o31a_1)
   0.191   13.116 ^ _30692_/X (sky130_fd_sc_hd__maj3_2)
   0.193   13.309 ^ _30799_/X (sky130_fd_sc_hd__maj3_2)
   0.081   13.390 v _30998_/Y (sky130_fd_sc_hd__o21bai_2)
   0.222   13.613 v _31113_/X (sky130_fd_sc_hd__a31o_1)
   0.305   13.917 v _31200_/X (sky130_fd_sc_hd__maj3_2)
   0.250   14.167 v _31315_/X (sky130_fd_sc_hd__a32o_2)
   0.163   14.330 ^ _31391_/Y (sky130_fd_sc_hd__a21oi_2)
   0.092   14.422 v _31480_/Y (sky130_fd_sc_hd__o21ai_2)
   0.273   14.695 v _31660_/X (sky130_fd_sc_hd__a211o_1)
   0.226   14.921 ^ _31666_/Y (sky130_fd_sc_hd__a31oi_2)
   0.102   15.024 v _31718_/Y (sky130_fd_sc_hd__o21ai_2)
   0.144   15.168 ^ _31773_/Y (sky130_fd_sc_hd__a21oi_2)
   0.169   15.337 ^ _31843_/X (sky130_fd_sc_hd__o32a_2)
   0.179   15.517 ^ _31903_/X (sky130_fd_sc_hd__o211a_1)
   0.061   15.578 v _31924_/Y (sky130_fd_sc_hd__o31ai_2)
   0.316   15.894 v _33890_/X (sky130_fd_sc_hd__o32a_1)
   0.000   15.894 v _38041_/D (sky130_fd_sc_hd__dfrtp_1)
           15.894   data arrival time

  28.770   28.770   clock clk (rise edge)
   0.000   28.770   clock network delay (ideal)
   0.000   28.770   clock reconvergence pessimism
           28.770 ^ _38041_/CLK (sky130_fd_sc_hd__dfrtp_1)
  -0.126   28.644   library setup time
           28.644   data required time
-----------------------------------------------------------
           28.644   data required time
          -15.894   data arrival time
-----------------------------------------------------------
           12.750   slack (MET)


