---CLOCK:clk---
Startpoint: opReg/_35_ (rising edge-triggered flip-flop clocked by clk)
Endpoint: carryOutReg/_4_ (rising edge-triggered flip-flop clocked by clk)
Path Group: clk
Path Type: max

   Delay     Time   Description
-----------------------------------------------------------
   0.000    0.000   clock clk (rise edge)
   0.000    0.000   clock network delay (ideal)
   0.000    0.000 ^ opReg/_35_/CLK (sky130_fd_sc_hd__dfxtp_1)
   1.449    1.449 ^ opReg/_35_/Q (sky130_fd_sc_hd__dfxtp_1)
   0.062    1.511 v _419_/Y (sky130_fd_sc_hd__nand2b_4)
   0.210    1.721 v _420_/X (sky130_fd_sc_hd__buf_12)
   0.147    1.868 v _427_/X (sky130_fd_sc_hd__buf_12)
   0.079    1.947 ^ _568_/Y (sky130_fd_sc_hd__nor2_1)
   0.076    2.022 v _570_/Y (sky130_fd_sc_hd__nor3_1)
   0.340    2.363 v PostAS/_0556_/X (sky130_fd_sc_hd__maj3_2)
   0.335    2.698 v PostAS/_0557_/X (sky130_fd_sc_hd__maj3_2)
   0.265    2.963 ^ PostAS/_0559_/Y (sky130_fd_sc_hd__a221oi_2)
   0.106    3.069 v PostAS/_0561_/Y (sky130_fd_sc_hd__o31ai_1)
   0.197    3.266 ^ PostAS/_0563_/Y (sky130_fd_sc_hd__a21oi_1)
   0.114    3.380 v PostAS/_0565_/Y (sky130_fd_sc_hd__o21ai_1)
   0.343    3.723 v PostAS/_0566_/X (sky130_fd_sc_hd__maj3_2)
   0.321    4.044 v PostAS/_0567_/X (sky130_fd_sc_hd__maj3_2)
   0.328    4.371 v PostAS/_0568_/X (sky130_fd_sc_hd__maj3_2)
   0.330    4.701 v PostAS/_0569_/X (sky130_fd_sc_hd__maj3_2)
   0.330    5.031 v PostAS/_0570_/X (sky130_fd_sc_hd__maj3_2)
   0.330    5.361 v PostAS/_0571_/X (sky130_fd_sc_hd__maj3_2)
   0.329    5.689 v PostAS/_0572_/X (sky130_fd_sc_hd__maj3_2)
   0.328    6.018 v PostAS/_0573_/X (sky130_fd_sc_hd__maj3_2)
   0.329    6.347 v PostAS/_0574_/X (sky130_fd_sc_hd__maj3_2)
   0.329    6.676 v PostAS/_0575_/X (sky130_fd_sc_hd__maj3_2)
   0.328    7.004 v PostAS/_0576_/X (sky130_fd_sc_hd__maj3_2)
   0.328    7.332 v PostAS/_0577_/X (sky130_fd_sc_hd__maj3_2)
   0.339    7.671 v PostAS/_0578_/X (sky130_fd_sc_hd__maj3_2)
   0.323    7.994 v PostAS/_0579_/X (sky130_fd_sc_hd__maj3_2)
   0.326    8.320 v PostAS/_0580_/X (sky130_fd_sc_hd__maj3_2)
   0.328    8.648 v PostAS/_0581_/X (sky130_fd_sc_hd__maj3_2)
   0.323    8.972 v PostAS/_0582_/X (sky130_fd_sc_hd__maj3_2)
   0.327    9.299 v PostAS/_0583_/X (sky130_fd_sc_hd__maj3_2)
   0.327    9.626 v PostAS/_0584_/X (sky130_fd_sc_hd__maj3_2)
   0.337    9.963 v PostAS/_0585_/X (sky130_fd_sc_hd__maj3_2)
   0.312   10.275 v PostAS/_0586_/X (sky130_fd_sc_hd__maj3_2)
   0.338   10.613 v PostAS/_0587_/X (sky130_fd_sc_hd__maj3_2)
   0.280   10.893 ^ PostAS/_0589_/Y (sky130_fd_sc_hd__a221oi_2)
   0.102   10.994 v PostAS/_0591_/Y (sky130_fd_sc_hd__o31ai_1)
   0.337   11.331 v PostAS/_0592_/X (sky130_fd_sc_hd__maj3_2)
   0.330   11.660 v PostAS/_0593_/X (sky130_fd_sc_hd__maj3_2)
   0.328   11.989 v PostAS/_0594_/X (sky130_fd_sc_hd__maj3_2)
   0.329   12.318 v PostAS/_0595_/X (sky130_fd_sc_hd__maj3_2)
   0.330   12.648 v PostAS/_0596_/X (sky130_fd_sc_hd__maj3_2)
   0.330   12.978 v PostAS/_0597_/X (sky130_fd_sc_hd__maj3_2)
   0.330   13.308 v PostAS/_0598_/X (sky130_fd_sc_hd__maj3_2)
   0.330   13.637 v PostAS/_0599_/X (sky130_fd_sc_hd__maj3_2)
   0.343   13.980 v PostAS/_0600_/X (sky130_fd_sc_hd__maj3_2)
   0.280   14.260 ^ PostAS/_0603_/Y (sky130_fd_sc_hd__a221oi_2)
   0.119   14.379 v PostAS/_0605_/Y (sky130_fd_sc_hd__o31ai_1)
   0.332   14.712 v PostAS/_0606_/X (sky130_fd_sc_hd__maj3_2)
   0.324   15.036 v PostAS/_0607_/X (sky130_fd_sc_hd__maj3_2)
   0.150   15.186 v PostAS/_0612_/Y (sky130_fd_sc_hd__nor3b_1)
   0.349   15.535 v PostAS/_1130_/X (sky130_fd_sc_hd__o32a_1)
   0.122   15.657 ^ carryOutReg/_2_/Y (sky130_fd_sc_hd__mux2i_1)
   0.044   15.700 v carryOutReg/_3_/Y (sky130_fd_sc_hd__nor2_1)
   0.000   15.700 v carryOutReg/_4_/D (sky130_fd_sc_hd__dfxtp_1)
           15.700   data arrival time

  16.799   16.799   clock clk (rise edge)
   0.000   16.799   clock network delay (ideal)
   0.000   16.799   clock reconvergence pessimism
           16.799 ^ carryOutReg/_4_/CLK (sky130_fd_sc_hd__dfxtp_1)
  -0.114   16.685   library setup time
           16.685   data required time
-----------------------------------------------------------
           16.685   data required time
          -15.700   data arrival time
-----------------------------------------------------------
            0.984   slack (MET)


