SBY  5:05:15 [onehot_check_prove] Removing directory '/home/toshn/fixbatch/f1/onehot_check_prove'.
SBY  5:05:15 [onehot_check_prove] Copy '/home/toshn/fixbatch/f1/domain_b_onehot_raw_fv.v' to '/home/toshn/fixbatch/f1/onehot_check_prove/src/domain_b_onehot_raw_fv.v'.
SBY  5:05:15 [onehot_check_prove] Copy '/home/toshn/fixbatch/f1/domain_b_onehot_parallel_fv.v' to '/home/toshn/fixbatch/f1/onehot_check_prove/src/domain_b_onehot_parallel_fv.v'.
SBY  5:05:15 [onehot_check_prove] Copy '/home/toshn/fixbatch/f1/decode_state.vh' to '/home/toshn/fixbatch/f1/onehot_check_prove/src/decode_state.vh'.
SBY  5:05:15 [onehot_check_prove] Copy '/home/toshn/fixbatch/f1/onehot_check.sv' to '/home/toshn/fixbatch/f1/onehot_check_prove/src/onehot_check.sv'.
SBY  5:05:15 [onehot_check_prove] engine_0: smtbmc z3
SBY  5:05:15 [onehot_check_prove] base: starting process "cd onehot_check_prove/src; yosys -ql ../model/design.log ../model/design.ys"
SBY  5:05:15 [onehot_check_prove] base: finished (returncode=0)
SBY  5:05:15 [onehot_check_prove] prep: starting process "cd onehot_check_prove/model; yosys -ql design_prep.log design_prep.ys"
SBY  5:05:15 [onehot_check_prove] prep: finished (returncode=0)
SBY  5:05:15 [onehot_check_prove] smt2: starting process "cd onehot_check_prove/model; yosys -ql design_smt2.log design_smt2.ys"
SBY  5:05:15 [onehot_check_prove] smt2: finished (returncode=0)
SBY  5:05:15 [onehot_check_prove] engine_0.basecase: starting process "cd onehot_check_prove; yosys-smtbmc -s z3 --presat --noprogress -t 40  --append 0 --dump-vcd engine_0/trace.vcd --dump-yw engine_0/trace.yw --dump-vlogtb engine_0/trace_tb.v --dump-smtc engine_0/trace.smtc model/design_smt2.smt2"
SBY  5:05:15 [onehot_check_prove] engine_0.induction: starting process "cd onehot_check_prove; yosys-smtbmc -s z3 --presat -i --noprogress -t 40  --append 0 --dump-vcd engine_0/trace_induct.vcd --dump-yw engine_0/trace_induct.yw --dump-vlogtb engine_0/trace_induct_tb.v --dump-smtc engine_0/trace_induct.smtc model/design_smt2.smt2"
SBY  5:05:15 [onehot_check_prove] engine_0.basecase: ##   0:00:00  Solver: z3
SBY  5:05:15 [onehot_check_prove] engine_0.induction: ##   0:00:00  Solver: z3
SBY  5:05:15 [onehot_check_prove] engine_0.basecase: ##   0:00:00  Checking assumptions in step 0..
SBY  5:05:15 [onehot_check_prove] engine_0.induction: ##   0:00:00  Trying induction in step 40..
SBY  5:05:15 [onehot_check_prove] engine_0.basecase: ##   0:00:00  Checking assertions in step 0..
SBY  5:05:15 [onehot_check_prove] engine_0.basecase: ##   0:00:00  Checking assumptions in step 1..
SBY  5:05:15 [onehot_check_prove] engine_0.induction: ##   0:00:00  Trying induction in step 39..
SBY  5:05:15 [onehot_check_prove] engine_0.basecase: ##   0:00:00  Checking assertions in step 1..
SBY  5:05:15 [onehot_check_prove] engine_0.basecase: ##   0:00:00  Checking assumptions in step 2..
SBY  5:05:15 [onehot_check_prove] engine_0.basecase: ##   0:00:00  Checking assertions in step 2..
SBY  5:05:15 [onehot_check_prove] engine_0.basecase: ##   0:00:00  Checking assumptions in step 3..
SBY  5:05:15 [onehot_check_prove] engine_0.induction: ##   0:00:00  Trying induction in step 38..
SBY  5:05:15 [onehot_check_prove] engine_0.basecase: ##   0:00:00  Checking assertions in step 3..
SBY  5:05:15 [onehot_check_prove] engine_0.basecase: ##   0:00:00  Checking assumptions in step 4..
SBY  5:05:15 [onehot_check_prove] engine_0.basecase: ##   0:00:00  Checking assertions in step 4..
SBY  5:05:15 [onehot_check_prove] engine_0.basecase: ##   0:00:00  Checking assumptions in step 5..
SBY  5:05:15 [onehot_check_prove] engine_0.basecase: ##   0:00:00  Checking assertions in step 5..
SBY  5:05:15 [onehot_check_prove] engine_0.induction: ##   0:00:00  Temporal induction successful.
SBY  5:05:15 [onehot_check_prove] engine_0.induction: ##   0:00:00  Status: passed
SBY  5:05:15 [onehot_check_prove] engine_0.induction: finished (returncode=0)
SBY  5:05:15 [onehot_check_prove] engine_0.induction: Status returned by engine for induction: pass
SBY  5:05:15 [onehot_check_prove] engine_0.basecase: ##   0:00:00  Checking assumptions in step 6..
SBY  5:05:15 [onehot_check_prove] engine_0.basecase: ##   0:00:00  Checking assertions in step 6..
SBY  5:05:15 [onehot_check_prove] engine_0.basecase: ##   0:00:00  Checking assumptions in step 7..
SBY  5:05:15 [onehot_check_prove] engine_0.basecase: ##   0:00:00  Checking assertions in step 7..
SBY  5:05:15 [onehot_check_prove] engine_0.basecase: ##   0:00:00  Checking assumptions in step 8..
SBY  5:05:15 [onehot_check_prove] engine_0.basecase: ##   0:00:00  Checking assertions in step 8..
SBY  5:05:15 [onehot_check_prove] engine_0.basecase: ##   0:00:00  Checking assumptions in step 9..
SBY  5:05:15 [onehot_check_prove] engine_0.basecase: ##   0:00:00  Checking assertions in step 9..
SBY  5:05:15 [onehot_check_prove] engine_0.basecase: ##   0:00:00  Checking assumptions in step 10..
SBY  5:05:15 [onehot_check_prove] engine_0.basecase: ##   0:00:00  Checking assertions in step 10..
SBY  5:05:15 [onehot_check_prove] engine_0.basecase: ##   0:00:00  Checking assumptions in step 11..
SBY  5:05:15 [onehot_check_prove] engine_0.basecase: ##   0:00:00  Checking assertions in step 11..
SBY  5:05:15 [onehot_check_prove] engine_0.basecase: ##   0:00:00  Checking assumptions in step 12..
SBY  5:05:15 [onehot_check_prove] engine_0.basecase: ##   0:00:00  Checking assertions in step 12..
SBY  5:05:15 [onehot_check_prove] engine_0.basecase: ##   0:00:00  Checking assumptions in step 13..
SBY  5:05:15 [onehot_check_prove] engine_0.basecase: ##   0:00:00  Checking assertions in step 13..
SBY  5:05:15 [onehot_check_prove] engine_0.basecase: ##   0:00:00  Checking assumptions in step 14..
SBY  5:05:16 [onehot_check_prove] engine_0.basecase: ##   0:00:00  Checking assertions in step 14..
SBY  5:05:16 [onehot_check_prove] engine_0.basecase: ##   0:00:00  Checking assumptions in step 15..
SBY  5:05:16 [onehot_check_prove] engine_0.basecase: ##   0:00:00  Checking assertions in step 15..
SBY  5:05:16 [onehot_check_prove] engine_0.basecase: ##   0:00:00  Checking assumptions in step 16..
SBY  5:05:16 [onehot_check_prove] engine_0.basecase: ##   0:00:01  Checking assertions in step 16..
SBY  5:05:16 [onehot_check_prove] engine_0.basecase: ##   0:00:01  Checking assumptions in step 17..
SBY  5:05:16 [onehot_check_prove] engine_0.basecase: ##   0:00:01  Checking assertions in step 17..
SBY  5:05:16 [onehot_check_prove] engine_0.basecase: ##   0:00:01  Checking assumptions in step 18..
SBY  5:05:16 [onehot_check_prove] engine_0.basecase: ##   0:00:01  Checking assertions in step 18..
SBY  5:05:16 [onehot_check_prove] engine_0.basecase: ##   0:00:01  Checking assumptions in step 19..
SBY  5:05:16 [onehot_check_prove] engine_0.basecase: ##   0:00:01  Checking assertions in step 19..
SBY  5:05:16 [onehot_check_prove] engine_0.basecase: ##   0:00:01  Checking assumptions in step 20..
SBY  5:05:16 [onehot_check_prove] engine_0.basecase: ##   0:00:01  Checking assertions in step 20..
SBY  5:05:16 [onehot_check_prove] engine_0.basecase: ##   0:00:01  Checking assumptions in step 21..
SBY  5:05:16 [onehot_check_prove] engine_0.basecase: ##   0:00:01  Checking assertions in step 21..
SBY  5:05:17 [onehot_check_prove] engine_0.basecase: ##   0:00:01  Checking assumptions in step 22..
SBY  5:05:17 [onehot_check_prove] engine_0.basecase: ##   0:00:01  Checking assertions in step 22..
SBY  5:05:17 [onehot_check_prove] engine_0.basecase: ##   0:00:02  Checking assumptions in step 23..
SBY  5:05:17 [onehot_check_prove] engine_0.basecase: ##   0:00:02  Checking assertions in step 23..
SBY  5:05:17 [onehot_check_prove] engine_0.basecase: ##   0:00:02  Checking assumptions in step 24..
SBY  5:05:17 [onehot_check_prove] engine_0.basecase: ##   0:00:02  Checking assertions in step 24..
SBY  5:05:17 [onehot_check_prove] engine_0.basecase: ##   0:00:02  Checking assumptions in step 25..
SBY  5:05:17 [onehot_check_prove] engine_0.basecase: ##   0:00:02  Checking assertions in step 25..
SBY  5:05:17 [onehot_check_prove] engine_0.basecase: ##   0:00:02  Checking assumptions in step 26..
SBY  5:05:18 [onehot_check_prove] engine_0.basecase: ##   0:00:02  Checking assertions in step 26..
SBY  5:05:18 [onehot_check_prove] engine_0.basecase: ##   0:00:02  Checking assumptions in step 27..
SBY  5:05:18 [onehot_check_prove] engine_0.basecase: ##   0:00:03  Checking assertions in step 27..
SBY  5:05:18 [onehot_check_prove] engine_0.basecase: ##   0:00:03  Checking assumptions in step 28..
SBY  5:05:18 [onehot_check_prove] engine_0.basecase: ##   0:00:03  Checking assertions in step 28..
SBY  5:05:18 [onehot_check_prove] engine_0.basecase: ##   0:00:03  Checking assumptions in step 29..
SBY  5:05:18 [onehot_check_prove] engine_0.basecase: ##   0:00:03  Checking assertions in step 29..
SBY  5:05:18 [onehot_check_prove] engine_0.basecase: ##   0:00:03  Checking assumptions in step 30..
SBY  5:05:18 [onehot_check_prove] engine_0.basecase: ##   0:00:03  Checking assertions in step 30..
SBY  5:05:18 [onehot_check_prove] engine_0.basecase: ##   0:00:03  Checking assumptions in step 31..
SBY  5:05:19 [onehot_check_prove] engine_0.basecase: ##   0:00:03  Checking assertions in step 31..
SBY  5:05:19 [onehot_check_prove] engine_0.basecase: ##   0:00:03  Checking assumptions in step 32..
SBY  5:05:19 [onehot_check_prove] engine_0.basecase: ##   0:00:04  Checking assertions in step 32..
SBY  5:05:19 [onehot_check_prove] engine_0.basecase: ##   0:00:04  Checking assumptions in step 33..
SBY  5:05:19 [onehot_check_prove] engine_0.basecase: ##   0:00:04  Checking assertions in step 33..
SBY  5:05:19 [onehot_check_prove] engine_0.basecase: ##   0:00:04  Checking assumptions in step 34..
SBY  5:05:20 [onehot_check_prove] engine_0.basecase: ##   0:00:04  Checking assertions in step 34..
SBY  5:05:20 [onehot_check_prove] engine_0.basecase: ##   0:00:04  Checking assumptions in step 35..
SBY  5:05:20 [onehot_check_prove] engine_0.basecase: ##   0:00:05  Checking assertions in step 35..
SBY  5:05:20 [onehot_check_prove] engine_0.basecase: ##   0:00:05  Checking assumptions in step 36..
SBY  5:05:20 [onehot_check_prove] engine_0.basecase: ##   0:00:05  Checking assertions in step 36..
SBY  5:05:20 [onehot_check_prove] engine_0.basecase: ##   0:00:05  Checking assumptions in step 37..
SBY  5:05:21 [onehot_check_prove] engine_0.basecase: ##   0:00:05  Checking assertions in step 37..
SBY  5:05:21 [onehot_check_prove] engine_0.basecase: ##   0:00:05  Checking assumptions in step 38..
SBY  5:05:21 [onehot_check_prove] engine_0.basecase: ##   0:00:06  Checking assertions in step 38..
SBY  5:05:21 [onehot_check_prove] engine_0.basecase: ##   0:00:06  Checking assumptions in step 39..
SBY  5:05:21 [onehot_check_prove] engine_0.basecase: ##   0:00:06  Checking assertions in step 39..
SBY  5:05:21 [onehot_check_prove] engine_0.basecase: ##   0:00:06  Status: passed
SBY  5:05:21 [onehot_check_prove] engine_0.basecase: finished (returncode=0)
SBY  5:05:21 [onehot_check_prove] engine_0.basecase: Status returned by engine for basecase: pass
SBY  5:05:21 [onehot_check_prove] summary: Elapsed clock time [H:MM:SS (secs)]: 0:00:06 (6)
SBY  5:05:21 [onehot_check_prove] summary: Elapsed process time [H:MM:SS (secs)]: 0:00:06 (6)
SBY  5:05:21 [onehot_check_prove] summary: engine_0 (smtbmc z3) returned pass for basecase
SBY  5:05:21 [onehot_check_prove] summary: engine_0 (smtbmc z3) returned pass for induction
SBY  5:05:21 [onehot_check_prove] summary: engine_0 did not produce any traces
SBY  5:05:21 [onehot_check_prove] summary: successful proof by k-induction.
SBY  5:05:21 [onehot_check_prove] DONE (PASS, rc=0)
