---CLOCK:clk---
Startpoint: _389_ (rising edge-triggered flip-flop clocked by clk)
Endpoint: _389_ (rising edge-triggered flip-flop clocked by clk)
Path Group: clk
Path Type: max

   Delay     Time   Description
-----------------------------------------------------------
   0.000    0.000   clock clk (rise edge)
   0.000    0.000   clock network delay (ideal)
   0.000    0.000 ^ _389_/CLK (sky130_fd_sc_hd__edfxtp_1)
   0.408    0.408 v _389_/Q (sky130_fd_sc_hd__edfxtp_1)
   0.577    0.985 v _182_/X (sky130_fd_sc_hd__or4_4)
   0.457    1.442 v _183_/X (sky130_fd_sc_hd__or4_4)
   0.426    1.868 v _184_/X (sky130_fd_sc_hd__or4_4)
   0.149    2.017 v _185_/X (sky130_fd_sc_hd__buf_6)
   0.375    2.392 ^ _188_/Y (sky130_fd_sc_hd__o31ai_4)
   0.416    2.808 v _277_/Y (sky130_fd_sc_hd__nand3_1)
   0.000    2.808 v _389_/DE (sky130_fd_sc_hd__edfxtp_1)
            2.808   data arrival time

   3.826    3.826   clock clk (rise edge)
   0.000    3.826   clock network delay (ideal)
   0.000    3.826   clock reconvergence pessimism
            3.826 ^ _389_/CLK (sky130_fd_sc_hd__edfxtp_1)
  -0.377    3.449   library setup time
            3.449   data required time
-----------------------------------------------------------
            3.449   data required time
           -2.808   data arrival time
-----------------------------------------------------------
            0.641   slack (MET)


