---CLOCK:clk---
Startpoint: byte_controller/bit_controller/_433_
            (rising edge-triggered flip-flop clocked by clk)
Endpoint: byte_controller/bit_controller/_432_
          (rising edge-triggered flip-flop clocked by clk)
Path Group: clk
Path Type: max

   Delay     Time   Description
-----------------------------------------------------------
   0.000    0.000   clock clk (rise edge)
   0.000    0.000   clock network delay (ideal)
   0.000    0.000 ^ byte_controller/bit_controller/_433_/CLK (sky130_fd_sc_hd__dfrtp_1)
   0.389    0.389 v byte_controller/bit_controller/_433_/Q (sky130_fd_sc_hd__dfrtp_1)
   0.587    0.976 v byte_controller/bit_controller/_285_/X (sky130_fd_sc_hd__or4_4)
   0.187    1.164 ^ byte_controller/bit_controller/_286_/Y (sky130_fd_sc_hd__nor4_4)
   0.280    1.444 ^ byte_controller/bit_controller/_287_/Y (sky130_fd_sc_hd__nor4b_4)
   0.442    1.886 v byte_controller/bit_controller/_288_/X (sky130_fd_sc_hd__or4b_1)
   0.169    2.055 v byte_controller/bit_controller/_289_/X (sky130_fd_sc_hd__buf_2)
   0.339    2.394 ^ byte_controller/bit_controller/_290_/Y (sky130_fd_sc_hd__o41ai_4)
   0.227    2.621 ^ byte_controller/bit_controller/_359_/X (sky130_fd_sc_hd__and3_1)
   0.145    2.766 ^ byte_controller/bit_controller/_360_/X (sky130_fd_sc_hd__buf_6)
   0.135    2.901 ^ byte_controller/bit_controller/_427_/X (sky130_fd_sc_hd__a22o_1)
   0.000    2.901 ^ byte_controller/bit_controller/_432_/D (sky130_fd_sc_hd__dfrtp_1)
            2.901   data arrival time

   3.550    3.550   clock clk (rise edge)
   0.000    3.550   clock network delay (ideal)
   0.000    3.550   clock reconvergence pessimism
            3.550 ^ byte_controller/bit_controller/_432_/CLK (sky130_fd_sc_hd__dfrtp_1)
  -0.066    3.484   library setup time
            3.484   data required time
-----------------------------------------------------------
            3.484   data required time
           -2.901   data arrival time
-----------------------------------------------------------
            0.583   slack (MET)


