---CLOCK:clk---
Startpoint: _377_ (rising edge-triggered flip-flop clocked by clk)
Endpoint: _412_ (rising edge-triggered flip-flop clocked by clk)
Path Group: clk
Path Type: max

Fanout    Delay     Time   Description
-----------------------------------------------------------------
          0.000    0.000   clock clk (rise edge)
          0.000    0.000   clock network delay (ideal)
          0.000    0.000 ^ _377_/CLK (sky130_fd_sc_hd__edfxtp_1)
     5    0.403    0.403 v _377_/Q (sky130_fd_sc_hd__edfxtp_1)
     5    0.601    1.005 v _184_/X (sky130_fd_sc_hd__or4_1)
     5    0.498    1.502 v _186_/X (sky130_fd_sc_hd__or4_1)
     7    0.525    2.027 v _188_/X (sky130_fd_sc_hd__or4_1)
    20    1.740    3.767 ^ _287_/Y (sky130_fd_sc_hd__o41ai_1)
     1    0.129    3.896 v _357_/Y (sky130_fd_sc_hd__a21oi_1)
     1    0.260    4.157 ^ _359_/Y (sky130_fd_sc_hd__a211oi_1)
          0.000    4.157 ^ _412_/D (sky130_fd_sc_hd__dfxtp_1)
                   4.157   data arrival time

          3.826    3.826   clock clk (rise edge)
          0.000    3.826   clock network delay (ideal)
          0.000    3.826   clock reconvergence pessimism
                   3.826 ^ _412_/CLK (sky130_fd_sc_hd__dfxtp_1)
         -0.094    3.732   library setup time
                   3.732   data required time
-----------------------------------------------------------------
                   3.732   data required time
                  -4.157   data arrival time
-----------------------------------------------------------------
                  -0.425   slack (VIOLATED)


