SBY  9:52:05 [parent_variant_onehot] Removing directory '/mnt/c/Users/toshn/Projects/slacksmith-benchmark/experiments/invariant_obligation/tv80/parent_variant_onehot'.
SBY  9:52:05 [parent_variant_onehot] Copy '/mnt/c/Users/toshn/Projects/slacksmith-benchmark/experiments/invariant_obligation/tv80/../../depth_tv80/results/run1/online_variants/O1_tv80_mcode.v' to '/mnt/c/Users/toshn/Projects/slacksmith-benchmark/experiments/invariant_obligation/tv80/parent_variant_onehot/src/O1_tv80_mcode.v'.
SBY  9:52:05 [parent_variant_onehot] Copy '/mnt/c/Users/toshn/Projects/slacksmith-benchmark/experiments/invariant_obligation/tv80/parent_inv.sv' to '/mnt/c/Users/toshn/Projects/slacksmith-benchmark/experiments/invariant_obligation/tv80/parent_variant_onehot/src/parent_inv.sv'.
SBY  9:52:06 [parent_variant_onehot] engine_0: smtbmc yices
SBY  9:52:06 [parent_variant_onehot] base: starting process "cd parent_variant_onehot/src; yosys -ql ../model/design.log ../model/design.ys"
SBY  9:52:06 [parent_variant_onehot] base: Warning: Encountered `translate_off' comment! Such legacy hot comments are supported by Yosys, but are not part of any formal language specification. Using a portable and standards-compliant construct such as `ifdef is recommended!
SBY  9:52:08 [parent_variant_onehot] base: finished (returncode=0)
SBY  9:52:08 [parent_variant_onehot] prep: starting process "cd parent_variant_onehot/model; yosys -ql design_prep.log design_prep.ys"
SBY  9:52:09 [parent_variant_onehot] prep: finished (returncode=0)
SBY  9:52:09 [parent_variant_onehot] smt2: starting process "cd parent_variant_onehot/model; yosys -ql design_smt2.log design_smt2.ys"
SBY  9:52:09 [parent_variant_onehot] smt2: finished (returncode=0)
SBY  9:52:09 [parent_variant_onehot] engine_0.basecase: starting process "cd parent_variant_onehot; yosys-smtbmc -s yices --presat --unroll --noprogress -t 24  --append 0 --dump-vcd engine_0/trace.vcd --dump-yw engine_0/trace.yw --dump-vlogtb engine_0/trace_tb.v --dump-smtc engine_0/trace.smtc model/design_smt2.smt2"
SBY  9:52:09 [parent_variant_onehot] engine_0.induction: starting process "cd parent_variant_onehot; yosys-smtbmc -s yices --presat --unroll -i --noprogress -t 24  --append 0 --dump-vcd engine_0/trace_induct.vcd --dump-yw engine_0/trace_induct.yw --dump-vlogtb engine_0/trace_induct_tb.v --dump-smtc engine_0/trace_induct.smtc model/design_smt2.smt2"
SBY  9:52:09 [parent_variant_onehot] engine_0.basecase: ##   0:00:00  Solver: yices
SBY  9:52:09 [parent_variant_onehot] engine_0.induction: ##   0:00:00  Solver: yices
SBY  9:52:09 [parent_variant_onehot] engine_0.basecase: ##   0:00:00  Checking assumptions in step 0..
SBY  9:52:09 [parent_variant_onehot] engine_0.induction: ##   0:00:00  Trying induction in step 24..
SBY  9:52:09 [parent_variant_onehot] engine_0.induction: ##   0:00:00  Temporal induction successful.
SBY  9:52:09 [parent_variant_onehot] engine_0.induction: ##   0:00:00  Status: passed
SBY  9:52:09 [parent_variant_onehot] engine_0.basecase: ##   0:00:00  Checking assertions in step 0..
SBY  9:52:09 [parent_variant_onehot] engine_0.induction: finished (returncode=0)
SBY  9:52:09 [parent_variant_onehot] engine_0.induction: Status returned by engine for induction: pass
SBY  9:52:09 [parent_variant_onehot] engine_0.basecase: ##   0:00:00  Checking assumptions in step 1..
SBY  9:52:09 [parent_variant_onehot] engine_0.basecase: ##   0:00:00  Checking assertions in step 1..
SBY  9:52:10 [parent_variant_onehot] engine_0.basecase: ##   0:00:00  Checking assumptions in step 2..
SBY  9:52:10 [parent_variant_onehot] engine_0.basecase: ##   0:00:00  Checking assertions in step 2..
SBY  9:52:10 [parent_variant_onehot] engine_0.basecase: ##   0:00:00  Checking assumptions in step 3..
SBY  9:52:10 [parent_variant_onehot] engine_0.basecase: ##   0:00:00  Checking assertions in step 3..
SBY  9:52:10 [parent_variant_onehot] engine_0.basecase: ##   0:00:00  Checking assumptions in step 4..
SBY  9:52:10 [parent_variant_onehot] engine_0.basecase: ##   0:00:00  Checking assertions in step 4..
SBY  9:52:10 [parent_variant_onehot] engine_0.basecase: ##   0:00:00  Checking assumptions in step 5..
SBY  9:52:10 [parent_variant_onehot] engine_0.basecase: ##   0:00:00  Checking assertions in step 5..
SBY  9:52:10 [parent_variant_onehot] engine_0.basecase: ##   0:00:01  Checking assumptions in step 6..
SBY  9:52:10 [parent_variant_onehot] engine_0.basecase: ##   0:00:01  Checking assertions in step 6..
SBY  9:52:10 [parent_variant_onehot] engine_0.basecase: ##   0:00:01  Checking assumptions in step 7..
SBY  9:52:10 [parent_variant_onehot] engine_0.basecase: ##   0:00:01  Checking assertions in step 7..
SBY  9:52:10 [parent_variant_onehot] engine_0.basecase: ##   0:00:01  Checking assumptions in step 8..
SBY  9:52:10 [parent_variant_onehot] engine_0.basecase: ##   0:00:01  Checking assertions in step 8..
SBY  9:52:10 [parent_variant_onehot] engine_0.basecase: ##   0:00:01  Checking assumptions in step 9..
SBY  9:52:11 [parent_variant_onehot] engine_0.basecase: ##   0:00:01  Checking assertions in step 9..
SBY  9:52:11 [parent_variant_onehot] engine_0.basecase: ##   0:00:01  Checking assumptions in step 10..
SBY  9:52:11 [parent_variant_onehot] engine_0.basecase: ##   0:00:01  Checking assertions in step 10..
SBY  9:52:11 [parent_variant_onehot] engine_0.basecase: ##   0:00:01  Checking assumptions in step 11..
SBY  9:52:11 [parent_variant_onehot] engine_0.basecase: ##   0:00:01  Checking assertions in step 11..
SBY  9:52:11 [parent_variant_onehot] engine_0.basecase: ##   0:00:01  Checking assumptions in step 12..
SBY  9:52:11 [parent_variant_onehot] engine_0.basecase: ##   0:00:02  Checking assertions in step 12..
SBY  9:52:11 [parent_variant_onehot] engine_0.basecase: ##   0:00:02  Checking assumptions in step 13..
SBY  9:52:11 [parent_variant_onehot] engine_0.basecase: ##   0:00:02  Checking assertions in step 13..
SBY  9:52:11 [parent_variant_onehot] engine_0.basecase: ##   0:00:02  Checking assumptions in step 14..
SBY  9:52:11 [parent_variant_onehot] engine_0.basecase: ##   0:00:02  Checking assertions in step 14..
SBY  9:52:11 [parent_variant_onehot] engine_0.basecase: ##   0:00:02  Checking assumptions in step 15..
SBY  9:52:11 [parent_variant_onehot] engine_0.basecase: ##   0:00:02  Checking assertions in step 15..
SBY  9:52:12 [parent_variant_onehot] engine_0.basecase: ##   0:00:02  Checking assumptions in step 16..
SBY  9:52:12 [parent_variant_onehot] engine_0.basecase: ##   0:00:02  Checking assertions in step 16..
SBY  9:52:12 [parent_variant_onehot] engine_0.basecase: ##   0:00:02  Checking assumptions in step 17..
SBY  9:52:12 [parent_variant_onehot] engine_0.basecase: ##   0:00:02  Checking assertions in step 17..
SBY  9:52:12 [parent_variant_onehot] engine_0.basecase: ##   0:00:02  Checking assumptions in step 18..
SBY  9:52:12 [parent_variant_onehot] engine_0.basecase: ##   0:00:03  Checking assertions in step 18..
SBY  9:52:12 [parent_variant_onehot] engine_0.basecase: ##   0:00:03  Checking assumptions in step 19..
SBY  9:52:12 [parent_variant_onehot] engine_0.basecase: ##   0:00:03  Checking assertions in step 19..
SBY  9:52:12 [parent_variant_onehot] engine_0.basecase: ##   0:00:03  Checking assumptions in step 20..
SBY  9:52:12 [parent_variant_onehot] engine_0.basecase: ##   0:00:03  Checking assertions in step 20..
SBY  9:52:13 [parent_variant_onehot] engine_0.basecase: ##   0:00:03  Checking assumptions in step 21..
SBY  9:52:13 [parent_variant_onehot] engine_0.basecase: ##   0:00:03  Checking assertions in step 21..
SBY  9:52:13 [parent_variant_onehot] engine_0.basecase: ##   0:00:03  Checking assumptions in step 22..
SBY  9:52:13 [parent_variant_onehot] engine_0.basecase: ##   0:00:03  Checking assertions in step 22..
SBY  9:52:13 [parent_variant_onehot] engine_0.basecase: ##   0:00:03  Checking assumptions in step 23..
SBY  9:52:13 [parent_variant_onehot] engine_0.basecase: ##   0:00:03  Checking assertions in step 23..
SBY  9:52:13 [parent_variant_onehot] engine_0.basecase: ##   0:00:04  Status: passed
SBY  9:52:13 [parent_variant_onehot] engine_0.basecase: finished (returncode=0)
SBY  9:52:13 [parent_variant_onehot] engine_0.basecase: Status returned by engine for basecase: pass
SBY  9:52:13 [parent_variant_onehot] summary: Elapsed clock time [H:MM:SS (secs)]: 0:00:07 (7)
SBY  9:52:13 [parent_variant_onehot] summary: Elapsed process time [H:MM:SS (secs)]: 0:00:07 (7)
SBY  9:52:13 [parent_variant_onehot] summary: engine_0 (smtbmc yices) returned pass for basecase
SBY  9:52:13 [parent_variant_onehot] summary: engine_0 (smtbmc yices) returned pass for induction
SBY  9:52:13 [parent_variant_onehot] summary: engine_0 did not produce any traces
SBY  9:52:13 [parent_variant_onehot] summary: successful proof by k-induction.
SBY  9:52:13 [parent_variant_onehot] DONE (PASS, rc=0)
