SBY  9:57:10 [child_hint] Removing directory '/mnt/c/Users/toshn/Projects/slacksmith-benchmark/experiments/invariant_obligation/tv80/child_hint'.
SBY  9:57:10 [child_hint] Copy '/mnt/c/Users/toshn/Projects/slacksmith-benchmark/experiments/invariant_obligation/tv80/gold_mcode.v' to '/mnt/c/Users/toshn/Projects/slacksmith-benchmark/experiments/invariant_obligation/tv80/child_hint/src/gold_mcode.v'.
SBY  9:57:10 [child_hint] Copy '/mnt/c/Users/toshn/Projects/slacksmith-benchmark/experiments/invariant_obligation/tv80/gate_mcode.v' to '/mnt/c/Users/toshn/Projects/slacksmith-benchmark/experiments/invariant_obligation/tv80/child_hint/src/gate_mcode.v'.
SBY  9:57:10 [child_hint] Copy '/mnt/c/Users/toshn/Projects/slacksmith-benchmark/experiments/invariant_obligation/tv80/broken_mcode.v' to '/mnt/c/Users/toshn/Projects/slacksmith-benchmark/experiments/invariant_obligation/tv80/child_hint/src/broken_mcode.v'.
SBY  9:57:10 [child_hint] Copy '/mnt/c/Users/toshn/Projects/slacksmith-benchmark/experiments/invariant_obligation/tv80/gate3_mcode.v' to '/mnt/c/Users/toshn/Projects/slacksmith-benchmark/experiments/invariant_obligation/tv80/child_hint/src/gate3_mcode.v'.
SBY  9:57:10 [child_hint] Copy '/mnt/c/Users/toshn/Projects/slacksmith-benchmark/experiments/invariant_obligation/tv80/hint_mcode.v' to '/mnt/c/Users/toshn/Projects/slacksmith-benchmark/experiments/invariant_obligation/tv80/child_hint/src/hint_mcode.v'.
SBY  9:57:10 [child_hint] Copy '/mnt/c/Users/toshn/Projects/slacksmith-benchmark/experiments/invariant_obligation/tv80/hint_broken_mcode.v' to '/mnt/c/Users/toshn/Projects/slacksmith-benchmark/experiments/invariant_obligation/tv80/child_hint/src/hint_broken_mcode.v'.
SBY  9:57:10 [child_hint] Copy '/mnt/c/Users/toshn/Projects/slacksmith-benchmark/experiments/invariant_obligation/tv80/child_miter.sv' to '/mnt/c/Users/toshn/Projects/slacksmith-benchmark/experiments/invariant_obligation/tv80/child_hint/src/child_miter.sv'.
SBY  9:57:10 [child_hint] engine_0: smtbmc yices
SBY  9:57:11 [child_hint] base: starting process "cd child_hint/src; yosys -ql ../model/design.log ../model/design.ys"
SBY  9:57:14 [child_hint] base: finished (returncode=0)
SBY  9:57:14 [child_hint] prep: starting process "cd child_hint/model; yosys -ql design_prep.log design_prep.ys"
SBY  9:57:15 [child_hint] prep: finished (returncode=0)
SBY  9:57:15 [child_hint] smt2: starting process "cd child_hint/model; yosys -ql design_smt2.log design_smt2.ys"
SBY  9:57:15 [child_hint] smt2: finished (returncode=0)
SBY  9:57:15 [child_hint] engine_0.basecase: starting process "cd child_hint; yosys-smtbmc -s yices --presat --unroll --noprogress -t 20  --append 0 --dump-vcd engine_0/trace.vcd --dump-yw engine_0/trace.yw --dump-vlogtb engine_0/trace_tb.v --dump-smtc engine_0/trace.smtc model/design_smt2.smt2"
SBY  9:57:15 [child_hint] engine_0.induction: starting process "cd child_hint; yosys-smtbmc -s yices --presat --unroll -i --noprogress -t 20  --append 0 --dump-vcd engine_0/trace_induct.vcd --dump-yw engine_0/trace_induct.yw --dump-vlogtb engine_0/trace_induct_tb.v --dump-smtc engine_0/trace_induct.smtc model/design_smt2.smt2"
SBY  9:57:15 [child_hint] engine_0.basecase: ##   0:00:00  Solver: yices
SBY  9:57:15 [child_hint] engine_0.induction: ##   0:00:00  Solver: yices
SBY  9:57:15 [child_hint] engine_0.basecase: ##   0:00:00  Checking assumptions in step 0..
SBY  9:57:15 [child_hint] engine_0.basecase: ##   0:00:00  Checking assertions in step 0..
SBY  9:57:15 [child_hint] engine_0.induction: ##   0:00:00  Trying induction in step 20..
SBY  9:57:16 [child_hint] engine_0.induction: ##   0:00:00  Temporal induction successful.
SBY  9:57:16 [child_hint] engine_0.induction: ##   0:00:00  Status: passed
SBY  9:57:16 [child_hint] engine_0.induction: finished (returncode=0)
SBY  9:57:16 [child_hint] engine_0.induction: Status returned by engine for induction: pass
SBY  9:57:16 [child_hint] engine_0.basecase: ##   0:00:00  Checking assumptions in step 1..
SBY  9:57:16 [child_hint] engine_0.basecase: ##   0:00:00  Checking assertions in step 1..
SBY  9:57:16 [child_hint] engine_0.basecase: ##   0:00:01  Checking assumptions in step 2..
SBY  9:57:16 [child_hint] engine_0.basecase: ##   0:00:01  Checking assertions in step 2..
SBY  9:57:16 [child_hint] engine_0.basecase: ##   0:00:01  Checking assumptions in step 3..
SBY  9:57:16 [child_hint] engine_0.basecase: ##   0:00:01  Checking assertions in step 3..
SBY  9:57:17 [child_hint] engine_0.basecase: ##   0:00:01  Checking assumptions in step 4..
SBY  9:57:17 [child_hint] engine_0.basecase: ##   0:00:01  Checking assertions in step 4..
SBY  9:57:17 [child_hint] engine_0.basecase: ##   0:00:02  Checking assumptions in step 5..
SBY  9:57:17 [child_hint] engine_0.basecase: ##   0:00:02  Checking assertions in step 5..
SBY  9:57:17 [child_hint] engine_0.basecase: ##   0:00:02  Checking assumptions in step 6..
SBY  9:57:17 [child_hint] engine_0.basecase: ##   0:00:02  Checking assertions in step 6..
SBY  9:57:18 [child_hint] engine_0.basecase: ##   0:00:02  Checking assumptions in step 7..
SBY  9:57:18 [child_hint] engine_0.basecase: ##   0:00:02  Checking assertions in step 7..
SBY  9:57:18 [child_hint] engine_0.basecase: ##   0:00:03  Checking assumptions in step 8..
SBY  9:57:18 [child_hint] engine_0.basecase: ##   0:00:03  Checking assertions in step 8..
SBY  9:57:18 [child_hint] engine_0.basecase: ##   0:00:03  Checking assumptions in step 9..
SBY  9:57:18 [child_hint] engine_0.basecase: ##   0:00:03  Checking assertions in step 9..
SBY  9:57:19 [child_hint] engine_0.basecase: ##   0:00:03  Checking assumptions in step 10..
SBY  9:57:19 [child_hint] engine_0.basecase: ##   0:00:03  Checking assertions in step 10..
SBY  9:57:19 [child_hint] engine_0.basecase: ##   0:00:04  Checking assumptions in step 11..
SBY  9:57:19 [child_hint] engine_0.basecase: ##   0:00:04  Checking assertions in step 11..
SBY  9:57:19 [child_hint] engine_0.basecase: ##   0:00:04  Checking assumptions in step 12..
SBY  9:57:19 [child_hint] engine_0.basecase: ##   0:00:04  Checking assertions in step 12..
SBY  9:57:20 [child_hint] engine_0.basecase: ##   0:00:04  Checking assumptions in step 13..
SBY  9:57:20 [child_hint] engine_0.basecase: ##   0:00:04  Checking assertions in step 13..
SBY  9:57:20 [child_hint] engine_0.basecase: ##   0:00:05  Checking assumptions in step 14..
SBY  9:57:20 [child_hint] engine_0.basecase: ##   0:00:05  Checking assertions in step 14..
SBY  9:57:21 [child_hint] engine_0.basecase: ##   0:00:05  Checking assumptions in step 15..
SBY  9:57:21 [child_hint] engine_0.basecase: ##   0:00:05  Checking assertions in step 15..
SBY  9:57:21 [child_hint] engine_0.basecase: ##   0:00:05  Checking assumptions in step 16..
SBY  9:57:21 [child_hint] engine_0.basecase: ##   0:00:05  Checking assertions in step 16..
SBY  9:57:21 [child_hint] engine_0.basecase: ##   0:00:06  Checking assumptions in step 17..
SBY  9:57:21 [child_hint] engine_0.basecase: ##   0:00:06  Checking assertions in step 17..
SBY  9:57:22 [child_hint] engine_0.basecase: ##   0:00:06  Checking assumptions in step 18..
SBY  9:57:22 [child_hint] engine_0.basecase: ##   0:00:06  Checking assertions in step 18..
SBY  9:57:22 [child_hint] engine_0.basecase: ##   0:00:07  Checking assumptions in step 19..
SBY  9:57:22 [child_hint] engine_0.basecase: ##   0:00:07  Checking assertions in step 19..
SBY  9:57:22 [child_hint] engine_0.basecase: ##   0:00:07  Status: passed
SBY  9:57:22 [child_hint] engine_0.basecase: finished (returncode=0)
SBY  9:57:22 [child_hint] engine_0.basecase: Status returned by engine for basecase: pass
SBY  9:57:23 [child_hint] summary: Elapsed clock time [H:MM:SS (secs)]: 0:00:12 (12)
SBY  9:57:23 [child_hint] summary: Elapsed process time [H:MM:SS (secs)]: 0:00:12 (12)
SBY  9:57:23 [child_hint] summary: engine_0 (smtbmc yices) returned pass for basecase
SBY  9:57:23 [child_hint] summary: engine_0 (smtbmc yices) returned pass for induction
SBY  9:57:23 [child_hint] summary: engine_0 did not produce any traces
SBY  9:57:23 [child_hint] summary: successful proof by k-induction.
SBY  9:57:23 [child_hint] DONE (PASS, rc=0)
