---CLOCK:clk---
Startpoint: uut_tx_block/_397_ (rising edge-triggered flip-flop clocked by clk)
Endpoint: uut_tx_block/_451_ (rising edge-triggered flip-flop clocked by clk)
Path Group: clk
Path Type: max

   Delay     Time   Description
-----------------------------------------------------------
   0.000    0.000   clock clk (rise edge)
   0.000    0.000   clock network delay (ideal)
   0.000    0.000 ^ uut_tx_block/_397_/CLK (sky130_fd_sc_hd__dfrtp_1)
   0.459    0.459 ^ uut_tx_block/_397_/Q (sky130_fd_sc_hd__dfrtp_1)
   0.463    0.922 v uut_tx_block/_198_/Y (sky130_fd_sc_hd__inv_2)
   1.940    2.862 ^ uut_tx_block/_208_/Y (sky130_fd_sc_hd__nor3b_1)
   0.146    3.008 v uut_tx_block/_378_/Y (sky130_fd_sc_hd__a22oi_1)
   0.223    3.231 ^ uut_tx_block/_380_/Y (sky130_fd_sc_hd__o21ai_0)
   0.000    3.231 ^ uut_tx_block/_451_/D (sky130_fd_sc_hd__dfrtp_1)
            3.231   data arrival time

   5.233    5.233   clock clk (rise edge)
   0.000    5.233   clock network delay (ideal)
   0.000    5.233   clock reconvergence pessimism
            5.233 ^ uut_tx_block/_451_/CLK (sky130_fd_sc_hd__dfrtp_1)
  -0.088    5.145   library setup time
            5.145   data required time
-----------------------------------------------------------
            5.145   data required time
           -3.231   data arrival time
-----------------------------------------------------------
            1.914   slack (MET)


