
 /----------------------------------------------------------------------------\
 |  yosys -- Yosys Open SYnthesis Suite                                       |
 |  Copyright (C) 2012 - 2026  Claire Xenia Wolf <claire@yosyshq.com>         |
 |  Distributed under an ISC-like license, type "license" to see terms        |
 \----------------------------------------------------------------------------/
 Yosys 0.67+94 (git sha1 7defa5186-dirty, Release, Clang /usr/bin/clang++ 18.1.8)

-- Executing script file `run.ys' --

1. Executing Verilog-2005 frontend: ../../../partitions/rv32i_core_gold.alu_out.sv
Parsing SystemVerilog input from `../../../partitions/rv32i_core_gold.alu_out.sv' to AST representation.
Generating RTLIL representation for module `\miter'.
Generating RTLIL representation for module `\miter_cmp_prop'.
Generating RTLIL representation for module `\miter_def_prop'.
Generating RTLIL representation for module `\gold.rv32i_core_gold.alu_out'.
Generating RTLIL representation for module `\gate.rv32i_core_gold.alu_out'.
Successfully finished Verilog frontend.

2. Executing RTLIL frontend.
Input filename: ../../../partitions/rv32i_core_gold.alu_out.il
Replacing existing blackbox module \gold.rv32i_core_gold.alu_out.
Replacing existing blackbox module \gate.rv32i_core_gold.alu_out.

3. Executing HIERARCHY pass (managing design hierarchy).

3.1. Analyzing design hierarchy..
Top module:  \miter
Used module:     \miter_cmp_prop
Used module:     \gate.rv32i_core_gold.alu_out
Used module:     \gold.rv32i_core_gold.alu_out
Parameter 1 (\WIDTH) = 32
Parameter 2 (\TYPE) = 48'011000010111001101110011011001010111001001110100

3.2. Executing AST frontend in derive mode using pre-parsed AST for module `\miter_cmp_prop'.
Parameter 1 (\WIDTH) = 32
Parameter 2 (\TYPE) = 48'011000010111001101110011011001010111001001110100
Generating RTLIL representation for module `$paramod$dc6112da5e309380db8d78316bddc0771987b5cd\miter_cmp_prop'.

3.3. Analyzing design hierarchy..
Top module:  \miter
Used module:     $paramod$dc6112da5e309380db8d78316bddc0771987b5cd\miter_cmp_prop
Used module:     \gate.rv32i_core_gold.alu_out
Used module:     \gold.rv32i_core_gold.alu_out

3.4. Analyzing design hierarchy..
Top module:  \miter
Used module:     $paramod$dc6112da5e309380db8d78316bddc0771987b5cd\miter_cmp_prop
Used module:     \gate.rv32i_core_gold.alu_out
Used module:     \gold.rv32i_core_gold.alu_out
Removing unused module `\miter_def_prop'.
Removing unused module `\miter_cmp_prop'.
Removed 2 unused modules.
Module $paramod$dc6112da5e309380db8d78316bddc0771987b5cd\miter_cmp_prop directly or indirectly contains formal properties -> setting "keep" attribute.
Module miter directly or indirectly contains formal properties -> setting "keep" attribute.
Mapping positional arguments of cell miter.__po_alu_out__assert ($paramod$dc6112da5e309380db8d78316bddc0771987b5cd\miter_cmp_prop).

4. Executing PROC pass (convert processes to netlists).

4.1. Executing PROC_CLEAN pass (remove empty switches from decision trees).
Cleaned up 0 empty switches.

4.2. Executing PROC_RMDEAD pass (remove dead branches from decision trees).
Removed a total of 0 dead cases.

4.3. Executing PROC_PRUNE pass (remove redundant assignments in processes).
Removed 1 redundant assignment.
Promoted 3 assignments to connections.

4.4. Executing PROC_INIT pass (extract init attributes).

4.5. Executing PROC_ARST pass (detect async resets in processes).

4.6. Executing PROC_ROM pass (convert switches to ROMs).
Converted 0 switches.

4.7. Executing PROC_MUX pass (convert decision trees to multiplexers).
Creating decoders for process `$paramod$dc6112da5e309380db8d78316bddc0771987b5cd\miter_cmp_prop.$proc$../../../partitions/rv32i_core_gold.alu_out.sv:78$2448'.
Creating decoders for process `$paramod$dc6112da5e309380db8d78316bddc0771987b5cd\miter_cmp_prop.$proc$../../../partitions/rv32i_core_gold.alu_out.sv:72$2319'.

4.8. Executing PROC_DLATCH pass (convert process syncs to latches).
No latch inferred for signal `$paramod$dc6112da5e309380db8d78316bddc0771987b5cd\miter_cmp_prop.\i' from process `$paramod$dc6112da5e309380db8d78316bddc0771987b5cd\miter_cmp_prop.$proc$../../../partitions/rv32i_core_gold.alu_out.sv:72$2319'.
No latch inferred for signal `$paramod$dc6112da5e309380db8d78316bddc0771987b5cd\miter_cmp_prop.\okay' from process `$paramod$dc6112da5e309380db8d78316bddc0771987b5cd\miter_cmp_prop.$proc$../../../partitions/rv32i_core_gold.alu_out.sv:72$2319'.

4.9. Executing PROC_DFF pass (convert process syncs to FFs).

4.10. Executing PROC_MEMWR pass (convert process memory writes to cells).

4.11. Executing PROC_CLEAN pass (remove empty switches from decision trees).
Removing empty process `$paramod$dc6112da5e309380db8d78316bddc0771987b5cd\miter_cmp_prop.$proc$../../../partitions/rv32i_core_gold.alu_out.sv:78$2448'.
Removing empty process `$paramod$dc6112da5e309380db8d78316bddc0771987b5cd\miter_cmp_prop.$proc$../../../partitions/rv32i_core_gold.alu_out.sv:72$2319'.
Cleaned up 0 empty switches.

4.12. Executing OPT_EXPR pass (perform const folding).
Optimizing module gold.rv32i_core_gold.alu_out.
Optimizing module $paramod$dc6112da5e309380db8d78316bddc0771987b5cd\miter_cmp_prop.
<suppressed ~1 debug messages>
Optimizing module gate.rv32i_core_gold.alu_out.
Optimizing module miter.

5. Executing ASYNC2SYNC pass.

6. Executing FORMALFF pass.

7. Executing SETUNDEF pass (replace undef values with defined constants).

8. Executing FLATTEN pass (flatten design).
Deleting now unused module gold.rv32i_core_gold.alu_out.
Deleting now unused module $paramod$dc6112da5e309380db8d78316bddc0771987b5cd\miter_cmp_prop.
Deleting now unused module gate.rv32i_core_gold.alu_out.
<suppressed ~3 debug messages>

9. Executing DFFUNMAP pass (unmap clock enable and synchronous reset from FFs).

10. Executing OPT_EXPR pass (perform const folding).
Optimizing module miter.
<suppressed ~1 debug messages>

11. Executing OPT_CLEAN pass (remove unused cells and wires).
Finding unused cells or wires in module \miter..
Removed 1 unused cells and 7 unused wires.
<suppressed ~2 debug messages>

12. Executing SAT pass (solving SAT problems in the circuit).
Using SAT solver `minisat`.

Setting up time step 1:
Final constraint equation: { } = { }
Import def constraint for this timestep: \__pi_retire_insn__30
Import def constraint for this timestep: \__pi_retire_insn__14_12
Import def constraint for this timestep: \__pi_shamt
Import def constraint for this timestep: \__pi_retire_insn__6_0
Import def constraint for this timestep: \__pi_a
Import def constraint for this timestep: \__pi_alu_b
Imported 188 cells to SAT database.
Import proof for assert: \__po_alu_out__assert.okay when 1'1.

** Trying induction with length 1 **

Setting up time step 1:
Final constraint equation: { } = { }
Import def constraint for this timestep: \__pi_retire_insn__30
Import def constraint for this timestep: \__pi_retire_insn__14_12
Import def constraint for this timestep: \__pi_shamt
Import def constraint for this timestep: \__pi_retire_insn__6_0
Import def constraint for this timestep: \__pi_a
Import def constraint for this timestep: \__pi_alu_b
Imported 188 cells to SAT database.
No constraints for initial state found.

Import proof for assert: \__po_alu_out__assert.okay when 1'1.
Import show expression: \__po_alu_out__assert.i
Import show expression: \__po_alu_out__assert.okay
Import show expression: \__po_alu_out__assert.in_gate
Import show expression: \__po_alu_out__assert.in_gold
Import show expression: \gate.alu_out
Import show expression: \gate.r_and
Import show expression: \gate.f3_oh
Import show expression: \gate.r_or
Import show expression: \gate.r_shr
Import show expression: \gate.r_xor
Import show expression: \gate.r_sltu
Import show expression: \gate.r_slt
Import show expression: \gate.r_sll
Import show expression: \gate.shamt
Import show expression: \gate.r_add
Import show expression: \gate.retire_insn
Import show expression: \gate.alu_b
Import show expression: \gate.a
Import show expression: \gate.__pi_a
Import show expression: \gate.__pi_alu_b
Import show expression: \gate.__pi_retire_insn__6_0
Import show expression: \gate.__pi_retire_insn__14_12
Import show expression: \gate.__pi_retire_insn__30
Import show expression: \gate.__pi_shamt
Import show expression: \gate.__po_alu_out
Import show expression: \gold.alu_out
Import show expression: \gold.shamt
Import show expression: \gold.retire_insn
Import show expression: \gold.alu_b
Import show expression: \gold.a
Import show expression: \gold.__pi_a
Import show expression: \gold.__pi_alu_b
Import show expression: \gold.__pi_retire_insn__6_0
Import show expression: \gold.__pi_retire_insn__14_12
Import show expression: \gold.__pi_retire_insn__30
Import show expression: \gold.__pi_shamt
Import show expression: \gold.__po_alu_out
Import show expression: \__po_alu_out__gate
Import show expression: \__po_alu_out__gold
Import show expression: \__pi_shamt
Import show expression: \__pi_retire_insn__30
Import show expression: \__pi_retire_insn__14_12
Import show expression: \__pi_retire_insn__6_0
Import show expression: \__pi_alu_b
Import show expression: \__pi_a

[base case 1] Solving problem with 27201 variables and 73318 clauses..
SAT temporal induction proof finished - model found for base case: FAIL!

   ______                   ___       ___       _ _            _ _ 
  (_____ \                 / __)     / __)     (_) |          | | |
   _____) )___ ___   ___ _| |__    _| |__ _____ _| | _____  __| | |
  |  ____/ ___) _ \ / _ (_   __)  (_   __|____ | | || ___ |/ _  |_|
  | |   | |  | |_| | |_| || |       | |  / ___ | | || ____( (_| |_ 
  |_|   |_|   \___/ \___/ |_|       |_|  \_____|_|\_)_____)\____|_|


  Time Signal Name                                Dec       Hex                                 Bin
  ---- ---------------------------------- ----------- --------- -----------------------------------
     1 \__pi_a                            -1374030331  ae19f605    10101110000110011111011000000101
     1 \__pi_alu_b                         -775550470  d1c609fa    11010001110001100000100111111010
     1 \__pi_retire_insn__14_12                     5         5                                 101
     1 \__pi_retire_insn__30                        1         1                                   1
     1 \__pi_retire_insn__6_0                     115        73                             1110011
     1 \__pi_shamt                                  7         7                               00111
     1 \__po_alu_out__assert.i                     32        20    00000000000000000000000000100000
     1 \__po_alu_out__assert.in_gate         22819820   15c33ec    00000001010111000011001111101100
     1 \__po_alu_out__assert.in_gold        -10734612  ff5c33ec    11111111010111000011001111101100
     1 \__po_alu_out__assert.okay                   0         0                                   0
     1 \__po_alu_out__gate                   22819820   15c33ec    00000001010111000011001111101100
     1 \__po_alu_out__gold                  -10734612  ff5c33ec    11111111010111000011001111101100
     1 \gate.__pi_a                       -1374030331  ae19f605    10101110000110011111011000000101
     1 \gate.__pi_alu_b                    -775550470  d1c609fa    11010001110001100000100111111010
     1 \gate.__pi_retire_insn__14_12                5         5                                 101
     1 \gate.__pi_retire_insn__30                   1         1                                   1
     1 \gate.__pi_retire_insn__6_0                115        73                             1110011
     1 \gate.__pi_shamt                             7         7                               00111
     1 \gate.__po_alu_out                    22819820   15c33ec    00000001010111000011001111101100
     1 \gate.a                            -1374030331  ae19f605    10101110000110011111011000000101
     1 \gate.alu_b                         -775550470  d1c609fa    11010001110001100000100111111010
     1 \gate.alu_out                         22819820   15c33ec    00000001010111000011001111101100
     1 \gate.f3_oh                                 32        20                            00100000
     1 \gate.r_add                         2145386495  7fdfffff    01111111110111111111111111111111
     1 \gate.r_and                        -2147483648  80000000    10000000000000000000000000000000
     1 \gate.r_or                            -2097153  ffdfffff    11111111110111111111111111111111
     1 \gate.r_shr                           22819820   15c33ec    00000001010111000011001111101100
     1 \gate.r_sll                          217776768   cfb0280    00001100111110110000001010000000
     1 \gate.r_slt                                  1         1                                   1
     1 \gate.r_sltu                                 1         1                                   1
     1 \gate.r_xor                         2145386495  7fdfffff    01111111110111111111111111111111
     1 \gate.retire_insn                   1073762419  40005073    01000000000000000101000001110011
     1 \gate.shamt                                  7         7                               00111
     1 \gold.__pi_a                       -1374030331  ae19f605    10101110000110011111011000000101
     1 \gold.__pi_alu_b                    -775550470  d1c609fa    11010001110001100000100111111010
     1 \gold.__pi_retire_insn__14_12                5         5                                 101
     1 \gold.__pi_retire_insn__30                   1         1                                   1
     1 \gold.__pi_retire_insn__6_0                115        73                             1110011
     1 \gold.__pi_shamt                             7         7                               00111
     1 \gold.__po_alu_out                   -10734612  ff5c33ec    11111111010111000011001111101100
     1 \gold.a                            -1374030331  ae19f605    10101110000110011111011000000101
     1 \gold.alu_b                         -775550470  d1c609fa    11010001110001100000100111111010
     1 \gold.alu_out                        -10734612  ff5c33ec    11111111010111000011001111101100
     1 \gold.retire_insn                   1073762419  40005073    01000000000000000101000001110011
     1 \gold.shamt                                  7         7                               00111
Dumping SAT model to VCD file trace.vcd

End of script. Logfile hash: 6dc1efc509, time: 0.30s, user: 0.26s, system: 0.05s, MEM: 50.97 MB peak
Yosys 0.67+94 (git sha1 7defa5186-dirty, Release, Clang /usr/bin/clang++ 18.1.8)
Time spent: 92% 1x sat (0 sec), 2% 1x opt_clean (0 sec), ...
