---CLOCK:clk---
Startpoint: byte_controller/bit_controller/_394_
            (rising edge-triggered flip-flop clocked by clk)
Endpoint: byte_controller/bit_controller/_408_
          (rising edge-triggered flip-flop clocked by clk)
Path Group: clk
Path Type: max

   Delay     Time   Description
-----------------------------------------------------------
   0.000    0.000   clock clk (rise edge)
   0.000    0.000   clock network delay (ideal)
   0.000    0.000 ^ byte_controller/bit_controller/_394_/CLK (sky130_fd_sc_hd__dfrtp_1)
   0.398    0.398 v byte_controller/bit_controller/_394_/Q (sky130_fd_sc_hd__dfrtp_1)
   0.591    0.988 v byte_controller/bit_controller/_208_/X (sky130_fd_sc_hd__or4_4)
   0.196    1.185 ^ byte_controller/bit_controller/_210_/Y (sky130_fd_sc_hd__nor4_4)
   0.294    1.478 ^ byte_controller/bit_controller/_213_/Y (sky130_fd_sc_hd__nor4b_4)
   0.549    2.027 v byte_controller/bit_controller/_216_/X (sky130_fd_sc_hd__or4b_4)
   0.558    2.585 v byte_controller/bit_controller/_219_/X (sky130_fd_sc_hd__o41a_2)
   0.197    2.782 ^ byte_controller/bit_controller/_339_/Y (sky130_fd_sc_hd__o22ai_1)
   0.067    2.849 v byte_controller/bit_controller/_340_/Y (sky130_fd_sc_hd__o2bb2ai_1)
   0.000    2.849 v byte_controller/bit_controller/_408_/D (sky130_fd_sc_hd__dfrtp_1)
            2.849   data arrival time

   3.560    3.560   clock clk (rise edge)
   0.000    3.560   clock network delay (ideal)
   0.000    3.560   clock reconvergence pessimism
            3.560 ^ byte_controller/bit_controller/_408_/CLK (sky130_fd_sc_hd__dfrtp_1)
  -0.127    3.433   library setup time
            3.433   data required time
-----------------------------------------------------------
            3.433   data required time
           -2.849   data arrival time
-----------------------------------------------------------
            0.584   slack (MET)


