---CLOCK:clk---
Startpoint: fifo[0].f/_919_ (rising edge-triggered flip-flop clocked by clk)
Endpoint: fifo[0].f/_945_ (rising edge-triggered flip-flop clocked by clk)
Path Group: clk
Path Type: max

Fanout    Delay     Time   Description
-----------------------------------------------------------------
          0.000    0.000   clock clk (rise edge)
          0.000    0.000   clock network delay (ideal)
          0.000    0.000 ^ fifo[0].f/_919_/CLK (sky130_fd_sc_hd__dfxtp_1)
    36    1.340    1.340 ^ fifo[0].f/_919_/Q (sky130_fd_sc_hd__dfxtp_1)
     1    0.404    1.744 ^ fifo[0].f/_440_/X (sky130_fd_sc_hd__mux4_2)
     1    0.071    1.815 v fifo[0].f/_444_/Y (sky130_fd_sc_hd__o21ai_0)
    12    0.564    2.379 ^ fifo[0].f/_445_/Y (sky130_fd_sc_hd__o22ai_1)
     1    0.138    2.517 v fifo[0].f/_446_/Y (sky130_fd_sc_hd__clkinv_1)
     6    0.394    2.910 ^ fifo[0].f/_527_/Y (sky130_fd_sc_hd__a21oi_1)
          0.000    2.910 ^ fifo[0].f/_945_/DE (sky130_fd_sc_hd__edfxtp_1)
                   2.910   data arrival time

          2.947    2.947   clock clk (rise edge)
          0.000    2.947   clock network delay (ideal)
          0.000    2.947   clock reconvergence pessimism
                   2.947 ^ fifo[0].f/_945_/CLK (sky130_fd_sc_hd__edfxtp_1)
         -0.363    2.584   library setup time
                   2.584   data required time
-----------------------------------------------------------------
                   2.584   data required time
                  -2.910   data arrival time
-----------------------------------------------------------------
                  -0.327   slack (VIOLATED)


