G0 sdc: tv80.sdc sha256 de9c16af1484a577 11 lines, timing exceptions none
rtl files: 1 from experiments/depth_tv80/rtl_files.txt (top tv80s)
dont_use flags: 72
engine: sta   clocks: clk

=== iteration 1 ===
measure: clk=-0.894
classify clk: DEPTH_DOMINATED (fanout share 0.1602) -> rtl
  unmangled parameterised module $paramod$1a08092a55a4361642517ba6d8d0502484bd6d82\tv80_mcode -> tv80_mcode
  binding module tv80_mcode found in tv80.v (filename does not match module name)
  online proposal O1: coalesce_split_bus_field_assigns (declared k=0)
  gate O1 (coalesce_split_bus_field_assigns): G3=PASS G4=PROVEN
  G7 O1: SKIPPED (module not in the file list)
  APPLY O1 provisionally -> re-measure, confirm or revert on clk

=== iteration 2 ===
measure: clk=-1.023
  G5 total: -0.894 -> -1.023 (not improved)
  REVERT O1: clk -0.894 -> -1.023, total violation not improved. G4 passed, G5 did not.

wrote /home/toshn/slacksmith_work/survival_tv80/run4/SUMMARY.md
wrote /home/toshn/slacksmith_work/survival_tv80/run4/decisions.jsonl
exit: 0
