---CLOCK:clk---
Startpoint: uut_tx_block/_451_ (rising edge-triggered flip-flop clocked by clk)
Endpoint: uut_tx_block/_457_ (rising edge-triggered flip-flop clocked by clk)
Path Group: clk
Path Type: max

   Delay     Time   Description
-----------------------------------------------------------
   0.000    0.000   clock clk (rise edge)
   0.000    0.000   clock network delay (ideal)
   0.000    0.000 ^ uut_tx_block/_451_/CLK (sky130_fd_sc_hd__dfrtp_1)
   0.384    0.384 v uut_tx_block/_451_/Q (sky130_fd_sc_hd__dfrtp_1)
   0.650    1.034 v uut_tx_block/_216_/X (sky130_fd_sc_hd__or4_2)
   0.631    1.664 v uut_tx_block/_217_/X (sky130_fd_sc_hd__dlygate4sd3_1)
   0.547    2.211 ^ uut_tx_block/_218_/Y (sky130_fd_sc_hd__nor4_1)
   0.263    2.474 ^ uut_tx_block/_233_/X (sky130_fd_sc_hd__and2_2)
   0.140    2.614 ^ uut_tx_block/_234_/X (sky130_fd_sc_hd__buf_6)
   0.154    2.768 ^ uut_tx_block/_253_/X (sky130_fd_sc_hd__buf_8)
   0.329    3.097 v uut_tx_block/_287_/X (sky130_fd_sc_hd__mux2_2)
   0.000    3.097 v uut_tx_block/_457_/D (sky130_fd_sc_hd__dfrtp_1)
            3.097   data arrival time

   5.233    5.233   clock clk (rise edge)
   0.000    5.233   clock network delay (ideal)
   0.000    5.233   clock reconvergence pessimism
            5.233 ^ uut_tx_block/_457_/CLK (sky130_fd_sc_hd__dfrtp_1)
  -0.125    5.108   library setup time
            5.108   data required time
-----------------------------------------------------------
            5.108   data required time
           -3.097   data arrival time
-----------------------------------------------------------
            2.011   slack (MET)


