---CLOCK:clk---
Startpoint: uut_tx_block/_417_ (rising edge-triggered flip-flop clocked by clk)
Endpoint: uut_tx_block/_423_ (rising edge-triggered flip-flop clocked by clk)
Path Group: clk
Path Type: max

   Delay     Time   Description
-----------------------------------------------------------
   0.000    0.000   clock clk (rise edge)
   0.000    0.000   clock network delay (ideal)
   0.000    0.000 ^ uut_tx_block/_417_/CLK (sky130_fd_sc_hd__dfrtp_1)
   0.384    0.384 v uut_tx_block/_417_/Q (sky130_fd_sc_hd__dfrtp_1)
   0.609    0.993 v uut_tx_block/_203_/X (sky130_fd_sc_hd__or4_1)
   2.473    3.466 ^ uut_tx_block/_205_/Y (sky130_fd_sc_hd__nor4_1)
   2.039    5.505 ^ uut_tx_block/_210_/X (sky130_fd_sc_hd__and2_0)
   0.395    5.901 v uut_tx_block/_265_/X (sky130_fd_sc_hd__mux2_1)
   0.000    5.901 v uut_tx_block/_423_/D (sky130_fd_sc_hd__dfrtp_1)
            5.901   data arrival time

   5.233    5.233   clock clk (rise edge)
   0.000    5.233   clock network delay (ideal)
   0.000    5.233   clock reconvergence pessimism
            5.233 ^ uut_tx_block/_423_/CLK (sky130_fd_sc_hd__dfrtp_1)
  -0.133    5.100   library setup time
            5.100   data required time
-----------------------------------------------------------
            5.100   data required time
           -5.901   data arrival time
-----------------------------------------------------------
           -0.800   slack (VIOLATED)


