---CLOCK:clk---
Startpoint: uut_tx_block/_448_ (rising edge-triggered flip-flop clocked by clk)
Endpoint: uut_tx_block/_454_ (rising edge-triggered flip-flop clocked by clk)
Path Group: clk
Path Type: max

   Delay     Time   Description
-----------------------------------------------------------
   0.000    0.000   clock clk (rise edge)
   0.000    0.000   clock network delay (ideal)
   0.000    0.000 ^ uut_tx_block/_448_/CLK (sky130_fd_sc_hd__dfrtp_1)
   0.384    0.384 v uut_tx_block/_448_/Q (sky130_fd_sc_hd__dfrtp_1)
   0.726    1.110 v uut_tx_block/_215_/X (sky130_fd_sc_hd__or4_2)
   0.453    1.563 v uut_tx_block/_230_/X (sky130_fd_sc_hd__or3_2)
   0.182    1.745 ^ uut_tx_block/_231_/Y (sky130_fd_sc_hd__nor3_1)
   0.179    1.924 ^ uut_tx_block/_232_/X (sky130_fd_sc_hd__buf_6)
   0.154    2.078 ^ uut_tx_block/_251_/X (sky130_fd_sc_hd__buf_8)
   0.329    2.407 v uut_tx_block/_285_/X (sky130_fd_sc_hd__mux2_2)
   0.000    2.407 v uut_tx_block/_454_/D (sky130_fd_sc_hd__dfrtp_1)
            2.407   data arrival time

   5.233    5.233   clock clk (rise edge)
   0.000    5.233   clock network delay (ideal)
   0.000    5.233   clock reconvergence pessimism
            5.233 ^ uut_tx_block/_454_/CLK (sky130_fd_sc_hd__dfrtp_1)
  -0.125    5.108   library setup time
            5.108   data required time
-----------------------------------------------------------
            5.108   data required time
           -2.407   data arrival time
-----------------------------------------------------------
            2.701   slack (MET)


