##   0:00:00  Solver: z3
##   0:00:00  Trying induction in step 24..
##   0:00:00  Trying induction in step 23..
##   0:00:00  Trying induction in step 22..
##   0:00:00  Trying induction in step 21..
##   0:00:00  Trying induction in step 20..
##   0:00:00  Trying induction in step 19..
##   0:00:00  Trying induction in step 18..
##   0:00:00  Trying induction in step 17..
##   0:00:00  Trying induction in step 16..
##   0:00:00  Trying induction in step 15..
##   0:00:00  Trying induction in step 14..
##   0:00:00  Trying induction in step 13..
##   0:00:00  Trying induction in step 12..
##   0:00:00  Trying induction in step 11..
##   0:00:00  Trying induction in step 10..
##   0:00:00  Trying induction in step 9..
##   0:00:00  Trying induction in step 8..
##   0:00:00  Trying induction in step 7..
##   0:00:00  Trying induction in step 6..
##   0:00:00  Trying induction in step 5..
##   0:00:00  Trying induction in step 4..
##   0:00:00  Trying induction in step 3..
##   0:00:00  Trying induction in step 2..
##   0:00:00  Trying induction in step 1..
##   0:00:00  Trying induction in step 0..
##   0:00:00  Temporal induction failed!
##   0:00:00  Assert failed in miter: miter.sv:82.28-83.43 ($assert$miter.sv:82$45)
##   0:00:00  Status: FAILED
