##   0:00:00  Solver: z3
##   0:00:00  Trying induction in step 20..
##   0:00:00  Trying induction in step 19..
##   0:00:00  Trying induction in step 18..
##   0:00:00  Trying induction in step 17..
##   0:00:00  Trying induction in step 16..
##   0:00:01  Trying induction in step 15..
##   0:00:01  Trying induction in step 14..
##   0:00:01  Trying induction in step 13..
##   0:00:02  Trying induction in step 12..
##   0:00:02  Trying induction in step 11..
##   0:00:02  Trying induction in step 10..
##   0:00:02  Trying induction in step 9..
##   0:00:02  Trying induction in step 8..
##   0:00:02  Trying induction in step 7..
##   0:00:02  Trying induction in step 6..
##   0:00:03  Trying induction in step 5..
##   0:00:03  Trying induction in step 4..
##   0:00:03  Trying induction in step 3..
##   0:00:04  Trying induction in step 2..
##   0:00:05  Trying induction in step 1..
##   0:00:05  Trying induction in step 0..
##   0:00:06  Temporal induction failed!
##   0:00:06  Value for anyconst miter_vr_stream.nsel (miter_vr_stream.sv:0.0-0.0): 0
##   0:00:06  Assert failed in miter_vr_stream: miter_vr_stream.sv:81.40-82.40 ($assert$miter_vr_stream.sv:81$35)
##   0:00:06  Status: FAILED
