---CLOCK:clk---
Startpoint: rom_data[9] (input port clocked by clk)
Endpoint: _13265_ (rising edge-triggered flip-flop clocked by clk)
Path Group: clk
Path Type: max

   Delay     Time   Description
-----------------------------------------------------------
   0.000    0.000   clock clk (rise edge)
   0.000    0.000   clock network delay (ideal)
   0.000    0.000 v input external delay
   0.000    0.000 v rom_data[9] (in)
   0.422    0.422 v _06606_/X (sky130_fd_sc_hd__or3_1)
   0.386    0.808 ^ _06630_/Y (sky130_fd_sc_hd__nor2_1)
   0.152    0.960 v _06664_/Y (sky130_fd_sc_hd__o21ai_0)
   0.106    1.066 ^ _06666_/Y (sky130_fd_sc_hd__nand3_1)
   0.042    1.107 v _06667_/Y (sky130_fd_sc_hd__nor2_1)
   0.209    1.316 v _06677_/X (sky130_fd_sc_hd__and3_1)
   0.159    1.475 ^ _09722_/Y (sky130_fd_sc_hd__a21oi_1)
   0.054    1.529 v _09758_/Y (sky130_fd_sc_hd__nor3_1)
   5.841    7.370 ^ _09759_/Y (sky130_fd_sc_hd__o21ai_0)
   0.791    8.161 v _09775_/Y (sky130_fd_sc_hd__o21ai_0)
   0.450    8.611 ^ _09784_/Y (sky130_fd_sc_hd__mux2i_1)
   0.153    8.765 v _10131_/Y (sky130_fd_sc_hd__mux2i_1)
   0.338    9.103 ^ _10211_/Y (sky130_fd_sc_hd__a21oi_1)
   0.105    9.208 v _11259_/Y (sky130_fd_sc_hd__o22ai_1)
   0.248    9.455 ^ _11261_/Y (sky130_fd_sc_hd__a221oi_1)
   0.166    9.621 ^ _11267_/X (sky130_fd_sc_hd__a22o_1)
   0.075    9.696 v _11268_/Y (sky130_fd_sc_hd__o21ai_0)
   0.000    9.696 v _13265_/D (sky130_fd_sc_hd__dfrtp_1)
            9.696   data arrival time

   8.870    8.870   clock clk (rise edge)
   0.000    8.870   clock network delay (ideal)
   0.000    8.870   clock reconvergence pessimism
            8.870 ^ _13265_/CLK (sky130_fd_sc_hd__dfrtp_1)
  -0.159    8.711   library setup time
            8.711   data required time
-----------------------------------------------------------
            8.711   data required time
           -9.696   data arrival time
-----------------------------------------------------------
           -0.985   slack (VIOLATED)


