---CLOCK:clk---
Startpoint: discountD[0] (input port clocked by clk)
Endpoint: total_discount[1023] (output port clocked by clk)
Path Group: clk
Path Type: max

   Delay     Time   Description
-----------------------------------------------------------
   0.000    0.000   clock clk (rise edge)
   0.000    0.000   clock network delay (ideal)
   0.000    0.000 ^ input external delay
   0.000    0.000 ^ discountD[0] (in)
   0.051    0.051 v _19041_/Y (sky130_fd_sc_hd__nand2_1)
   0.259    0.310 ^ _19044_/Y (sky130_fd_sc_hd__o21ai_0)
   0.264    0.574 ^ _19046_/X (sky130_fd_sc_hd__maj3_1)
   0.207    0.781 ^ _19048_/X (sky130_fd_sc_hd__maj3_1)
   0.207    0.988 ^ _19050_/X (sky130_fd_sc_hd__maj3_1)
   0.219    1.207 ^ _19052_/X (sky130_fd_sc_hd__maj3_1)
   0.092    1.298 v _19056_/Y (sky130_fd_sc_hd__a211oi_1)
   0.306    1.604 ^ _19058_/Y (sky130_fd_sc_hd__o31ai_1)
   0.288    1.892 ^ _19060_/X (sky130_fd_sc_hd__maj3_1)
   0.100    1.992 v _19064_/Y (sky130_fd_sc_hd__a211oi_1)
   0.330    2.322 ^ _19067_/Y (sky130_fd_sc_hd__o311ai_0)
   0.179    2.501 v _19070_/Y (sky130_fd_sc_hd__a311oi_1)
   0.322    2.824 ^ _19072_/Y (sky130_fd_sc_hd__o31ai_1)
   0.288    3.112 ^ _19074_/X (sky130_fd_sc_hd__maj3_1)
   0.100    3.212 v _19078_/Y (sky130_fd_sc_hd__a211oi_1)
   0.330    3.542 ^ _19081_/Y (sky130_fd_sc_hd__o311ai_0)
   0.161    3.703 v _19084_/Y (sky130_fd_sc_hd__a311oi_1)
   0.316    4.019 ^ _19086_/Y (sky130_fd_sc_hd__o31ai_1)
   0.289    4.308 ^ _19088_/X (sky130_fd_sc_hd__maj3_1)
   0.100    4.409 v _19092_/Y (sky130_fd_sc_hd__a211oi_1)
   0.330    4.738 ^ _19095_/Y (sky130_fd_sc_hd__o311ai_0)
   0.147    4.885 v _19098_/Y (sky130_fd_sc_hd__a311oi_1)
   0.333    5.218 ^ _19101_/Y (sky130_fd_sc_hd__o311ai_0)
   0.147    5.365 v _19104_/Y (sky130_fd_sc_hd__a311oi_1)
   0.413    5.777 ^ _19107_/Y (sky130_fd_sc_hd__o311ai_0)
   0.160    5.937 v _19110_/Y (sky130_fd_sc_hd__a311oi_1)
   0.337    6.274 ^ _19113_/Y (sky130_fd_sc_hd__o311ai_0)
   0.147    6.421 v _19116_/Y (sky130_fd_sc_hd__a311oi_1)
   0.333    6.754 ^ _19119_/Y (sky130_fd_sc_hd__o311ai_0)
   0.147    6.900 v _19122_/Y (sky130_fd_sc_hd__a311oi_1)
   0.333    7.233 ^ _19125_/Y (sky130_fd_sc_hd__o311ai_0)
   0.147    7.380 v _19128_/Y (sky130_fd_sc_hd__a311oi_1)
   0.388    7.768 ^ _19131_/Y (sky130_fd_sc_hd__o311ai_0)
   0.156    7.924 v _19135_/Y (sky130_fd_sc_hd__a311oi_1)
   0.415    8.339 ^ _19138_/Y (sky130_fd_sc_hd__o311ai_0)
   0.160    8.499 v _19141_/Y (sky130_fd_sc_hd__a311oi_1)
   0.416    8.915 ^ _19146_/Y (sky130_fd_sc_hd__o311ai_0)
   0.196    9.111 v _19149_/Y (sky130_fd_sc_hd__a311oi_1)
   0.327    9.438 ^ _19151_/Y (sky130_fd_sc_hd__o31ai_1)
   0.289    9.727 ^ _19153_/X (sky130_fd_sc_hd__maj3_1)
   0.100    9.827 v _19157_/Y (sky130_fd_sc_hd__a211oi_1)
   0.406   10.233 ^ _19160_/Y (sky130_fd_sc_hd__o311ai_0)
   0.190   10.423 v _19163_/Y (sky130_fd_sc_hd__a311oi_1)
   0.426   10.849 ^ _19166_/Y (sky130_fd_sc_hd__o311ai_0)
   0.190   11.039 v _19169_/Y (sky130_fd_sc_hd__a311oi_1)
   0.426   11.465 ^ _19172_/Y (sky130_fd_sc_hd__o311ai_0)
   0.160   11.625 v _19175_/Y (sky130_fd_sc_hd__a311oi_1)
   0.416   12.041 ^ _19178_/Y (sky130_fd_sc_hd__o311ai_0)
   0.190   12.231 v _19181_/Y (sky130_fd_sc_hd__a311oi_1)
   0.426   12.657 ^ _19184_/Y (sky130_fd_sc_hd__o311ai_0)
   0.160   12.817 v _19187_/Y (sky130_fd_sc_hd__a311oi_1)
   0.445   13.262 ^ _19190_/Y (sky130_fd_sc_hd__o311ai_0)
   0.165   13.427 v _19193_/Y (sky130_fd_sc_hd__a311oi_1)
   0.418   13.844 ^ _19197_/Y (sky130_fd_sc_hd__o311ai_0)
   0.160   14.004 v _19200_/Y (sky130_fd_sc_hd__a311oi_1)
   0.418   14.422 ^ _19203_/Y (sky130_fd_sc_hd__o311ai_0)
   0.122   14.545 v _19205_/Y (sky130_fd_sc_hd__nand3_1)
   0.369   14.914 v _19208_/X (sky130_fd_sc_hd__a311o_1)
   0.370   15.284 v _19211_/X (sky130_fd_sc_hd__a311o_1)
   0.256   15.539 ^ _19214_/Y (sky130_fd_sc_hd__a311oi_1)
   0.127   15.666 v _19223_/Y (sky130_fd_sc_hd__a41oi_1)
   0.293   15.959 ^ _19230_/Y (sky130_fd_sc_hd__o21ai_0)
   0.152   16.111 v _19234_/Y (sky130_fd_sc_hd__a211oi_1)
   0.341   16.452 ^ _19237_/Y (sky130_fd_sc_hd__o311ai_0)
   0.154   16.606 v _19240_/Y (sky130_fd_sc_hd__a311oi_1)
   0.415   17.021 ^ _19244_/Y (sky130_fd_sc_hd__o311ai_0)
   0.167   17.188 v _19247_/Y (sky130_fd_sc_hd__a311oi_1)
   0.208   17.396 ^ _19253_/Y (sky130_fd_sc_hd__nor3_1)
   0.130   17.526 v _19262_/Y (sky130_fd_sc_hd__o41ai_1)
   0.228   17.754 ^ _19264_/Y (sky130_fd_sc_hd__a21oi_1)
   0.161   17.915 ^ _19267_/X (sky130_fd_sc_hd__o21a_1)
   0.147   18.062 ^ _19270_/X (sky130_fd_sc_hd__o311a_1)
   0.117   18.179 v _19273_/Y (sky130_fd_sc_hd__o311ai_0)
   0.300   18.479 ^ _19276_/Y (sky130_fd_sc_hd__a311oi_1)
   0.134   18.613 v _19280_/Y (sky130_fd_sc_hd__o311ai_0)
   0.346   18.959 ^ _19283_/Y (sky130_fd_sc_hd__a311oi_1)
   0.147   19.106 v _19287_/Y (sky130_fd_sc_hd__o311ai_0)
   0.287   19.393 ^ _19290_/Y (sky130_fd_sc_hd__a311oi_1)
   0.129   19.522 v _19293_/Y (sky130_fd_sc_hd__o21ai_0)
   0.221   19.743 ^ _19295_/Y (sky130_fd_sc_hd__a21oi_1)
   0.080   19.823 v _19297_/Y (sky130_fd_sc_hd__a221oi_1)
   0.326   20.149 ^ _19300_/Y (sky130_fd_sc_hd__o311ai_0)
   0.197   20.346 v _19303_/Y (sky130_fd_sc_hd__a311oi_1)
   0.183   20.528 ^ _19305_/Y (sky130_fd_sc_hd__nor4_1)
   0.101   20.629 v _19309_/Y (sky130_fd_sc_hd__a31oi_1)
   0.285   20.915 ^ _19318_/Y (sky130_fd_sc_hd__o21ai_0)
   0.152   21.067 v _19322_/Y (sky130_fd_sc_hd__a211oi_1)
   0.420   21.487 ^ _19325_/Y (sky130_fd_sc_hd__o311ai_0)
   0.190   21.677 v _19328_/Y (sky130_fd_sc_hd__a311oi_1)
   0.346   22.023 ^ _19331_/Y (sky130_fd_sc_hd__o311ai_0)
   0.174   22.197 v _19334_/Y (sky130_fd_sc_hd__a311oi_1)
   0.421   22.619 ^ _19337_/Y (sky130_fd_sc_hd__o311ai_0)
   0.168   22.787 v _19340_/Y (sky130_fd_sc_hd__a311oi_1)
   0.340   23.127 ^ _19344_/Y (sky130_fd_sc_hd__o311ai_0)
   0.170   23.297 v _19347_/Y (sky130_fd_sc_hd__nand4b_1)
   0.285   23.583 ^ _19360_/Y (sky130_fd_sc_hd__nor4_1)
   0.134   23.717 v _19374_/Y (sky130_fd_sc_hd__o21ai_0)
   0.203   23.920 ^ _19382_/Y (sky130_fd_sc_hd__a21boi_0)
   0.147   24.067 v _19385_/Y (sky130_fd_sc_hd__o311ai_0)
   0.336   24.403 ^ _19388_/Y (sky130_fd_sc_hd__a311oi_1)
   0.091   24.494 v _19390_/Y (sky130_fd_sc_hd__a211oi_1)
   0.301   24.795 v _19393_/X (sky130_fd_sc_hd__o311a_1)
   0.346   25.141 ^ _19397_/Y (sky130_fd_sc_hd__o311ai_0)
   0.184   25.325 v _19398_/Y (sky130_fd_sc_hd__nand3_1)
   0.381   25.706 ^ _19401_/Y (sky130_fd_sc_hd__a311oi_1)
   0.202   25.908 v _19404_/Y (sky130_fd_sc_hd__o311ai_0)
   0.421   26.330 v _19407_/X (sky130_fd_sc_hd__a311o_1)
   0.455   26.784 v _19414_/X (sky130_fd_sc_hd__or4b_1)
   0.304   27.088 ^ _19443_/Y (sky130_fd_sc_hd__o21ai_0)
   0.206   27.293 ^ _19461_/X (sky130_fd_sc_hd__a211o_1)
   0.185   27.478 ^ _19468_/X (sky130_fd_sc_hd__a31o_1)
   0.169   27.647 ^ _19474_/X (sky130_fd_sc_hd__a31o_1)
   0.082   27.729 v _19492_/Y (sky130_fd_sc_hd__a21oi_1)
   0.314   28.043 ^ _19496_/Y (sky130_fd_sc_hd__nor4b_1)
   0.151   28.194 v _19502_/Y (sky130_fd_sc_hd__o211ai_1)
   0.588   28.781 ^ _19505_/Y (sky130_fd_sc_hd__a2111oi_0)
   0.210   28.992 v _19516_/Y (sky130_fd_sc_hd__o21ai_0)
   0.227   29.219 v _19518_/X (sky130_fd_sc_hd__a21o_1)
   0.190   29.409 v _19520_/X (sky130_fd_sc_hd__a21o_1)
   0.354   29.763 v _19523_/X (sky130_fd_sc_hd__a311o_1)
   0.234   29.997 v _19525_/X (sky130_fd_sc_hd__a31o_1)
   0.173   30.169 ^ _19528_/Y (sky130_fd_sc_hd__o211ai_1)
   0.133   30.302 v _19530_/Y (sky130_fd_sc_hd__a31oi_1)
   0.215   30.517 v _19532_/X (sky130_fd_sc_hd__o21a_1)
   0.220   30.737 ^ _19536_/Y (sky130_fd_sc_hd__o211ai_1)
   0.136   30.873 v _19539_/Y (sky130_fd_sc_hd__a311oi_1)
   0.358   31.230 ^ _19542_/Y (sky130_fd_sc_hd__o311ai_0)
   0.153   31.383 v _19545_/Y (sky130_fd_sc_hd__a31oi_1)
   0.212   31.595 v _19549_/X (sky130_fd_sc_hd__o21a_1)
   0.186   31.781 ^ _19553_/Y (sky130_fd_sc_hd__o211ai_1)
   0.126   31.907 v _19556_/Y (sky130_fd_sc_hd__a311oi_1)
   0.332   32.239 ^ _19560_/Y (sky130_fd_sc_hd__o311ai_0)
   0.155   32.394 v _19564_/Y (sky130_fd_sc_hd__nand4_1)
   0.255   32.648 ^ _19568_/Y (sky130_fd_sc_hd__o31ai_1)
   0.152   32.801 v _19576_/Y (sky130_fd_sc_hd__a211oi_1)
   0.241   33.042 ^ _19579_/Y (sky130_fd_sc_hd__o211ai_1)
   0.142   33.184 v _19582_/Y (sky130_fd_sc_hd__a311oi_1)
   0.335   33.519 ^ _19585_/Y (sky130_fd_sc_hd__o311ai_0)
   0.173   33.692 v _19589_/Y (sky130_fd_sc_hd__a311oi_1)
   0.342   34.034 ^ _19592_/Y (sky130_fd_sc_hd__o311ai_0)
   0.168   34.202 v _19595_/Y (sky130_fd_sc_hd__a311oi_1)
   0.340   34.542 ^ _19598_/Y (sky130_fd_sc_hd__o311ai_0)
   0.168   34.710 v _19601_/Y (sky130_fd_sc_hd__a311oi_1)
   0.340   35.050 ^ _19604_/Y (sky130_fd_sc_hd__o311ai_0)
   0.173   35.223 v _19607_/Y (sky130_fd_sc_hd__a311oi_1)
   0.342   35.565 ^ _19610_/Y (sky130_fd_sc_hd__o311ai_0)
   0.168   35.733 v _19613_/Y (sky130_fd_sc_hd__a311oi_1)
   0.340   36.073 ^ _19616_/Y (sky130_fd_sc_hd__o311ai_0)
   0.173   36.246 v _19619_/Y (sky130_fd_sc_hd__a311oi_1)
   0.421   36.667 ^ _19622_/Y (sky130_fd_sc_hd__o311ai_0)
   0.184   36.850 v _19625_/Y (sky130_fd_sc_hd__a311oi_1)
   0.369   37.219 ^ _19628_/Y (sky130_fd_sc_hd__o311ai_0)
   0.189   37.408 v _19631_/Y (sky130_fd_sc_hd__a311oi_1)
   0.426   37.835 ^ _19634_/Y (sky130_fd_sc_hd__o311ai_0)
   0.182   38.017 v _19637_/Y (sky130_fd_sc_hd__a311oi_1)
   0.375   38.392 ^ _19642_/Y (sky130_fd_sc_hd__nor4_1)
   0.173   38.565 v _19661_/Y (sky130_fd_sc_hd__a31oi_1)
   0.247   38.812 ^ _19666_/Y (sky130_fd_sc_hd__o211ai_1)
   0.142   38.954 v _19669_/Y (sky130_fd_sc_hd__a311oi_1)
   0.414   39.368 ^ _19672_/Y (sky130_fd_sc_hd__o311ai_0)
   0.168   39.537 v _19675_/Y (sky130_fd_sc_hd__a311oi_1)
   0.343   39.880 ^ _19679_/Y (sky130_fd_sc_hd__o311ai_0)
   0.168   40.048 v _19702_/Y (sky130_fd_sc_hd__a31oi_1)
   0.245   40.293 ^ _19706_/Y (sky130_fd_sc_hd__o211ai_1)
   0.148   40.441 v _19709_/Y (sky130_fd_sc_hd__a311oi_1)
   0.417   40.857 ^ _19712_/Y (sky130_fd_sc_hd__o311ai_0)
   0.195   41.052 v _19715_/Y (sky130_fd_sc_hd__a311oi_1)
   0.324   41.376 v _19718_/X (sky130_fd_sc_hd__o311a_1)
   0.299   41.675 v _19722_/X (sky130_fd_sc_hd__o311a_1)
   0.370   42.044 ^ _19736_/Y (sky130_fd_sc_hd__o31ai_1)
   0.161   42.205 v _19738_/Y (sky130_fd_sc_hd__a211oi_1)
   0.418   42.623 ^ _19741_/Y (sky130_fd_sc_hd__o311ai_0)
   0.168   42.792 v _19744_/Y (sky130_fd_sc_hd__a311oi_1)
   0.419   43.211 ^ _19748_/Y (sky130_fd_sc_hd__o311ai_0)
   0.177   43.387 v _19751_/Y (sky130_fd_sc_hd__a311oi_1)
   0.392   43.780 ^ _19774_/Y (sky130_fd_sc_hd__o31ai_1)
   0.160   43.940 v _19778_/Y (sky130_fd_sc_hd__a211oi_1)
   0.424   44.364 ^ _19781_/Y (sky130_fd_sc_hd__o311ai_0)
   0.190   44.554 v _19784_/Y (sky130_fd_sc_hd__a311oi_1)
   0.455   45.009 ^ _19787_/Y (sky130_fd_sc_hd__o311ai_0)
   0.189   45.198 v _19791_/Y (sky130_fd_sc_hd__nand4_1)
   0.256   45.454 ^ _19795_/Y (sky130_fd_sc_hd__o211ai_1)
   0.196   45.650 v _19802_/Y (sky130_fd_sc_hd__a41oi_1)
   0.311   45.960 ^ _19810_/Y (sky130_fd_sc_hd__o221ai_1)
   0.163   46.123 v _19826_/Y (sky130_fd_sc_hd__a21oi_1)
   0.462   46.585 ^ _19854_/Y (sky130_fd_sc_hd__o41ai_1)
   0.145   46.730 v _19859_/Y (sky130_fd_sc_hd__a211oi_1)
   0.289   47.019 v _19861_/X (sky130_fd_sc_hd__o31a_1)
   0.302   47.321 v _19863_/X (sky130_fd_sc_hd__a211o_1)
   0.363   47.684 ^ _19866_/Y (sky130_fd_sc_hd__a311oi_1)
   0.226   47.910 ^ _19869_/X (sky130_fd_sc_hd__o311a_1)
   0.194   48.104 ^ _19872_/X (sky130_fd_sc_hd__o311a_1)
   0.190   48.294 ^ _19880_/X (sky130_fd_sc_hd__a31o_1)
   0.157   48.451 v _19911_/Y (sky130_fd_sc_hd__a41oi_1)
   0.219   48.671 ^ _19913_/Y (sky130_fd_sc_hd__o211ai_1)
   0.144   48.815 v _19922_/Y (sky130_fd_sc_hd__a31oi_1)
   0.326   49.141 ^ _19933_/Y (sky130_fd_sc_hd__nor4_1)
   0.226   49.367 v _19940_/Y (sky130_fd_sc_hd__o21ai_0)
   0.194   49.562 ^ _19943_/Y (sky130_fd_sc_hd__nor4_1)
   0.132   49.694 v _19945_/Y (sky130_fd_sc_hd__o21bai_1)
   0.395   50.089 v _19969_/X (sky130_fd_sc_hd__a2111o_1)
   0.567   50.656 ^ _19980_/Y (sky130_fd_sc_hd__a2111oi_0)
   0.280   50.936 ^ _20018_/X (sky130_fd_sc_hd__a31o_1)
   0.120   51.056 v _20021_/Y (sky130_fd_sc_hd__nand4b_1)
   0.209   51.265 ^ _20031_/Y (sky130_fd_sc_hd__o21ai_0)
   0.100   51.365 v _20036_/Y (sky130_fd_sc_hd__a21oi_1)
   0.575   51.939 ^ _20042_/Y (sky130_fd_sc_hd__o41ai_1)
   0.215   52.154 ^ _20070_/X (sky130_fd_sc_hd__a21bo_1)
   0.201   52.356 ^ _20072_/X (sky130_fd_sc_hd__maj3_1)
   0.219   52.575 ^ _20074_/X (sky130_fd_sc_hd__maj3_1)
   0.100   52.675 v _20078_/Y (sky130_fd_sc_hd__a211oi_1)
   0.406   53.081 ^ _20081_/Y (sky130_fd_sc_hd__o311ai_0)
   0.189   53.270 v _20084_/Y (sky130_fd_sc_hd__a311oi_1)
   0.346   53.616 ^ _20087_/Y (sky130_fd_sc_hd__o311ai_0)
   0.147   53.763 v _20090_/Y (sky130_fd_sc_hd__a311oi_1)
   0.412   54.175 ^ _20094_/Y (sky130_fd_sc_hd__o311ai_0)
   0.168   54.343 v _20097_/Y (sky130_fd_sc_hd__a311oi_1)
   0.309   54.651 ^ _20100_/Y (sky130_fd_sc_hd__o31ai_1)
   0.287   54.938 ^ _20102_/X (sky130_fd_sc_hd__maj3_1)
   0.100   55.039 v _20106_/Y (sky130_fd_sc_hd__a211oi_1)
   0.406   55.445 ^ _20109_/Y (sky130_fd_sc_hd__o311ai_0)
   0.168   55.613 v _20112_/Y (sky130_fd_sc_hd__a311oi_1)
   0.419   56.032 ^ _20116_/Y (sky130_fd_sc_hd__o311ai_0)
   0.184   56.215 v _20119_/Y (sky130_fd_sc_hd__a311oi_1)
   0.423   56.639 ^ _20122_/Y (sky130_fd_sc_hd__o311ai_0)
   0.176   56.815 v _20125_/Y (sky130_fd_sc_hd__a311oi_1)
   0.421   57.236 ^ _20128_/Y (sky130_fd_sc_hd__o311ai_0)
   0.168   57.404 v _20131_/Y (sky130_fd_sc_hd__a311oi_1)
   0.419   57.823 ^ _20135_/Y (sky130_fd_sc_hd__o311ai_0)
   0.189   58.012 v _20138_/Y (sky130_fd_sc_hd__a311oi_1)
   0.373   58.385 ^ _20141_/Y (sky130_fd_sc_hd__nor4b_1)
   0.164   58.549 v _20147_/Y (sky130_fd_sc_hd__a21oi_1)
   0.343   58.892 ^ _20150_/Y (sky130_fd_sc_hd__o311ai_0)
   0.153   59.045 v _20159_/Y (sky130_fd_sc_hd__a31oi_1)
   0.378   59.423 ^ _20176_/Y (sky130_fd_sc_hd__o31ai_1)
   0.171   59.593 v _20206_/Y (sky130_fd_sc_hd__a31oi_1)
   0.239   59.832 v _20208_/X (sky130_fd_sc_hd__o21a_1)
   0.605   60.437 ^ _20210_/Y (sky130_fd_sc_hd__a2111oi_0)
   0.256   60.692 ^ _20213_/X (sky130_fd_sc_hd__o311a_1)
   0.183   60.875 ^ _20216_/X (sky130_fd_sc_hd__o311a_1)
   0.186   61.061 ^ _20219_/X (sky130_fd_sc_hd__o311a_1)
   0.178   61.239 ^ _20222_/X (sky130_fd_sc_hd__o311a_1)
   0.185   61.425 v _20225_/Y (sky130_fd_sc_hd__o311ai_0)
   0.418   61.842 ^ _20228_/Y (sky130_fd_sc_hd__a311oi_1)
   0.207   62.050 ^ _20232_/X (sky130_fd_sc_hd__o211a_1)
   0.140   62.190 v _20246_/Y (sky130_fd_sc_hd__a41oi_1)
   0.347   62.537 ^ _20249_/Y (sky130_fd_sc_hd__o311ai_0)
   0.154   62.691 v _20253_/Y (sky130_fd_sc_hd__a311oi_1)
   0.415   63.105 ^ _20257_/Y (sky130_fd_sc_hd__o311ai_0)
   0.190   63.296 v _20260_/Y (sky130_fd_sc_hd__a311oi_1)
   0.370   63.665 ^ _20263_/Y (sky130_fd_sc_hd__o311ai_0)
   0.161   63.827 v _20281_/Y (sky130_fd_sc_hd__nand4bb_1)
   0.220   64.047 v _20288_/X (sky130_fd_sc_hd__a31o_1)
   0.367   64.413 v _20291_/X (sky130_fd_sc_hd__a311o_1)
   0.191   64.604 v _20293_/X (sky130_fd_sc_hd__and3_1)
   0.315   64.920 ^ _20296_/Y (sky130_fd_sc_hd__o311ai_0)
   0.157   65.076 v _20302_/Y (sky130_fd_sc_hd__a41oi_1)
   0.193   65.270 ^ _20305_/Y (sky130_fd_sc_hd__o211ai_1)
   0.147   65.417 v _20331_/Y (sky130_fd_sc_hd__a31oi_1)
   0.243   65.659 ^ _20334_/Y (sky130_fd_sc_hd__o211ai_1)
   0.142   65.802 v _20337_/Y (sky130_fd_sc_hd__a311oi_1)
   0.414   66.216 ^ _20340_/Y (sky130_fd_sc_hd__o311ai_0)
   0.184   66.400 v _20343_/Y (sky130_fd_sc_hd__a311oi_1)
   0.423   66.823 ^ _20346_/Y (sky130_fd_sc_hd__o311ai_0)
   0.168   66.992 v _20349_/Y (sky130_fd_sc_hd__a311oi_1)
   0.419   67.410 ^ _20353_/Y (sky130_fd_sc_hd__o311ai_0)
   0.182   67.592 v _20356_/Y (sky130_fd_sc_hd__a311oi_1)
   0.371   67.964 ^ _20361_/Y (sky130_fd_sc_hd__nor4_1)
   0.142   68.106 v _20366_/Y (sky130_fd_sc_hd__nand3_1)
   0.148   68.254 ^ _20390_/Y (sky130_fd_sc_hd__a21oi_1)
   0.094   68.349 v _20405_/Y (sky130_fd_sc_hd__o21ai_0)
   0.353   68.702 ^ _20408_/Y (sky130_fd_sc_hd__a311oi_1)
   0.173   68.875 v _20411_/Y (sky130_fd_sc_hd__o311ai_0)
   0.320   69.195 ^ _20414_/Y (sky130_fd_sc_hd__a311oi_1)
   0.225   69.421 v _20417_/Y (sky130_fd_sc_hd__o311ai_0)
   0.431   69.851 v _20420_/X (sky130_fd_sc_hd__a311o_1)
   0.299   70.150 ^ _20428_/Y (sky130_fd_sc_hd__o31ai_1)
   0.222   70.372 ^ _20431_/X (sky130_fd_sc_hd__a221o_1)
   0.115   70.487 v _20434_/Y (sky130_fd_sc_hd__a311oi_1)
   0.415   70.902 ^ _20438_/Y (sky130_fd_sc_hd__o311ai_0)
   0.176   71.077 v _20441_/Y (sky130_fd_sc_hd__a311oi_1)
   0.367   71.444 ^ _20444_/Y (sky130_fd_sc_hd__o311ai_0)
   0.173   71.617 v _20447_/Y (sky130_fd_sc_hd__a31oi_1)
   0.476   72.093 v _20460_/X (sky130_fd_sc_hd__o41a_1)
   0.204   72.297 ^ _20463_/Y (sky130_fd_sc_hd__o211ai_1)
   0.132   72.429 v _20466_/Y (sky130_fd_sc_hd__a311oi_1)
   0.279   72.708 ^ _20469_/Y (sky130_fd_sc_hd__o311ai_0)
   0.161   72.869 v _20472_/Y (sky130_fd_sc_hd__a311oi_1)
   0.447   73.316 ^ _20475_/Y (sky130_fd_sc_hd__o311ai_0)
   0.177   73.493 v _20476_/Y (sky130_fd_sc_hd__nand3_1)
   0.363   73.856 ^ _20484_/Y (sky130_fd_sc_hd__o31ai_1)
   0.155   74.011 v _20486_/Y (sky130_fd_sc_hd__a211oi_1)
   0.417   74.428 ^ _20489_/Y (sky130_fd_sc_hd__o311ai_0)
   0.190   74.618 v _20492_/Y (sky130_fd_sc_hd__a311oi_1)
   0.426   75.044 ^ _20495_/Y (sky130_fd_sc_hd__o311ai_0)
   0.175   75.219 v _20498_/Y (sky130_fd_sc_hd__a311oi_1)
   0.427   75.646 ^ _20505_/Y (sky130_fd_sc_hd__o32ai_1)
   0.182   75.829 v _20519_/Y (sky130_fd_sc_hd__a211oi_1)
   0.255   76.084 ^ _20523_/Y (sky130_fd_sc_hd__o211ai_1)
   0.142   76.226 v _20526_/Y (sky130_fd_sc_hd__a311oi_1)
   0.335   76.561 ^ _20529_/Y (sky130_fd_sc_hd__o311ai_0)
   0.168   76.729 v _20532_/Y (sky130_fd_sc_hd__a311oi_1)
   0.282   77.012 ^ _20535_/Y (sky130_fd_sc_hd__o311ai_0)
   0.143   77.155 v _20538_/Y (sky130_fd_sc_hd__a311oi_1)
   0.412   77.567 ^ _20542_/Y (sky130_fd_sc_hd__o311ai_0)
   0.184   77.750 v _20545_/Y (sky130_fd_sc_hd__a311oi_1)
   0.399   78.149 ^ _20548_/Y (sky130_fd_sc_hd__o311ai_0)
   0.184   78.334 v _20552_/Y (sky130_fd_sc_hd__a311oi_1)
   0.424   78.758 ^ _20555_/Y (sky130_fd_sc_hd__o311ai_0)
   0.189   78.947 v _20558_/Y (sky130_fd_sc_hd__a311oi_1)
   0.402   79.348 ^ _20561_/Y (sky130_fd_sc_hd__o311ai_0)
   0.184   79.532 v _20583_/Y (sky130_fd_sc_hd__a31oi_1)
   0.231   79.763 v _20585_/X (sky130_fd_sc_hd__o21a_1)
   0.210   79.973 v _20587_/X (sky130_fd_sc_hd__o21a_1)
   0.191   80.164 ^ _20590_/Y (sky130_fd_sc_hd__o211ai_1)
   0.132   80.297 v _20593_/Y (sky130_fd_sc_hd__a311oi_1)
   0.337   80.634 ^ _20596_/Y (sky130_fd_sc_hd__o311ai_0)
   0.173   80.807 v _20599_/Y (sky130_fd_sc_hd__a311oi_1)
   0.342   81.149 ^ _20602_/Y (sky130_fd_sc_hd__o311ai_0)
   0.173   81.322 v _20605_/Y (sky130_fd_sc_hd__a311oi_1)
   0.342   81.664 ^ _20608_/Y (sky130_fd_sc_hd__o311ai_0)
   0.173   81.837 v _20611_/Y (sky130_fd_sc_hd__a311oi_1)
   0.342   82.179 ^ _20614_/Y (sky130_fd_sc_hd__o311ai_0)
   0.173   82.352 v _20617_/Y (sky130_fd_sc_hd__a311oi_1)
   0.339   82.691 ^ _20620_/Y (sky130_fd_sc_hd__o311ai_0)
   0.155   82.846 v _20624_/Y (sky130_fd_sc_hd__nand4_1)
   0.201   83.048 ^ _20628_/Y (sky130_fd_sc_hd__o31ai_1)
   0.133   83.181 v _20635_/Y (sky130_fd_sc_hd__a211oi_1)
   0.204   83.385 ^ _20639_/Y (sky130_fd_sc_hd__o211ai_1)
   0.132   83.517 v _20642_/Y (sky130_fd_sc_hd__a311oi_1)
   0.337   83.854 ^ _20645_/Y (sky130_fd_sc_hd__o311ai_0)
   0.166   84.021 v _20649_/Y (sky130_fd_sc_hd__a311oi_1)
   0.346   84.367 ^ _20654_/Y (sky130_fd_sc_hd__nor4_1)
   0.129   84.496 v _20658_/Y (sky130_fd_sc_hd__a31oi_1)
   0.292   84.787 ^ _20673_/Y (sky130_fd_sc_hd__a211oi_1)
   0.198   84.986 v _20676_/Y (sky130_fd_sc_hd__o311ai_0)
   0.310   85.296 ^ _20679_/Y (sky130_fd_sc_hd__a311oi_1)
   0.134   85.430 v _20684_/Y (sky130_fd_sc_hd__o311ai_0)
   0.287   85.717 ^ _20687_/Y (sky130_fd_sc_hd__a311oi_1)
   0.221   85.938 v _20690_/Y (sky130_fd_sc_hd__o311ai_0)
   0.395   86.333 ^ _20698_/Y (sky130_fd_sc_hd__o31ai_1)
   0.139   86.473 v _20702_/Y (sky130_fd_sc_hd__a211oi_1)
   0.418   86.891 ^ _20706_/Y (sky130_fd_sc_hd__o311ai_0)
   0.168   87.059 v _20709_/Y (sky130_fd_sc_hd__a311oi_1)
   0.419   87.478 ^ _20713_/Y (sky130_fd_sc_hd__o311ai_0)
   0.189   87.667 v _20716_/Y (sky130_fd_sc_hd__a311oi_1)
   0.425   88.092 ^ _20720_/Y (sky130_fd_sc_hd__o311ai_0)
   0.168   88.261 v _20723_/Y (sky130_fd_sc_hd__a311oi_1)
   0.339   88.600 ^ _20727_/Y (sky130_fd_sc_hd__o311ai_0)
   0.174   88.774 v _20730_/Y (sky130_fd_sc_hd__a311oi_1)
   0.342   89.116 ^ _20733_/Y (sky130_fd_sc_hd__o311ai_0)
   0.160   89.276 v _20736_/Y (sky130_fd_sc_hd__a311oi_1)
   0.289   89.564 v _20738_/X (sky130_fd_sc_hd__o31a_1)
   0.295   89.859 ^ _20740_/Y (sky130_fd_sc_hd__a211oi_1)
   0.245   90.104 ^ _20743_/X (sky130_fd_sc_hd__o311a_1)
   0.140   90.244 v _20748_/Y (sky130_fd_sc_hd__a31oi_1)
   0.247   90.491 ^ _20751_/Y (sky130_fd_sc_hd__o211ai_1)
   0.142   90.633 v _20754_/Y (sky130_fd_sc_hd__a311oi_1)
   0.335   90.968 ^ _20757_/Y (sky130_fd_sc_hd__o311ai_0)
   0.173   91.141 v _20760_/Y (sky130_fd_sc_hd__a311oi_1)
   0.341   91.482 ^ _20763_/Y (sky130_fd_sc_hd__o311ai_0)
   0.154   91.637 v _20767_/Y (sky130_fd_sc_hd__nand4_1)
   0.306   91.942 ^ _20771_/Y (sky130_fd_sc_hd__a221oi_1)
   0.091   92.033 v _20773_/Y (sky130_fd_sc_hd__o31ai_1)
   0.425   92.459 ^ _20795_/Y (sky130_fd_sc_hd__o311ai_0)
   0.144   92.603 v _20800_/Y (sky130_fd_sc_hd__a211oi_1)
   0.353   92.955 ^ _20823_/Y (sky130_fd_sc_hd__o31ai_1)
   0.276   93.231 ^ _20825_/X (sky130_fd_sc_hd__maj3_1)
   0.219   93.451 ^ _20827_/X (sky130_fd_sc_hd__maj3_1)
   0.087   93.538 v _20831_/Y (sky130_fd_sc_hd__a211oi_1)
   0.401   93.939 ^ _20835_/Y (sky130_fd_sc_hd__o311ai_0)
   0.168   94.108 v _20838_/Y (sky130_fd_sc_hd__a311oi_1)
   0.419   94.527 ^ _20842_/Y (sky130_fd_sc_hd__o311ai_0)
   0.168   94.695 v _20845_/Y (sky130_fd_sc_hd__a311oi_1)
   0.339   95.034 ^ _20849_/Y (sky130_fd_sc_hd__o311ai_0)
   0.174   95.209 v _20853_/Y (sky130_fd_sc_hd__a311oi_1)
   0.450   95.658 ^ _20856_/Y (sky130_fd_sc_hd__o311ai_0)
   0.174   95.832 v _20860_/Y (sky130_fd_sc_hd__a311oi_1)
   0.420   96.252 ^ _20864_/Y (sky130_fd_sc_hd__o311ai_0)
   0.194   96.446 v _20867_/Y (sky130_fd_sc_hd__a311oi_1)
   0.415   96.861 ^ _20870_/Y (sky130_fd_sc_hd__nor4b_1)
   0.257   97.118 ^ _20891_/X (sky130_fd_sc_hd__a31o_1)
   0.086   97.204 v _20895_/Y (sky130_fd_sc_hd__a211oi_1)
   0.264   97.469 ^ _20898_/Y (sky130_fd_sc_hd__o311ai_0)
   0.143   97.612 v _20901_/Y (sky130_fd_sc_hd__a311oi_1)
   0.413   98.025 ^ _20904_/Y (sky130_fd_sc_hd__o311ai_0)
   0.253   98.278 ^ _20905_/X (sky130_fd_sc_hd__and3_1)
   0.171   98.449 v _20926_/Y (sky130_fd_sc_hd__a41oi_1)
   0.206   98.655 ^ _20929_/Y (sky130_fd_sc_hd__o211ai_1)
   0.131   98.786 v _20932_/Y (sky130_fd_sc_hd__a311oi_1)
   0.339   99.126 ^ _20935_/Y (sky130_fd_sc_hd__o311ai_0)
   0.226   99.352 v _20941_/Y (sky130_fd_sc_hd__a41oi_1)
   0.223   99.575 ^ _20943_/Y (sky130_fd_sc_hd__o211ai_1)
   0.131   99.706 v _20967_/Y (sky130_fd_sc_hd__a31oi_1)
   0.236   99.942 ^ _20970_/Y (sky130_fd_sc_hd__o211ai_1)
   0.130  100.072 v _20973_/Y (sky130_fd_sc_hd__a311oi_1)
   0.410  100.482 ^ _20977_/Y (sky130_fd_sc_hd__o311ai_0)
   0.204  100.686 v _20980_/Y (sky130_fd_sc_hd__a311oi_1)
   0.431  101.116 ^ _20983_/Y (sky130_fd_sc_hd__o311ai_0)
   0.204  101.320 v _20986_/Y (sky130_fd_sc_hd__a311oi_1)
   0.431  101.751 ^ _20989_/Y (sky130_fd_sc_hd__o311ai_0)
   0.190  101.941 v _20992_/Y (sky130_fd_sc_hd__a311oi_1)
   0.346  102.287 ^ _20995_/Y (sky130_fd_sc_hd__o311ai_0)
   0.168  102.455 v _20998_/Y (sky130_fd_sc_hd__a311oi_1)
   0.419  102.874 ^ _21002_/Y (sky130_fd_sc_hd__o311ai_0)
   0.195  103.069 v _21005_/Y (sky130_fd_sc_hd__a311oi_1)
   0.359  103.428 ^ _21010_/Y (sky130_fd_sc_hd__nor4_1)
   0.190  103.618 v _21032_/Y (sky130_fd_sc_hd__a31oi_1)
   0.252  103.870 ^ _21035_/Y (sky130_fd_sc_hd__o211ai_1)
   0.130  104.000 v _21038_/Y (sky130_fd_sc_hd__a311oi_1)
   0.410  104.410 ^ _21042_/Y (sky130_fd_sc_hd__o311ai_0)
   0.176  104.586 v _21045_/Y (sky130_fd_sc_hd__a311oi_1)
   0.320  104.906 ^ _21047_/Y (sky130_fd_sc_hd__o31ai_1)
   0.289  105.195 ^ _21049_/X (sky130_fd_sc_hd__maj3_1)
   0.097  105.292 v _21053_/Y (sky130_fd_sc_hd__a211oi_1)
   0.404  105.696 ^ _21057_/Y (sky130_fd_sc_hd__o311ai_0)
   0.176  105.872 v _21060_/Y (sky130_fd_sc_hd__a311oi_1)
   0.320  106.193 ^ _21062_/Y (sky130_fd_sc_hd__o31ai_1)
   0.289  106.482 ^ _21064_/X (sky130_fd_sc_hd__maj3_1)
   0.092  106.574 v _21068_/Y (sky130_fd_sc_hd__a211oi_1)
   0.347  106.921 ^ _21070_/Y (sky130_fd_sc_hd__o31ai_1)
   0.214  107.135 ^ _21072_/X (sky130_fd_sc_hd__o211a_1)
   0.132  107.267 v _21075_/Y (sky130_fd_sc_hd__o311ai_0)
   0.225  107.492 v _21078_/X (sky130_fd_sc_hd__a21o_1)
   0.244  107.736 ^ _21080_/Y (sky130_fd_sc_hd__a21oi_1)
   0.183  107.919 ^ _21083_/X (sky130_fd_sc_hd__o311a_1)
   0.106  108.025 v _21085_/Y (sky130_fd_sc_hd__o21ai_0)
   0.213  108.238 v _21088_/X (sky130_fd_sc_hd__a21o_1)
   0.155  108.393 v _26680_/X (sky130_fd_sc_hd__and3_1)
   0.145  108.538 ^ _26685_/Y (sky130_fd_sc_hd__o32ai_1)
   0.000  108.538 ^ total_discount[1023] (out)
          108.538   data arrival time

  97.684   97.684   clock clk (rise edge)
   0.000   97.684   clock network delay (ideal)
   0.000   97.684   clock reconvergence pessimism
   0.000   97.684   output external delay
           97.684   data required time
-----------------------------------------------------------
           97.684   data required time
         -108.538   data arrival time
-----------------------------------------------------------
          -10.854   slack (VIOLATED)


