---CLOCK:clk---
Startpoint: discountD[0] (input port clocked by clk)
Endpoint: total_discount[1023] (output port clocked by clk)
Path Group: clk
Path Type: max

   Delay     Time   Description
-----------------------------------------------------------
   0.000    0.000   clock clk (rise edge)
   0.000    0.000   clock network delay (ideal)
   0.000    0.000 ^ input external delay
   0.000    0.000 ^ discountD[0] (in)
   0.034    0.034 v _17384_/Y (sky130_fd_sc_hd__nand2_8)
   0.165    0.199 ^ _17387_/Y (sky130_fd_sc_hd__o21ai_2)
   0.223    0.422 ^ _17388_/X (sky130_fd_sc_hd__maj3_4)
   0.188    0.610 ^ _17389_/X (sky130_fd_sc_hd__maj3_4)
   0.188    0.798 ^ _17390_/X (sky130_fd_sc_hd__maj3_4)
   0.204    1.002 ^ _17391_/X (sky130_fd_sc_hd__maj3_4)
   0.059    1.061 v _17396_/Y (sky130_fd_sc_hd__a211oi_4)
   0.256    1.317 ^ _17398_/Y (sky130_fd_sc_hd__o31ai_2)
   0.282    1.600 ^ _17399_/X (sky130_fd_sc_hd__maj3_4)
   0.063    1.663 v _17404_/Y (sky130_fd_sc_hd__a211oi_4)
   0.244    1.907 ^ _17407_/Y (sky130_fd_sc_hd__o311ai_2)
   0.158    2.065 v _17410_/Y (sky130_fd_sc_hd__a311oi_2)
   0.260    2.325 ^ _17412_/Y (sky130_fd_sc_hd__o31ai_2)
   0.291    2.616 ^ _17413_/X (sky130_fd_sc_hd__maj3_2)
   0.082    2.698 v _17418_/Y (sky130_fd_sc_hd__a211oi_2)
   0.248    2.947 ^ _17421_/Y (sky130_fd_sc_hd__o311ai_2)
   0.147    3.094 v _17423_/Y (sky130_fd_sc_hd__a311oi_2)
   0.256    3.350 ^ _17425_/Y (sky130_fd_sc_hd__o31ai_2)
   0.291    3.642 ^ _17426_/X (sky130_fd_sc_hd__maj3_2)
   0.082    3.724 v _17431_/Y (sky130_fd_sc_hd__a211oi_2)
   0.222    3.946 ^ _17434_/Y (sky130_fd_sc_hd__o311ai_2)
   0.129    4.075 v _17436_/Y (sky130_fd_sc_hd__a311oi_1)
   0.262    4.337 ^ _17439_/Y (sky130_fd_sc_hd__o311ai_1)
   0.153    4.490 v _17441_/Y (sky130_fd_sc_hd__a311oi_1)
   0.265    4.755 ^ _17444_/Y (sky130_fd_sc_hd__o311ai_2)
   0.138    4.893 v _17446_/Y (sky130_fd_sc_hd__a311oi_1)
   0.262    5.155 ^ _17449_/Y (sky130_fd_sc_hd__o311ai_1)
   0.138    5.293 v _17452_/Y (sky130_fd_sc_hd__a311oi_1)
   0.262    5.554 ^ _17455_/Y (sky130_fd_sc_hd__o311ai_1)
   0.138    5.692 v _17457_/Y (sky130_fd_sc_hd__a311oi_1)
   0.262    5.954 ^ _17460_/Y (sky130_fd_sc_hd__o311ai_1)
   0.138    6.092 v _17462_/Y (sky130_fd_sc_hd__a311oi_1)
   0.345    6.437 ^ _17465_/Y (sky130_fd_sc_hd__o311ai_1)
   0.159    6.595 v _17467_/Y (sky130_fd_sc_hd__a311oi_2)
   0.292    6.888 ^ _17470_/Y (sky130_fd_sc_hd__o311ai_2)
   0.139    7.027 v _17472_/Y (sky130_fd_sc_hd__a311oi_2)
   0.364    7.391 ^ _17475_/Y (sky130_fd_sc_hd__o311ai_1)
   0.199    7.590 v _17477_/Y (sky130_fd_sc_hd__a311oi_2)
   0.237    7.827 ^ _17479_/Y (sky130_fd_sc_hd__o31ai_4)
   0.260    8.088 ^ _17480_/X (sky130_fd_sc_hd__maj3_4)
   0.063    8.151 v _17485_/Y (sky130_fd_sc_hd__a211oi_4)
   0.276    8.427 ^ _17488_/Y (sky130_fd_sc_hd__o311ai_2)
   0.166    8.593 v _17490_/Y (sky130_fd_sc_hd__a311oi_2)
   0.295    8.889 ^ _17493_/Y (sky130_fd_sc_hd__o311ai_2)
   0.157    9.045 v _17495_/Y (sky130_fd_sc_hd__a311oi_2)
   0.370    9.415 ^ _17498_/Y (sky130_fd_sc_hd__o311ai_1)
   0.162    9.577 v _17500_/Y (sky130_fd_sc_hd__a311oi_2)
   0.293    9.870 ^ _17503_/Y (sky130_fd_sc_hd__o311ai_2)
   0.157   10.027 v _17505_/Y (sky130_fd_sc_hd__a311oi_2)
   0.370   10.396 ^ _17508_/Y (sky130_fd_sc_hd__o311ai_1)
   0.162   10.558 v _17510_/Y (sky130_fd_sc_hd__a311oi_2)
   0.304   10.862 ^ _17513_/Y (sky130_fd_sc_hd__o311ai_2)
   0.141   11.003 v _17515_/Y (sky130_fd_sc_hd__a311oi_2)
   0.364   11.367 ^ _17518_/Y (sky130_fd_sc_hd__o311ai_1)
   0.162   11.529 v _17520_/Y (sky130_fd_sc_hd__a311oi_2)
   0.267   11.796 ^ _17523_/Y (sky130_fd_sc_hd__o311ai_2)
   0.106   11.902 v _17524_/Y (sky130_fd_sc_hd__nand3_1)
   0.361   12.263 v _17527_/X (sky130_fd_sc_hd__a311o_1)
   0.369   12.632 v _17530_/X (sky130_fd_sc_hd__a311o_1)
   0.255   12.887 ^ _17533_/Y (sky130_fd_sc_hd__a311oi_1)
   0.152   13.039 v _17540_/Y (sky130_fd_sc_hd__a41oi_1)
   0.190   13.229 ^ _17551_/Y (sky130_fd_sc_hd__o21ai_2)
   0.104   13.333 v _17556_/Y (sky130_fd_sc_hd__a211oi_2)
   0.305   13.638 ^ _17559_/Y (sky130_fd_sc_hd__o311ai_1)
   0.158   13.796 v _17562_/Y (sky130_fd_sc_hd__a311oi_2)
   0.292   14.088 ^ _17565_/Y (sky130_fd_sc_hd__o311ai_2)
   0.140   14.228 v _17567_/Y (sky130_fd_sc_hd__a311oi_2)
   0.245   14.473 ^ _17577_/Y (sky130_fd_sc_hd__nor3_1)
   0.139   14.611 v _17589_/Y (sky130_fd_sc_hd__o41ai_2)
   0.184   14.795 ^ _17591_/Y (sky130_fd_sc_hd__a21oi_2)
   0.148   14.943 ^ _17594_/X (sky130_fd_sc_hd__o21a_1)
   0.168   15.111 ^ _17598_/X (sky130_fd_sc_hd__o311a_1)
   0.085   15.196 v _17602_/Y (sky130_fd_sc_hd__o311ai_2)
   0.302   15.498 ^ _17605_/Y (sky130_fd_sc_hd__a311oi_1)
   0.109   15.607 v _17611_/Y (sky130_fd_sc_hd__o311ai_1)
   0.349   15.956 ^ _17614_/Y (sky130_fd_sc_hd__a311oi_1)
   0.118   16.074 v _17620_/Y (sky130_fd_sc_hd__o311ai_1)
   0.340   16.413 ^ _17623_/Y (sky130_fd_sc_hd__a311oi_1)
   0.097   16.511 v _17625_/Y (sky130_fd_sc_hd__o21ai_2)
   0.186   16.697 ^ _17627_/Y (sky130_fd_sc_hd__a21oi_2)
   0.053   16.749 v _17628_/Y (sky130_fd_sc_hd__a221oi_2)
   0.297   17.047 ^ _17631_/Y (sky130_fd_sc_hd__o311ai_1)
   0.180   17.227 v _17634_/Y (sky130_fd_sc_hd__a311oi_2)
   0.148   17.375 ^ _17635_/Y (sky130_fd_sc_hd__nor4_2)
   0.116   17.491 v _17639_/Y (sky130_fd_sc_hd__a31oi_1)
   0.179   17.670 ^ _17649_/Y (sky130_fd_sc_hd__o21ai_2)
   0.111   17.780 v _17654_/Y (sky130_fd_sc_hd__a211oi_2)
   0.284   18.064 ^ _17657_/Y (sky130_fd_sc_hd__o311ai_2)
   0.157   18.221 v _17659_/Y (sky130_fd_sc_hd__a311oi_2)
   0.316   18.537 ^ _17662_/Y (sky130_fd_sc_hd__o311ai_1)
   0.170   18.706 v _17664_/Y (sky130_fd_sc_hd__a311oi_2)
   0.271   18.977 ^ _17667_/Y (sky130_fd_sc_hd__o311ai_2)
   0.146   19.122 v _17669_/Y (sky130_fd_sc_hd__a311oi_1)
   0.265   19.387 ^ _17672_/Y (sky130_fd_sc_hd__o311ai_1)
   0.150   19.537 v _17673_/Y (sky130_fd_sc_hd__nand4b_1)
   0.361   19.899 ^ _17676_/Y (sky130_fd_sc_hd__nor4_1)
   0.099   19.997 v _17683_/Y (sky130_fd_sc_hd__o21ai_2)
   0.163   20.160 ^ _17694_/Y (sky130_fd_sc_hd__a21boi_2)
   0.102   20.262 v _17697_/Y (sky130_fd_sc_hd__o311ai_2)
   0.326   20.589 ^ _17700_/Y (sky130_fd_sc_hd__a311oi_2)
   0.062   20.650 v _17701_/Y (sky130_fd_sc_hd__a211oi_2)
   0.299   20.950 v _17704_/X (sky130_fd_sc_hd__o311a_1)
   0.322   21.272 ^ _17707_/Y (sky130_fd_sc_hd__o311ai_1)
   0.149   21.421 v _17708_/Y (sky130_fd_sc_hd__nand3_2)
   0.359   21.780 ^ _17713_/Y (sky130_fd_sc_hd__a311oi_2)
   0.126   21.906 v _17716_/Y (sky130_fd_sc_hd__o311ai_2)
   0.421   22.328 v _17720_/X (sky130_fd_sc_hd__a311o_2)
   0.484   22.812 v _17724_/X (sky130_fd_sc_hd__or4b_1)
   0.191   23.003 ^ _17753_/Y (sky130_fd_sc_hd__o21ai_2)
   0.171   23.174 ^ _17769_/X (sky130_fd_sc_hd__a211o_2)
   0.148   23.322 ^ _17776_/X (sky130_fd_sc_hd__a31o_4)
   0.178   23.500 ^ _17782_/X (sky130_fd_sc_hd__a31o_2)
   0.066   23.566 v _17798_/Y (sky130_fd_sc_hd__a21oi_4)
   0.304   23.869 ^ _17801_/Y (sky130_fd_sc_hd__nor4b_4)
   0.107   23.976 v _17806_/Y (sky130_fd_sc_hd__o211ai_4)
   0.477   24.453 ^ _17821_/Y (sky130_fd_sc_hd__a2111oi_2)
   0.113   24.566 v _17834_/Y (sky130_fd_sc_hd__o21ai_2)
   0.203   24.769 v _17836_/X (sky130_fd_sc_hd__a21o_1)
   0.189   24.958 v _17838_/X (sky130_fd_sc_hd__a21o_1)
   0.354   25.312 v _17841_/X (sky130_fd_sc_hd__a311o_1)
   0.243   25.555 v _17843_/X (sky130_fd_sc_hd__a31o_1)
   0.156   25.712 ^ _17846_/Y (sky130_fd_sc_hd__o211ai_2)
   0.118   25.830 v _17847_/Y (sky130_fd_sc_hd__a31oi_2)
   0.238   26.068 v _17850_/X (sky130_fd_sc_hd__o21a_2)
   0.192   26.260 ^ _17854_/Y (sky130_fd_sc_hd__o211ai_2)
   0.125   26.385 v _17856_/Y (sky130_fd_sc_hd__a311oi_2)
   0.284   26.669 ^ _17859_/Y (sky130_fd_sc_hd__o311ai_1)
   0.133   26.802 v _17861_/Y (sky130_fd_sc_hd__a31oi_1)
   0.214   27.016 v _17864_/X (sky130_fd_sc_hd__o21a_1)
   0.176   27.192 ^ _17868_/Y (sky130_fd_sc_hd__o211ai_2)
   0.120   27.313 v _17870_/Y (sky130_fd_sc_hd__a311oi_2)
   0.268   27.581 ^ _17873_/Y (sky130_fd_sc_hd__o311ai_1)
   0.161   27.742 v _17874_/Y (sky130_fd_sc_hd__nand4_1)
   0.245   27.987 ^ _17879_/Y (sky130_fd_sc_hd__o31ai_2)
   0.132   28.119 v _17890_/Y (sky130_fd_sc_hd__a211oi_2)
   0.209   28.328 ^ _17894_/Y (sky130_fd_sc_hd__o211ai_2)
   0.130   28.457 v _17896_/Y (sky130_fd_sc_hd__a311oi_2)
   0.313   28.771 ^ _17899_/Y (sky130_fd_sc_hd__o311ai_1)
   0.169   28.940 v _17901_/Y (sky130_fd_sc_hd__a311oi_2)
   0.266   29.206 ^ _17904_/Y (sky130_fd_sc_hd__o311ai_2)
   0.146   29.352 v _17906_/Y (sky130_fd_sc_hd__a311oi_2)
   0.316   29.668 ^ _17909_/Y (sky130_fd_sc_hd__o311ai_1)
   0.166   29.834 v _17911_/Y (sky130_fd_sc_hd__a311oi_2)
   0.266   30.100 ^ _17914_/Y (sky130_fd_sc_hd__o311ai_2)
   0.159   30.258 v _17916_/Y (sky130_fd_sc_hd__a311oi_2)
   0.267   30.525 ^ _17919_/Y (sky130_fd_sc_hd__o311ai_2)
   0.146   30.671 v _17921_/Y (sky130_fd_sc_hd__a311oi_2)
   0.316   30.987 ^ _17924_/Y (sky130_fd_sc_hd__o311ai_1)
   0.169   31.156 v _17926_/Y (sky130_fd_sc_hd__a311oi_2)
   0.297   31.453 ^ _17929_/Y (sky130_fd_sc_hd__o311ai_2)
   0.153   31.606 v _17931_/Y (sky130_fd_sc_hd__a311oi_2)
   0.334   31.940 ^ _17934_/Y (sky130_fd_sc_hd__o311ai_1)
   0.179   32.119 v _17936_/Y (sky130_fd_sc_hd__a311oi_2)
   0.300   32.418 ^ _17939_/Y (sky130_fd_sc_hd__o311ai_2)
   0.158   32.576 v _17941_/Y (sky130_fd_sc_hd__a311oi_2)
   0.390   32.966 ^ _17945_/Y (sky130_fd_sc_hd__nor4_2)
   0.146   33.112 v _17965_/Y (sky130_fd_sc_hd__a31oi_4)
   0.215   33.327 ^ _17970_/Y (sky130_fd_sc_hd__o211ai_2)
   0.130   33.457 v _17973_/Y (sky130_fd_sc_hd__a311oi_2)
   0.367   33.824 ^ _17976_/Y (sky130_fd_sc_hd__o311ai_1)
   0.167   33.991 v _17978_/Y (sky130_fd_sc_hd__a311oi_2)
   0.263   34.254 ^ _17981_/Y (sky130_fd_sc_hd__o311ai_2)
   0.148   34.402 v _18003_/Y (sky130_fd_sc_hd__a31oi_2)
   0.214   34.615 ^ _18007_/Y (sky130_fd_sc_hd__o211ai_2)
   0.142   34.757 v _18010_/Y (sky130_fd_sc_hd__a311oi_2)
   0.292   35.050 ^ _18013_/Y (sky130_fd_sc_hd__o311ai_2)
   0.156   35.206 v _18015_/Y (sky130_fd_sc_hd__a311oi_2)
   0.313   35.520 v _18018_/X (sky130_fd_sc_hd__o311a_1)
   0.362   35.882 v _18021_/X (sky130_fd_sc_hd__o311a_2)
   0.271   36.154 ^ _18034_/Y (sky130_fd_sc_hd__o31ai_4)
   0.126   36.279 v _18036_/Y (sky130_fd_sc_hd__a211oi_2)
   0.287   36.566 ^ _18039_/Y (sky130_fd_sc_hd__o311ai_2)
   0.144   36.710 v _18042_/Y (sky130_fd_sc_hd__a311oi_2)
   0.365   37.076 ^ _18045_/Y (sky130_fd_sc_hd__o311ai_1)
   0.167   37.243 v _18047_/Y (sky130_fd_sc_hd__a311oi_2)
   0.337   37.580 ^ _18068_/Y (sky130_fd_sc_hd__o31ai_2)
   0.133   37.713 v _18073_/Y (sky130_fd_sc_hd__a211oi_2)
   0.367   38.080 ^ _18076_/Y (sky130_fd_sc_hd__o311ai_1)
   0.179   38.260 v _18079_/Y (sky130_fd_sc_hd__a311oi_2)
   0.308   38.568 ^ _18082_/Y (sky130_fd_sc_hd__o311ai_2)
   0.154   38.722 v _18085_/Y (sky130_fd_sc_hd__nand4_2)
   0.201   38.923 ^ _18089_/Y (sky130_fd_sc_hd__o211ai_2)
   0.170   39.093 v _18095_/Y (sky130_fd_sc_hd__a41oi_2)
   0.246   39.339 ^ _18097_/Y (sky130_fd_sc_hd__o221ai_2)
   0.108   39.447 v _18113_/Y (sky130_fd_sc_hd__a21oi_2)
   0.502   39.949 ^ _18140_/Y (sky130_fd_sc_hd__o41ai_1)
   0.135   40.084 v _18146_/Y (sky130_fd_sc_hd__a211oi_2)
   0.287   40.371 v _18148_/X (sky130_fd_sc_hd__o31a_1)
   0.301   40.672 v _18151_/X (sky130_fd_sc_hd__a211o_1)
   0.413   41.085 ^ _18156_/Y (sky130_fd_sc_hd__a311oi_1)
   0.230   41.315 ^ _18161_/X (sky130_fd_sc_hd__o311a_4)
   0.172   41.487 ^ _18165_/X (sky130_fd_sc_hd__o311a_4)
   0.173   41.660 ^ _18175_/X (sky130_fd_sc_hd__a31o_4)
   0.104   41.764 v _18206_/Y (sky130_fd_sc_hd__a41oi_4)
   0.215   41.979 ^ _18209_/Y (sky130_fd_sc_hd__o211ai_2)
   0.119   42.098 v _18217_/Y (sky130_fd_sc_hd__a31oi_4)
   0.341   42.439 ^ _18227_/Y (sky130_fd_sc_hd__nor4_2)
   0.137   42.576 v _18234_/Y (sky130_fd_sc_hd__o21ai_2)
   0.166   42.742 ^ _18235_/Y (sky130_fd_sc_hd__nor4_2)
   0.113   42.854 v _18240_/Y (sky130_fd_sc_hd__o21bai_2)
   0.448   43.302 v _18260_/X (sky130_fd_sc_hd__a2111o_2)
   0.400   43.702 ^ _18286_/Y (sky130_fd_sc_hd__a2111oi_2)
   0.244   43.947 ^ _18327_/X (sky130_fd_sc_hd__a31o_4)
   0.097   44.044 v _18332_/Y (sky130_fd_sc_hd__nand4b_4)
   0.153   44.197 ^ _18346_/Y (sky130_fd_sc_hd__o21ai_2)
   0.074   44.271 v _18372_/Y (sky130_fd_sc_hd__a21oi_2)
   0.414   44.685 ^ _18395_/Y (sky130_fd_sc_hd__o41ai_2)
   0.200   44.885 ^ _18423_/X (sky130_fd_sc_hd__a21bo_1)
   0.221   45.106 ^ _18424_/X (sky130_fd_sc_hd__maj3_2)
   0.210   45.317 ^ _18425_/X (sky130_fd_sc_hd__maj3_4)
   0.063   45.380 v _18430_/Y (sky130_fd_sc_hd__a211oi_4)
   0.276   45.656 ^ _18433_/Y (sky130_fd_sc_hd__o311ai_2)
   0.166   45.822 v _18436_/Y (sky130_fd_sc_hd__a311oi_2)
   0.265   46.087 ^ _18439_/Y (sky130_fd_sc_hd__o311ai_2)
   0.133   46.220 v _18441_/Y (sky130_fd_sc_hd__a311oi_2)
   0.366   46.585 ^ _18444_/Y (sky130_fd_sc_hd__o311ai_1)
   0.183   46.768 v _18446_/Y (sky130_fd_sc_hd__a311oi_2)
   0.228   46.996 ^ _18448_/Y (sky130_fd_sc_hd__o31ai_4)
   0.259   47.256 ^ _18449_/X (sky130_fd_sc_hd__maj3_4)
   0.063   47.319 v _18454_/Y (sky130_fd_sc_hd__a211oi_4)
   0.276   47.595 ^ _18457_/Y (sky130_fd_sc_hd__o311ai_2)
   0.155   47.750 v _18460_/Y (sky130_fd_sc_hd__a311oi_2)
   0.291   48.041 ^ _18463_/Y (sky130_fd_sc_hd__o311ai_2)
   0.153   48.194 v _18465_/Y (sky130_fd_sc_hd__a311oi_2)
   0.368   48.562 ^ _18468_/Y (sky130_fd_sc_hd__o311ai_1)
   0.171   48.733 v _18470_/Y (sky130_fd_sc_hd__a311oi_2)
   0.296   49.029 ^ _18473_/Y (sky130_fd_sc_hd__o311ai_2)
   0.144   49.173 v _18475_/Y (sky130_fd_sc_hd__a311oi_2)
   0.365   49.538 ^ _18478_/Y (sky130_fd_sc_hd__o311ai_1)
   0.175   49.713 v _18480_/Y (sky130_fd_sc_hd__a311oi_2)
   0.322   50.036 ^ _18482_/Y (sky130_fd_sc_hd__nor4b_2)
   0.118   50.153 v _18490_/Y (sky130_fd_sc_hd__a21oi_2)
   0.304   50.458 ^ _18493_/Y (sky130_fd_sc_hd__o311ai_1)
   0.172   50.629 v _18501_/Y (sky130_fd_sc_hd__a31oi_2)
   0.334   50.963 ^ _18517_/Y (sky130_fd_sc_hd__o31ai_4)
   0.133   51.097 v _18547_/Y (sky130_fd_sc_hd__a31oi_4)
   0.240   51.337 v _18550_/X (sky130_fd_sc_hd__o21a_4)
   0.461   51.798 ^ _18553_/Y (sky130_fd_sc_hd__a2111oi_2)
   0.229   52.027 ^ _18558_/X (sky130_fd_sc_hd__o311a_4)
   0.167   52.194 ^ _18562_/X (sky130_fd_sc_hd__o311a_4)
   0.169   52.363 ^ _18567_/X (sky130_fd_sc_hd__o311a_4)
   0.180   52.543 ^ _18571_/X (sky130_fd_sc_hd__o311a_4)
   0.095   52.637 v _18575_/Y (sky130_fd_sc_hd__o311ai_4)
   0.335   52.973 ^ _18579_/Y (sky130_fd_sc_hd__a311oi_2)
   0.209   53.181 ^ _18585_/X (sky130_fd_sc_hd__o211a_1)
   0.133   53.314 v _18598_/Y (sky130_fd_sc_hd__a41oi_2)
   0.321   53.636 ^ _18601_/Y (sky130_fd_sc_hd__o311ai_1)
   0.158   53.794 v _18603_/Y (sky130_fd_sc_hd__a311oi_2)
   0.294   54.087 ^ _18606_/Y (sky130_fd_sc_hd__o311ai_2)
   0.157   54.244 v _18608_/Y (sky130_fd_sc_hd__a311oi_2)
   0.287   54.531 ^ _18611_/Y (sky130_fd_sc_hd__o311ai_1)
   0.152   54.683 v _18613_/Y (sky130_fd_sc_hd__nand4bb_1)
   0.215   54.898 v _18628_/X (sky130_fd_sc_hd__a31o_1)
   0.372   55.270 v _18631_/X (sky130_fd_sc_hd__a311o_1)
   0.191   55.460 v _18632_/X (sky130_fd_sc_hd__and3_4)
   0.239   55.699 ^ _18635_/Y (sky130_fd_sc_hd__o311ai_2)
   0.149   55.848 v _18641_/Y (sky130_fd_sc_hd__a41oi_2)
   0.204   56.052 ^ _18644_/Y (sky130_fd_sc_hd__o211ai_2)
   0.121   56.173 v _18669_/Y (sky130_fd_sc_hd__a31oi_4)
   0.207   56.380 ^ _18673_/Y (sky130_fd_sc_hd__o211ai_2)
   0.130   56.510 v _18676_/Y (sky130_fd_sc_hd__a311oi_2)
   0.365   56.875 ^ _18679_/Y (sky130_fd_sc_hd__o311ai_1)
   0.175   57.051 v _18681_/Y (sky130_fd_sc_hd__a311oi_2)
   0.297   57.348 ^ _18684_/Y (sky130_fd_sc_hd__o311ai_2)
   0.155   57.502 v _18686_/Y (sky130_fd_sc_hd__a311oi_2)
   0.291   57.794 ^ _18689_/Y (sky130_fd_sc_hd__o311ai_2)
   0.158   57.952 v _18691_/Y (sky130_fd_sc_hd__a311oi_2)
   0.326   58.278 ^ _18695_/Y (sky130_fd_sc_hd__nor4_2)
   0.123   58.400 v _18696_/Y (sky130_fd_sc_hd__nand3_2)
   0.153   58.553 ^ _18723_/Y (sky130_fd_sc_hd__a21oi_2)
   0.069   58.622 v _18743_/Y (sky130_fd_sc_hd__o21ai_2)
   0.412   59.034 ^ _18748_/Y (sky130_fd_sc_hd__a311oi_1)
   0.134   59.167 v _18751_/Y (sky130_fd_sc_hd__o311ai_2)
   0.328   59.495 ^ _18754_/Y (sky130_fd_sc_hd__a311oi_2)
   0.137   59.632 v _18758_/Y (sky130_fd_sc_hd__o311ai_2)
   0.428   60.060 v _18761_/X (sky130_fd_sc_hd__a311o_2)
   0.232   60.293 ^ _18773_/Y (sky130_fd_sc_hd__o31ai_2)
   0.222   60.515 ^ _18774_/X (sky130_fd_sc_hd__a221o_1)
   0.126   60.641 v _18777_/Y (sky130_fd_sc_hd__a311oi_2)
   0.291   60.932 ^ _18780_/Y (sky130_fd_sc_hd__o311ai_2)
   0.148   61.080 v _18782_/Y (sky130_fd_sc_hd__a311oi_2)
   0.285   61.365 ^ _18785_/Y (sky130_fd_sc_hd__o311ai_1)
   0.159   61.524 v _18790_/Y (sky130_fd_sc_hd__a31oi_1)
   0.483   62.007 v _18803_/X (sky130_fd_sc_hd__o41a_1)
   0.195   62.202 ^ _18807_/Y (sky130_fd_sc_hd__o211ai_2)
   0.124   62.326 v _18809_/Y (sky130_fd_sc_hd__a311oi_2)
   0.283   62.609 ^ _18812_/Y (sky130_fd_sc_hd__o311ai_1)
   0.163   62.771 v _18814_/Y (sky130_fd_sc_hd__a311oi_2)
   0.309   63.081 ^ _18817_/Y (sky130_fd_sc_hd__o311ai_2)
   0.152   63.233 v _18818_/Y (sky130_fd_sc_hd__nand3_2)
   0.237   63.470 ^ _18827_/Y (sky130_fd_sc_hd__o31ai_4)
   0.116   63.586 v _18830_/Y (sky130_fd_sc_hd__a211oi_2)
   0.358   63.944 ^ _18833_/Y (sky130_fd_sc_hd__o311ai_1)
   0.179   64.123 v _18835_/Y (sky130_fd_sc_hd__a311oi_2)
   0.299   64.422 ^ _18838_/Y (sky130_fd_sc_hd__o311ai_2)
   0.145   64.567 v _18840_/Y (sky130_fd_sc_hd__a311oi_2)
   0.440   65.007 ^ _18846_/Y (sky130_fd_sc_hd__o32ai_1)
   0.167   65.174 v _18860_/Y (sky130_fd_sc_hd__a211oi_2)
   0.226   65.399 ^ _18864_/Y (sky130_fd_sc_hd__o211ai_2)
   0.130   65.529 v _18867_/Y (sky130_fd_sc_hd__a311oi_2)
   0.313   65.842 ^ _18870_/Y (sky130_fd_sc_hd__o311ai_1)
   0.156   65.998 v _18873_/Y (sky130_fd_sc_hd__a311oi_2)
   0.235   66.233 ^ _18876_/Y (sky130_fd_sc_hd__o311ai_1)
   0.135   66.369 v _18878_/Y (sky130_fd_sc_hd__a311oi_1)
   0.366   66.735 ^ _18881_/Y (sky130_fd_sc_hd__o311ai_1)
   0.175   66.910 v _18884_/Y (sky130_fd_sc_hd__a311oi_2)
   0.286   67.196 ^ _18887_/Y (sky130_fd_sc_hd__o311ai_2)
   0.155   67.351 v _18889_/Y (sky130_fd_sc_hd__a311oi_2)
   0.369   67.720 ^ _18892_/Y (sky130_fd_sc_hd__o311ai_1)
   0.178   67.899 v _18894_/Y (sky130_fd_sc_hd__a311oi_2)
   0.286   68.185 ^ _18897_/Y (sky130_fd_sc_hd__o311ai_2)
   0.146   68.331 v _18918_/Y (sky130_fd_sc_hd__a31oi_2)
   0.218   68.549 v _18921_/X (sky130_fd_sc_hd__o21a_1)
   0.231   68.780 v _18924_/X (sky130_fd_sc_hd__o21a_2)
   0.175   68.955 ^ _18928_/Y (sky130_fd_sc_hd__o211ai_2)
   0.125   69.080 v _18930_/Y (sky130_fd_sc_hd__a311oi_2)
   0.316   69.396 ^ _18933_/Y (sky130_fd_sc_hd__o311ai_1)
   0.169   69.566 v _18935_/Y (sky130_fd_sc_hd__a311oi_2)
   0.267   69.832 ^ _18938_/Y (sky130_fd_sc_hd__o311ai_2)
   0.149   69.982 v _18940_/Y (sky130_fd_sc_hd__a311oi_2)
   0.318   70.300 ^ _18943_/Y (sky130_fd_sc_hd__o311ai_1)
   0.169   70.469 v _18945_/Y (sky130_fd_sc_hd__a311oi_2)
   0.267   70.735 ^ _18948_/Y (sky130_fd_sc_hd__o311ai_2)
   0.149   70.885 v _18950_/Y (sky130_fd_sc_hd__a311oi_2)
   0.271   71.156 ^ _18953_/Y (sky130_fd_sc_hd__o311ai_1)
   0.161   71.317 v _18954_/Y (sky130_fd_sc_hd__nand4_1)
   0.214   71.531 ^ _18959_/Y (sky130_fd_sc_hd__o31ai_2)
   0.122   71.653 v _18972_/Y (sky130_fd_sc_hd__a211oi_2)
   0.187   71.840 ^ _18977_/Y (sky130_fd_sc_hd__o211ai_2)
   0.124   71.965 v _18979_/Y (sky130_fd_sc_hd__a311oi_2)
   0.316   72.281 ^ _18982_/Y (sky130_fd_sc_hd__o311ai_1)
   0.161   72.442 v _18984_/Y (sky130_fd_sc_hd__a311oi_2)
   0.277   72.719 ^ _18988_/Y (sky130_fd_sc_hd__nor4_2)
   0.118   72.837 v _18992_/Y (sky130_fd_sc_hd__a31oi_1)
   0.350   73.187 ^ _19009_/Y (sky130_fd_sc_hd__a211oi_1)
   0.133   73.320 v _19013_/Y (sky130_fd_sc_hd__o311ai_2)
   0.304   73.624 ^ _19016_/Y (sky130_fd_sc_hd__a311oi_1)
   0.109   73.734 v _19022_/Y (sky130_fd_sc_hd__o311ai_1)
   0.341   74.075 ^ _19025_/Y (sky130_fd_sc_hd__a311oi_1)
   0.148   74.223 v _19030_/Y (sky130_fd_sc_hd__o311ai_2)
   0.301   74.523 ^ _19039_/Y (sky130_fd_sc_hd__o31ai_2)
   0.131   74.654 v _19044_/Y (sky130_fd_sc_hd__a211oi_2)
   0.289   74.943 ^ _19047_/Y (sky130_fd_sc_hd__o311ai_2)
   0.144   75.088 v _19050_/Y (sky130_fd_sc_hd__a311oi_2)
   0.365   75.453 ^ _19053_/Y (sky130_fd_sc_hd__o311ai_1)
   0.179   75.632 v _19055_/Y (sky130_fd_sc_hd__a311oi_2)
   0.272   75.904 ^ _19058_/Y (sky130_fd_sc_hd__o311ai_2)
   0.146   76.049 v _19060_/Y (sky130_fd_sc_hd__a311oi_1)
   0.264   76.314 ^ _19063_/Y (sky130_fd_sc_hd__o311ai_1)
   0.163   76.477 v _19066_/Y (sky130_fd_sc_hd__a311oi_1)
   0.271   76.748 ^ _19069_/Y (sky130_fd_sc_hd__o311ai_1)
   0.145   76.893 v _19071_/Y (sky130_fd_sc_hd__a311oi_1)
   0.328   77.221 v _19073_/X (sky130_fd_sc_hd__o31a_2)
   0.270   77.491 ^ _19076_/Y (sky130_fd_sc_hd__a211oi_2)
   0.223   77.715 ^ _19082_/X (sky130_fd_sc_hd__o311a_4)
   0.101   77.815 v _19088_/Y (sky130_fd_sc_hd__a31oi_4)
   0.215   78.031 ^ _19092_/Y (sky130_fd_sc_hd__o211ai_2)
   0.130   78.160 v _19094_/Y (sky130_fd_sc_hd__a311oi_2)
   0.313   78.473 ^ _19097_/Y (sky130_fd_sc_hd__o311ai_1)
   0.169   78.642 v _19099_/Y (sky130_fd_sc_hd__a311oi_2)
   0.240   78.882 ^ _19102_/Y (sky130_fd_sc_hd__o311ai_2)
   0.154   79.036 v _19103_/Y (sky130_fd_sc_hd__nand4_1)
   0.284   79.320 ^ _19110_/Y (sky130_fd_sc_hd__a221oi_2)
   0.078   79.397 v _19112_/Y (sky130_fd_sc_hd__o31ai_2)
   0.375   79.773 ^ _19132_/Y (sky130_fd_sc_hd__o311ai_1)
   0.132   79.905 v _19137_/Y (sky130_fd_sc_hd__a211oi_2)
   0.294   80.199 ^ _19159_/Y (sky130_fd_sc_hd__o31ai_2)
   0.284   80.483 ^ _19160_/X (sky130_fd_sc_hd__maj3_2)
   0.199   80.681 ^ _19161_/X (sky130_fd_sc_hd__maj3_4)
   0.061   80.743 v _19166_/Y (sky130_fd_sc_hd__a211oi_2)
   0.351   81.093 ^ _19169_/Y (sky130_fd_sc_hd__o311ai_1)
   0.167   81.261 v _19171_/Y (sky130_fd_sc_hd__a311oi_2)
   0.295   81.555 ^ _19174_/Y (sky130_fd_sc_hd__o311ai_2)
   0.144   81.699 v _19176_/Y (sky130_fd_sc_hd__a311oi_2)
   0.311   82.011 ^ _19179_/Y (sky130_fd_sc_hd__o311ai_1)
   0.170   82.180 v _19181_/Y (sky130_fd_sc_hd__a311oi_2)
   0.308   82.488 ^ _19184_/Y (sky130_fd_sc_hd__o311ai_2)
   0.156   82.645 v _19186_/Y (sky130_fd_sc_hd__a311oi_2)
   0.292   82.937 ^ _19189_/Y (sky130_fd_sc_hd__o311ai_2)
   0.165   83.102 v _19191_/Y (sky130_fd_sc_hd__a311oi_2)
   0.339   83.441 ^ _19195_/Y (sky130_fd_sc_hd__nor4b_2)
   0.225   83.665 ^ _19218_/X (sky130_fd_sc_hd__a31o_4)
   0.061   83.727 v _19223_/Y (sky130_fd_sc_hd__a211oi_2)
   0.215   83.942 ^ _19226_/Y (sky130_fd_sc_hd__o311ai_1)
   0.135   84.077 v _19228_/Y (sky130_fd_sc_hd__a311oi_1)
   0.341   84.418 ^ _19231_/Y (sky130_fd_sc_hd__o311ai_1)
   0.264   84.682 ^ _19232_/X (sky130_fd_sc_hd__and3_4)
   0.129   84.811 v _19255_/Y (sky130_fd_sc_hd__a41oi_4)
   0.185   84.996 ^ _19259_/Y (sky130_fd_sc_hd__o211ai_2)
   0.125   85.121 v _19261_/Y (sky130_fd_sc_hd__a311oi_2)
   0.317   85.438 ^ _19264_/Y (sky130_fd_sc_hd__o311ai_1)
   0.202   85.640 v _19271_/Y (sky130_fd_sc_hd__a41oi_2)
   0.191   85.831 ^ _19274_/Y (sky130_fd_sc_hd__o211ai_2)
   0.123   85.954 v _19297_/Y (sky130_fd_sc_hd__a31oi_2)
   0.209   86.163 ^ _19301_/Y (sky130_fd_sc_hd__o211ai_2)
   0.122   86.285 v _19303_/Y (sky130_fd_sc_hd__a311oi_2)
   0.364   86.649 ^ _19306_/Y (sky130_fd_sc_hd__o311ai_1)
   0.187   86.836 v _19309_/Y (sky130_fd_sc_hd__a311oi_2)
   0.302   87.138 ^ _19312_/Y (sky130_fd_sc_hd__o311ai_2)
   0.174   87.312 v _19315_/Y (sky130_fd_sc_hd__a311oi_2)
   0.298   87.610 ^ _19318_/Y (sky130_fd_sc_hd__o311ai_2)
   0.157   87.767 v _19320_/Y (sky130_fd_sc_hd__a311oi_2)
   0.316   88.083 ^ _19323_/Y (sky130_fd_sc_hd__o311ai_1)
   0.166   88.249 v _19325_/Y (sky130_fd_sc_hd__a311oi_2)
   0.296   88.545 ^ _19328_/Y (sky130_fd_sc_hd__o311ai_2)
   0.165   88.710 v _19331_/Y (sky130_fd_sc_hd__a311oi_2)
   0.381   89.091 ^ _19333_/Y (sky130_fd_sc_hd__nor4_2)
   0.152   89.243 v _19357_/Y (sky130_fd_sc_hd__a31oi_4)
   0.220   89.463 ^ _19361_/Y (sky130_fd_sc_hd__o211ai_2)
   0.122   89.585 v _19363_/Y (sky130_fd_sc_hd__a311oi_2)
   0.365   89.950 ^ _19366_/Y (sky130_fd_sc_hd__o311ai_1)
   0.167   90.117 v _19368_/Y (sky130_fd_sc_hd__a311oi_2)
   0.260   90.377 ^ _19370_/Y (sky130_fd_sc_hd__o31ai_2)
   0.292   90.669 ^ _19371_/X (sky130_fd_sc_hd__maj3_2)
   0.074   90.743 v _19376_/Y (sky130_fd_sc_hd__a211oi_2)
   0.353   91.096 ^ _19379_/Y (sky130_fd_sc_hd__o311ai_1)
   0.167   91.263 v _19381_/Y (sky130_fd_sc_hd__a311oi_2)
   0.277   91.540 ^ _19383_/Y (sky130_fd_sc_hd__o31ai_2)
   0.271   91.811 ^ _19384_/X (sky130_fd_sc_hd__maj3_4)
   0.067   91.878 v _19389_/Y (sky130_fd_sc_hd__a211oi_2)
   0.262   92.141 ^ _19391_/Y (sky130_fd_sc_hd__o31ai_2)
   0.234   92.374 ^ _19395_/X (sky130_fd_sc_hd__o211a_1)
   0.096   92.470 v _19399_/Y (sky130_fd_sc_hd__o311ai_2)
   0.222   92.692 v _19402_/X (sky130_fd_sc_hd__a21o_1)
   0.186   92.878 ^ _19404_/Y (sky130_fd_sc_hd__a21oi_2)
   0.188   93.066 ^ _19409_/X (sky130_fd_sc_hd__o311a_1)
   0.065   93.131 v _19411_/Y (sky130_fd_sc_hd__o21ai_2)
   0.222   93.353 v _19413_/X (sky130_fd_sc_hd__a21o_2)
   0.153   93.505 v _26730_/X (sky130_fd_sc_hd__and3_1)
   0.145   93.651 ^ _26736_/Y (sky130_fd_sc_hd__o32ai_1)
   0.000   93.651 ^ total_discount[1023] (out)
           93.651   data arrival time

  97.684   97.684   clock clk (rise edge)
   0.000   97.684   clock network delay (ideal)
   0.000   97.684   clock reconvergence pessimism
   0.000   97.684   output external delay
           97.684   data required time
-----------------------------------------------------------
           97.684   data required time
          -93.651   data arrival time
-----------------------------------------------------------
            4.033   slack (MET)


