EQY  7:49:07 [prop] read_gold: starting process "yosys -ql prop/gold.log prop/gold.ys"
EQY  7:49:08 [prop] read_gold: Warning: Encountered `translate_off' comment! Such legacy hot comments are supported by Yosys, but are not part of any formal language specification. Using a portable and standards-compliant construct such as `ifdef is recommended!
EQY  7:49:08 [prop] read_gate: starting process "yosys -ql prop/gate.log prop/gate.ys"
EQY  7:49:08 [prop] read_gate: Warning: Encountered `translate_off' comment! Such legacy hot comments are supported by Yosys, but are not part of any formal language specification. Using a portable and standards-compliant construct such as `ifdef is recommended!
EQY  7:49:10 [prop] read_gate: finished (returncode=0)
EQY  7:49:10 [prop] read_gold: finished (returncode=0)
EQY  7:49:10 [prop] combine: starting process "yosys -ql prop/combine.log prop/combine.ys"
EQY  7:49:10 [prop] combine: finished (returncode=0)
EQY  7:49:10 [prop] partition: starting process "cd prop; yosys -ql partition.log partition.ys"
EQY  7:49:11 [prop] partition: finished (returncode=0)
EQY  7:49:11 [prop] run: starting process "make -C prop -f strategies.mk"
EQY  7:49:11 [prop] run: make: Entering directory '/home/toshn/slacksmith_work/survival_tv80/run4/gates/O1/prop'
EQY  7:49:11 [prop] run: Running strategy 'sat' on 'tv80_mcode_gold.ALU_Op'..
EQY  7:49:11 [prop] run: Proved equivalence of partition 'tv80_mcode_gold.ALU_Op' using strategy 'sat'
EQY  7:49:11 [prop] run: Running strategy 'sat' on 'tv80_mcode_gold.Arith16'..
EQY  7:49:11 [prop] run: Proved equivalence of partition 'tv80_mcode_gold.Arith16' using strategy 'sat'
EQY  7:49:11 [prop] run: Running strategy 'sat' on 'tv80_mcode_gold.Call'..
EQY  7:49:12 [prop] run: Proved equivalence of partition 'tv80_mcode_gold.Call' using strategy 'sat'
EQY  7:49:12 [prop] run: Running strategy 'sat' on 'tv80_mcode_gold.DDD.0'..
EQY  7:49:12 [prop] run: Proved equivalence of partition 'tv80_mcode_gold.DDD.0' using strategy 'sat'
EQY  7:49:12 [prop] run: Running strategy 'sat' on 'tv80_mcode_gold.DDD.1'..
EQY  7:49:12 [prop] run: Proved equivalence of partition 'tv80_mcode_gold.DDD.1' using strategy 'sat'
EQY  7:49:12 [prop] run: Running strategy 'sat' on 'tv80_mcode_gold.DDD.2'..
EQY  7:49:12 [prop] run: Proved equivalence of partition 'tv80_mcode_gold.DDD.2' using strategy 'sat'
EQY  7:49:12 [prop] run: Running strategy 'sat' on 'tv80_mcode_gold.DPAIR.0'..
EQY  7:49:12 [prop] run: Proved equivalence of partition 'tv80_mcode_gold.DPAIR.0' using strategy 'sat'
EQY  7:49:12 [prop] run: Running strategy 'sat' on 'tv80_mcode_gold.DPAIR.1'..
EQY  7:49:12 [prop] run: Proved equivalence of partition 'tv80_mcode_gold.DPAIR.1' using strategy 'sat'
EQY  7:49:12 [prop] run: Running strategy 'sat' on 'tv80_mcode_gold.ExchangeAF'..
EQY  7:49:12 [prop] run: Proved equivalence of partition 'tv80_mcode_gold.ExchangeAF' using strategy 'sat'
EQY  7:49:12 [prop] run: Running strategy 'sat' on 'tv80_mcode_gold.ExchangeDH'..
EQY  7:49:12 [prop] run: Proved equivalence of partition 'tv80_mcode_gold.ExchangeDH' using strategy 'sat'
EQY  7:49:12 [prop] run: Running strategy 'sat' on 'tv80_mcode_gold.ExchangeRS'..
EQY  7:49:13 [prop] run: Proved equivalence of partition 'tv80_mcode_gold.ExchangeRS' using strategy 'sat'
EQY  7:49:13 [prop] run: Running strategy 'sat' on 'tv80_mcode_gold.ExchangeRp'..
EQY  7:49:13 [prop] run: Proved equivalence of partition 'tv80_mcode_gold.ExchangeRp' using strategy 'sat'
EQY  7:49:13 [prop] run: Running strategy 'sat' on 'tv80_mcode_gold.Halt'..
EQY  7:49:13 [prop] run: Proved equivalence of partition 'tv80_mcode_gold.Halt' using strategy 'sat'
EQY  7:49:13 [prop] run: Running strategy 'sat' on 'tv80_mcode_gold.IMode'..
EQY  7:49:13 [prop] run: Proved equivalence of partition 'tv80_mcode_gold.IMode' using strategy 'sat'
EQY  7:49:13 [prop] run: Running strategy 'sat' on 'tv80_mcode_gold.IORQ'..
EQY  7:49:13 [prop] run: Proved equivalence of partition 'tv80_mcode_gold.IORQ' using strategy 'sat'
EQY  7:49:13 [prop] run: Running strategy 'sat' on 'tv80_mcode_gold.I_BC'..
EQY  7:49:13 [prop] run: Proved equivalence of partition 'tv80_mcode_gold.I_BC' using strategy 'sat'
EQY  7:49:13 [prop] run: Running strategy 'sat' on 'tv80_mcode_gold.I_BT'..
EQY  7:49:13 [prop] run: Proved equivalence of partition 'tv80_mcode_gold.I_BT' using strategy 'sat'
EQY  7:49:13 [prop] run: Running strategy 'sat' on 'tv80_mcode_gold.I_BTR'..
EQY  7:49:14 [prop] run: Proved equivalence of partition 'tv80_mcode_gold.I_BTR' using strategy 'sat'
EQY  7:49:14 [prop] run: Running strategy 'sat' on 'tv80_mcode_gold.I_CCF'..
EQY  7:49:14 [prop] run: Proved equivalence of partition 'tv80_mcode_gold.I_CCF' using strategy 'sat'
EQY  7:49:14 [prop] run: Running strategy 'sat' on 'tv80_mcode_gold.I_CPL'..
EQY  7:49:14 [prop] run: Proved equivalence of partition 'tv80_mcode_gold.I_CPL' using strategy 'sat'
EQY  7:49:14 [prop] run: Running strategy 'sat' on 'tv80_mcode_gold.I_DJNZ'..
EQY  7:49:14 [prop] run: Proved equivalence of partition 'tv80_mcode_gold.I_DJNZ' using strategy 'sat'
EQY  7:49:14 [prop] run: Running strategy 'sat' on 'tv80_mcode_gold.I_INRC'..
EQY  7:49:14 [prop] run: Proved equivalence of partition 'tv80_mcode_gold.I_INRC' using strategy 'sat'
EQY  7:49:14 [prop] run: Running strategy 'sat' on 'tv80_mcode_gold.I_RETN'..
EQY  7:49:14 [prop] run: Proved equivalence of partition 'tv80_mcode_gold.I_RETN' using strategy 'sat'
EQY  7:49:14 [prop] run: Running strategy 'sat' on 'tv80_mcode_gold.I_RLD'..
EQY  7:49:14 [prop] run: Proved equivalence of partition 'tv80_mcode_gold.I_RLD' using strategy 'sat'
EQY  7:49:14 [prop] run: Running strategy 'sat' on 'tv80_mcode_gold.I_RRD'..
EQY  7:49:15 [prop] run: Proved equivalence of partition 'tv80_mcode_gold.I_RRD' using strategy 'sat'
EQY  7:49:15 [prop] run: Running strategy 'sat' on 'tv80_mcode_gold.I_SCF'..
EQY  7:49:15 [prop] run: Proved equivalence of partition 'tv80_mcode_gold.I_SCF' using strategy 'sat'
EQY  7:49:15 [prop] run: Running strategy 'sat' on 'tv80_mcode_gold.IncDec_16'..
EQY  7:49:15 [prop] run: Proved equivalence of partition 'tv80_mcode_gold.IncDec_16' using strategy 'sat'
EQY  7:49:15 [prop] run: Running strategy 'sat' on 'tv80_mcode_gold.Inc_PC'..
EQY  7:49:15 [prop] run: Proved equivalence of partition 'tv80_mcode_gold.Inc_PC' using strategy 'sat'
EQY  7:49:15 [prop] run: Running strategy 'sat' on 'tv80_mcode_gold.Inc_WZ'..
EQY  7:49:15 [prop] run: Proved equivalence of partition 'tv80_mcode_gold.Inc_WZ' using strategy 'sat'
EQY  7:49:15 [prop] run: Running strategy 'sat' on 'tv80_mcode_gold.Jump'..
EQY  7:49:16 [prop] run: Proved equivalence of partition 'tv80_mcode_gold.Jump' using strategy 'sat'
EQY  7:49:16 [prop] run: Running strategy 'sat' on 'tv80_mcode_gold.JumpE'..
EQY  7:49:16 [prop] run: Proved equivalence of partition 'tv80_mcode_gold.JumpE' using strategy 'sat'
EQY  7:49:16 [prop] run: Running strategy 'sat' on 'tv80_mcode_gold.JumpXY'..
EQY  7:49:16 [prop] run: Proved equivalence of partition 'tv80_mcode_gold.JumpXY' using strategy 'sat'
EQY  7:49:16 [prop] run: Running strategy 'sat' on 'tv80_mcode_gold.LDSPHL'..
EQY  7:49:16 [prop] run: Proved equivalence of partition 'tv80_mcode_gold.LDSPHL' using strategy 'sat'
EQY  7:49:16 [prop] run: Running strategy 'sat' on 'tv80_mcode_gold.LDW'..
EQY  7:49:16 [prop] run: Proved equivalence of partition 'tv80_mcode_gold.LDW' using strategy 'sat'
EQY  7:49:16 [prop] run: Running strategy 'sat' on 'tv80_mcode_gold.LDZ'..
EQY  7:49:17 [prop] run: Proved equivalence of partition 'tv80_mcode_gold.LDZ' using strategy 'sat'
EQY  7:49:17 [prop] run: Running strategy 'sat' on 'tv80_mcode_gold.MCycles'..
EQY  7:49:18 [prop] run: Proved equivalence of partition 'tv80_mcode_gold.MCycles' using strategy 'sat'
EQY  7:49:18 [prop] run: Running strategy 'sat' on 'tv80_mcode_gold.NoRead'..
EQY  7:49:18 [prop] run: Proved equivalence of partition 'tv80_mcode_gold.NoRead' using strategy 'sat'
EQY  7:49:18 [prop] run: Running strategy 'sat' on 'tv80_mcode_gold.Prefix'..
EQY  7:49:18 [prop] run: Proved equivalence of partition 'tv80_mcode_gold.Prefix' using strategy 'sat'
EQY  7:49:18 [prop] run: Running strategy 'sat' on 'tv80_mcode_gold.PreserveC'..
EQY  7:49:18 [prop] run: Proved equivalence of partition 'tv80_mcode_gold.PreserveC' using strategy 'sat'
EQY  7:49:18 [prop] run: Running strategy 'sat' on 'tv80_mcode_gold.Read_To_Acc'..
EQY  7:49:18 [prop] run: Proved equivalence of partition 'tv80_mcode_gold.Read_To_Acc' using strategy 'sat'
EQY  7:49:18 [prop] run: Running strategy 'sat' on 'tv80_mcode_gold.Read_To_Reg'..
EQY  7:49:19 [prop] run: Proved equivalence of partition 'tv80_mcode_gold.Read_To_Reg' using strategy 'sat'
EQY  7:49:19 [prop] run: Running strategy 'sat' on 'tv80_mcode_gold.RstP'..
EQY  7:49:19 [prop] run: Proved equivalence of partition 'tv80_mcode_gold.RstP' using strategy 'sat'
EQY  7:49:19 [prop] run: Running strategy 'sat' on 'tv80_mcode_gold.SSS.0'..
EQY  7:49:19 [prop] run: Proved equivalence of partition 'tv80_mcode_gold.SSS.0' using strategy 'sat'
EQY  7:49:19 [prop] run: Running strategy 'sat' on 'tv80_mcode_gold.SSS.1'..
EQY  7:49:19 [prop] run: Proved equivalence of partition 'tv80_mcode_gold.SSS.1' using strategy 'sat'
EQY  7:49:19 [prop] run: Running strategy 'sat' on 'tv80_mcode_gold.SSS.2'..
EQY  7:49:19 [prop] run: Proved equivalence of partition 'tv80_mcode_gold.SSS.2' using strategy 'sat'
EQY  7:49:19 [prop] run: Running strategy 'sat' on 'tv80_mcode_gold.Save_ALU'..
EQY  7:49:20 [prop] run: Proved equivalence of partition 'tv80_mcode_gold.Save_ALU' using strategy 'sat'
EQY  7:49:20 [prop] run: Running strategy 'sat' on 'tv80_mcode_gold.SetDI'..
EQY  7:49:20 [prop] run: Proved equivalence of partition 'tv80_mcode_gold.SetDI' using strategy 'sat'
EQY  7:49:20 [prop] run: Running strategy 'sat' on 'tv80_mcode_gold.SetEI'..
EQY  7:49:20 [prop] run: Proved equivalence of partition 'tv80_mcode_gold.SetEI' using strategy 'sat'
EQY  7:49:20 [prop] run: Running strategy 'sat' on 'tv80_mcode_gold.Set_Addr_To'..
EQY  7:49:20 [prop] run: Proved equivalence of partition 'tv80_mcode_gold.Set_Addr_To' using strategy 'sat'
EQY  7:49:20 [prop] run: Running strategy 'sat' on 'tv80_mcode_gold.Set_BusA_To'..
EQY  7:49:21 [prop] run: Proved equivalence of partition 'tv80_mcode_gold.Set_BusA_To' using strategy 'sat'
EQY  7:49:21 [prop] run: Running strategy 'sat' on 'tv80_mcode_gold.Set_BusB_To'..
EQY  7:49:21 [prop] run: Proved equivalence of partition 'tv80_mcode_gold.Set_BusB_To' using strategy 'sat'
EQY  7:49:21 [prop] run: Running strategy 'sat' on 'tv80_mcode_gold.Special_LD'..
EQY  7:49:21 [prop] run: Proved equivalence of partition 'tv80_mcode_gold.Special_LD' using strategy 'sat'
EQY  7:49:21 [prop] run: Running strategy 'sat' on 'tv80_mcode_gold.TStates'..
EQY  7:49:22 [prop] run: Proved equivalence of partition 'tv80_mcode_gold.TStates' using strategy 'sat'
EQY  7:49:22 [prop] run: Running strategy 'sat' on 'tv80_mcode_gold.Write'..
EQY  7:49:22 [prop] run: Proved equivalence of partition 'tv80_mcode_gold.Write' using strategy 'sat'
EQY  7:49:22 [prop] run: make -f strategies.mk summary
EQY  7:49:22 [prop] run: make[1]: Entering directory '/home/toshn/slacksmith_work/survival_tv80/run4/gates/O1/prop'
EQY  7:49:22 [prop] run: make[1]: Leaving directory '/home/toshn/slacksmith_work/survival_tv80/run4/gates/O1/prop'
EQY  7:49:22 [prop] run: make: Leaving directory '/home/toshn/slacksmith_work/survival_tv80/run4/gates/O1/prop'
EQY  7:49:22 [prop] run: finished (returncode=0)
EQY  7:49:22 [prop] Successfully proved equivalence of partition tv80_mcode_gold.Write
EQY  7:49:22 [prop] Successfully proved equivalence of partition tv80_mcode_gold.TStates
EQY  7:49:22 [prop] Successfully proved equivalence of partition tv80_mcode_gold.Special_LD
EQY  7:49:22 [prop] Successfully proved equivalence of partition tv80_mcode_gold.Set_BusB_To
EQY  7:49:22 [prop] Successfully proved equivalence of partition tv80_mcode_gold.Set_BusA_To
EQY  7:49:22 [prop] Successfully proved equivalence of partition tv80_mcode_gold.Set_Addr_To
EQY  7:49:22 [prop] Successfully proved equivalence of partition tv80_mcode_gold.SetEI
EQY  7:49:22 [prop] Successfully proved equivalence of partition tv80_mcode_gold.SetDI
EQY  7:49:22 [prop] Successfully proved equivalence of partition tv80_mcode_gold.Save_ALU
EQY  7:49:22 [prop] Successfully proved equivalence of partition tv80_mcode_gold.SSS.2
EQY  7:49:22 [prop] Successfully proved equivalence of partition tv80_mcode_gold.SSS.1
EQY  7:49:22 [prop] Successfully proved equivalence of partition tv80_mcode_gold.SSS.0
EQY  7:49:22 [prop] Successfully proved equivalence of partition tv80_mcode_gold.RstP
EQY  7:49:22 [prop] Successfully proved equivalence of partition tv80_mcode_gold.Read_To_Reg
EQY  7:49:22 [prop] Successfully proved equivalence of partition tv80_mcode_gold.Read_To_Acc
EQY  7:49:22 [prop] Successfully proved equivalence of partition tv80_mcode_gold.PreserveC
EQY  7:49:22 [prop] Successfully proved equivalence of partition tv80_mcode_gold.Prefix
EQY  7:49:22 [prop] Successfully proved equivalence of partition tv80_mcode_gold.NoRead
EQY  7:49:22 [prop] Successfully proved equivalence of partition tv80_mcode_gold.MCycles
EQY  7:49:22 [prop] Successfully proved equivalence of partition tv80_mcode_gold.LDZ
EQY  7:49:22 [prop] Successfully proved equivalence of partition tv80_mcode_gold.LDW
EQY  7:49:22 [prop] Successfully proved equivalence of partition tv80_mcode_gold.LDSPHL
EQY  7:49:22 [prop] Successfully proved equivalence of partition tv80_mcode_gold.JumpXY
EQY  7:49:22 [prop] Successfully proved equivalence of partition tv80_mcode_gold.JumpE
EQY  7:49:22 [prop] Successfully proved equivalence of partition tv80_mcode_gold.Jump
EQY  7:49:22 [prop] Successfully proved equivalence of partition tv80_mcode_gold.Inc_WZ
EQY  7:49:22 [prop] Successfully proved equivalence of partition tv80_mcode_gold.Inc_PC
EQY  7:49:22 [prop] Successfully proved equivalence of partition tv80_mcode_gold.IncDec_16
EQY  7:49:22 [prop] Successfully proved equivalence of partition tv80_mcode_gold.I_SCF
EQY  7:49:22 [prop] Successfully proved equivalence of partition tv80_mcode_gold.I_RRD
EQY  7:49:22 [prop] Successfully proved equivalence of partition tv80_mcode_gold.I_RLD
EQY  7:49:22 [prop] Successfully proved equivalence of partition tv80_mcode_gold.I_RETN
EQY  7:49:22 [prop] Successfully proved equivalence of partition tv80_mcode_gold.I_INRC
EQY  7:49:22 [prop] Successfully proved equivalence of partition tv80_mcode_gold.I_DJNZ
EQY  7:49:22 [prop] Successfully proved equivalence of partition tv80_mcode_gold.I_CPL
EQY  7:49:22 [prop] Successfully proved equivalence of partition tv80_mcode_gold.I_CCF
EQY  7:49:22 [prop] Successfully proved equivalence of partition tv80_mcode_gold.I_BTR
EQY  7:49:22 [prop] Successfully proved equivalence of partition tv80_mcode_gold.I_BT
EQY  7:49:22 [prop] Successfully proved equivalence of partition tv80_mcode_gold.I_BC
EQY  7:49:22 [prop] Successfully proved equivalence of partition tv80_mcode_gold.IORQ
EQY  7:49:22 [prop] Successfully proved equivalence of partition tv80_mcode_gold.IMode
EQY  7:49:22 [prop] Successfully proved equivalence of partition tv80_mcode_gold.Halt
EQY  7:49:22 [prop] Successfully proved equivalence of partition tv80_mcode_gold.ExchangeRp
EQY  7:49:22 [prop] Successfully proved equivalence of partition tv80_mcode_gold.ExchangeRS
EQY  7:49:22 [prop] Successfully proved equivalence of partition tv80_mcode_gold.ExchangeDH
EQY  7:49:22 [prop] Successfully proved equivalence of partition tv80_mcode_gold.ExchangeAF
EQY  7:49:22 [prop] Successfully proved equivalence of partition tv80_mcode_gold.DPAIR.1
EQY  7:49:22 [prop] Successfully proved equivalence of partition tv80_mcode_gold.DPAIR.0
EQY  7:49:22 [prop] Successfully proved equivalence of partition tv80_mcode_gold.DDD.2
EQY  7:49:22 [prop] Successfully proved equivalence of partition tv80_mcode_gold.DDD.1
EQY  7:49:22 [prop] Successfully proved equivalence of partition tv80_mcode_gold.DDD.0
EQY  7:49:22 [prop] Successfully proved equivalence of partition tv80_mcode_gold.Call
EQY  7:49:22 [prop] Successfully proved equivalence of partition tv80_mcode_gold.Arith16
EQY  7:49:22 [prop] Successfully proved equivalence of partition tv80_mcode_gold.ALU_Op
EQY  7:49:22 [prop] Successfully proved designs equivalent
EQY  7:49:22 [prop] summary: Elapsed clock time [H:MM:SS (secs)]: 0:00:14 (14)
EQY  7:49:22 [prop] summary: Elapsed process time [H:MM:SS (secs)]: 0:00:12 (12)
EQY  7:49:22 [prop] DONE (PASS, rc=0)
