---CLOCK:clk---
Startpoint: _35564_ (rising edge-triggered flip-flop clocked by clk)
Endpoint: _36128_ (rising edge-triggered flip-flop clocked by clk)
Path Group: clk
Path Type: max

   Delay     Time   Description
-----------------------------------------------------------
   0.000    0.000   clock clk (rise edge)
   0.000    0.000   clock network delay (ideal)
   0.000    0.000 ^ _35564_/CLK (sky130_fd_sc_hd__dfstp_2)
   0.615    0.615 ^ _35564_/Q (sky130_fd_sc_hd__dfstp_2)
   0.175    0.790 v _17695_/Y (sky130_fd_sc_hd__nand4bb_2)
   0.331    1.121 ^ _17696_/Y (sky130_fd_sc_hd__nor2_4)
   0.234    1.355 ^ _17697_/X (sky130_fd_sc_hd__buf_6)
   0.199    1.554 ^ _17698_/X (sky130_fd_sc_hd__buf_6)
   0.202    1.756 ^ _17699_/X (sky130_fd_sc_hd__buf_6)
   0.384    2.140 v _18150_/X (sky130_fd_sc_hd__mux2_2)
   0.249    2.389 v _22783_/X (sky130_fd_sc_hd__a211o_1)
   0.352    2.741 v _22786_/X (sky130_fd_sc_hd__or3_1)
   0.491    3.232 ^ _22787_/Y (sky130_fd_sc_hd__a221oi_1)
   0.162    3.394 v _23455_/Y (sky130_fd_sc_hd__nand3_1)
   0.255    3.648 ^ _23456_/Y (sky130_fd_sc_hd__nor4_1)
   0.211    3.859 ^ _23549_/X (sky130_fd_sc_hd__and2_1)
   0.077    3.936 v _23746_/Y (sky130_fd_sc_hd__nand3_1)
   0.077    4.013 ^ _23747_/Y (sky130_fd_sc_hd__inv_1)
   0.194    4.207 ^ _23973_/X (sky130_fd_sc_hd__and3_1)
   0.091    4.297 v _24251_/Y (sky130_fd_sc_hd__nand3_1)
   0.256    4.553 v _24353_/X (sky130_fd_sc_hd__or2_1)
   0.377    4.930 v _24693_/X (sky130_fd_sc_hd__or3_1)
   0.220    5.150 ^ _25138_/Y (sky130_fd_sc_hd__nor3_1)
   0.087    5.237 v _25368_/Y (sky130_fd_sc_hd__nand2_1)
   0.217    5.454 v _25530_/X (sky130_fd_sc_hd__or2_0)
   0.147    5.601 ^ _25706_/Y (sky130_fd_sc_hd__nor2_1)
   0.079    5.680 v _26026_/Y (sky130_fd_sc_hd__nand2_1)
   0.228    5.908 v _26209_/X (sky130_fd_sc_hd__or2_1)
   0.122    6.030 ^ _26417_/Y (sky130_fd_sc_hd__nor2_1)
   0.092    6.123 v _26610_/Y (sky130_fd_sc_hd__nand2_1)
   0.086    6.209 ^ _26611_/Y (sky130_fd_sc_hd__nand2_1)
   0.057    6.266 v _26612_/X (sky130_fd_sc_hd__xor2_1)
   0.575    6.841 ^ _26614_/Y (sky130_fd_sc_hd__o221ai_1)
   0.167    7.008 v _26785_/Y (sky130_fd_sc_hd__nand2_1)
   0.202    7.210 ^ _26786_/Y (sky130_fd_sc_hd__nor3_1)
   0.089    7.299 v _26787_/Y (sky130_fd_sc_hd__nor2_1)
   0.232    7.531 ^ _26948_/Y (sky130_fd_sc_hd__a31oi_1)
   0.160    7.691 ^ _26949_/Y (sky130_fd_sc_hd__xnor2_1)
   0.117    7.808 v _26951_/Y (sky130_fd_sc_hd__xnor2_1)
   0.355    8.164 v _27109_/X (sky130_fd_sc_hd__maj3_1)
   0.213    8.377 ^ _27139_/X (sky130_fd_sc_hd__xor2_1)
   0.219    8.596 ^ _27140_/X (sky130_fd_sc_hd__xor2_1)
   0.174    8.770 ^ _27141_/Y (sky130_fd_sc_hd__xnor2_1)
   0.057    8.827 v _27211_/Y (sky130_fd_sc_hd__nor2_1)
   0.208    9.034 ^ _27212_/Y (sky130_fd_sc_hd__a21oi_1)
   0.119    9.153 v _27308_/Y (sky130_fd_sc_hd__xnor2_1)
   0.130    9.283 v _27309_/Y (sky130_fd_sc_hd__xnor2_1)
   0.298    9.581 v _27311_/X (sky130_fd_sc_hd__or3_1)
   0.089    9.670 ^ _27312_/Y (sky130_fd_sc_hd__nand2_1)
   0.190    9.860 ^ _27313_/X (sky130_fd_sc_hd__xor2_1)
   0.170   10.030 ^ _27314_/Y (sky130_fd_sc_hd__xnor2_1)
   0.209   10.240 ^ _27315_/X (sky130_fd_sc_hd__xor2_1)
   0.131   10.371 v _27317_/Y (sky130_fd_sc_hd__xnor2_1)
   0.300   10.671 ^ _27325_/Y (sky130_fd_sc_hd__o31ai_2)
   0.113   10.783 v _27485_/Y (sky130_fd_sc_hd__a21oi_2)
   0.175   10.958 ^ _27633_/Y (sky130_fd_sc_hd__o21ai_2)
   0.236   11.194 ^ _27777_/X (sky130_fd_sc_hd__maj3_2)
   0.080   11.274 v _28198_/Y (sky130_fd_sc_hd__a211oi_2)
   0.260   11.534 ^ _28205_/Y (sky130_fd_sc_hd__o31ai_2)
   0.111   11.645 v _28466_/Y (sky130_fd_sc_hd__a21oi_2)
   0.154   11.799 ^ _28472_/Y (sky130_fd_sc_hd__o21ai_2)
   0.084   11.884 v _28601_/Y (sky130_fd_sc_hd__a32oi_2)
   0.225   12.108 ^ _28924_/Y (sky130_fd_sc_hd__o211ai_2)
   0.140   12.248 v _28929_/Y (sky130_fd_sc_hd__a32oi_2)
   0.214   12.462 v _29029_/X (sky130_fd_sc_hd__o21a_1)
   0.192   12.653 v _29122_/X (sky130_fd_sc_hd__o32a_2)
   0.212   12.865 ^ _29292_/Y (sky130_fd_sc_hd__o21ai_2)
   0.117   12.983 v _29375_/Y (sky130_fd_sc_hd__a31oi_4)
   0.182   13.165 ^ _29451_/Y (sky130_fd_sc_hd__o21ai_2)
   0.085   13.250 v _29520_/Y (sky130_fd_sc_hd__a21oi_2)
   0.157   13.407 ^ _29587_/Y (sky130_fd_sc_hd__o21ai_2)
   0.193   13.601 ^ _29649_/X (sky130_fd_sc_hd__a32o_1)
   0.089   13.690 v _29807_/Y (sky130_fd_sc_hd__a211oi_2)
   0.267   13.957 v _29814_/X (sky130_fd_sc_hd__o31a_1)
   0.231   14.189 v _29865_/X (sky130_fd_sc_hd__o21a_2)
   0.167   14.356 ^ _29903_/Y (sky130_fd_sc_hd__o21ai_2)
   0.087   14.443 v _29962_/Y (sky130_fd_sc_hd__a21oi_2)
   0.205   14.648 ^ _30014_/Y (sky130_fd_sc_hd__o211ai_1)
   0.120   14.767 v _30030_/Y (sky130_fd_sc_hd__a31oi_1)
   0.198   14.965 v _30031_/X (sky130_fd_sc_hd__a22o_1)
   0.000   14.965 v _36128_/D (sky130_fd_sc_hd__dfrtp_1)
           14.965   data arrival time

  27.916   27.916   clock clk (rise edge)
   0.000   27.916   clock network delay (ideal)
   0.000   27.916   clock reconvergence pessimism
           27.916 ^ _36128_/CLK (sky130_fd_sc_hd__dfrtp_1)
  -0.121   27.795   library setup time
           27.795   data required time
-----------------------------------------------------------
           27.795   data required time
          -14.965   data arrival time
-----------------------------------------------------------
           12.830   slack (MET)


