Warning 366: io_A.rpt.tcl line 1, port 'clk' not found.
Warning 366: io_A.rpt.tcl line 1, port 'rst' not found.
Warning 471: io_A.rpt.tcl line 1, no valid objects specified for -from.
---CLOCK:clk---
Startpoint: X[3] (input port clocked by clk)
Endpoint: h_out[15] (output port clocked by clk)
Path Group: clk
Path Type: max

   Delay     Time   Description
-----------------------------------------------------------
   0.000    0.000   clock clk (rise edge)
   0.000    0.000   clock network delay (ideal)
   0.000    0.000 ^ input external delay
   0.000    0.000 ^ X[3] (in)
   0.120    0.120 ^ A3/_2219_/X (sky130_fd_sc_hd__and2_0)
   0.402    0.522 v A3/_2236_/X (sky130_fd_sc_hd__xnor3_1)
   0.398    0.920 ^ A3/_2242_/X (sky130_fd_sc_hd__xnor3_1)
   0.167    1.086 ^ A3/_2243_/Y (sky130_fd_sc_hd__nor2b_1)
   0.455    1.541 v A3/_2264_/X (sky130_fd_sc_hd__xor3_1)
   0.396    1.937 v A3/_2290_/X (sky130_fd_sc_hd__xor3_1)
   0.365    2.303 v A3/_2350_/X (sky130_fd_sc_hd__xor3_1)
   0.232    2.535 v A3/_2352_/X (sky130_fd_sc_hd__or2_0)
   0.173    2.708 v A3/_2408_/X (sky130_fd_sc_hd__and2_0)
   0.209    2.918 ^ A3/_2726_/Y (sky130_fd_sc_hd__xnor2_1)
   0.357    3.275 v A3/_2735_/X (sky130_fd_sc_hd__xnor3_1)
   0.190    3.464 v A3/_2736_/X (sky130_fd_sc_hd__a21o_1)
   0.383    3.847 v A3/_2738_/X (sky130_fd_sc_hd__maj3_1)
   0.390    4.237 v A3/_2740_/X (sky130_fd_sc_hd__maj3_1)
   0.390    4.627 v A3/_2973_/X (sky130_fd_sc_hd__maj3_1)
   0.382    5.009 v A3/_2975_/X (sky130_fd_sc_hd__maj3_1)
   0.254    5.262 ^ A3/_3266_/Y (sky130_fd_sc_hd__o21ai_0)
   0.133    5.395 v A3/_3268_/Y (sky130_fd_sc_hd__a21oi_1)
   0.208    5.603 ^ A3/_3735_/Y (sky130_fd_sc_hd__o21bai_1)
   0.116    5.719 v A3/_3737_/Y (sky130_fd_sc_hd__a21oi_1)
   0.205    5.924 ^ A3/_3740_/Y (sky130_fd_sc_hd__o21bai_1)
   0.117    6.041 v A3/_4277_/Y (sky130_fd_sc_hd__a21oi_1)
   0.217    6.258 v A3/_4280_/X (sky130_fd_sc_hd__o21a_1)
   0.377    6.635 v A3/_4282_/X (sky130_fd_sc_hd__maj3_1)
   0.203    6.838 v A3/_4285_/X (sky130_fd_sc_hd__o21a_1)
   3.952   10.790 ^ A3/_4369_/Y (sky130_fd_sc_hd__xnor2_1)
   0.353   11.143 v T1/_10_/Y (sky130_fd_sc_hd__nor4_1)
   0.648   11.792 ^ T1/_11_/Y (sky130_fd_sc_hd__nand3b_1)
   0.264   12.055 v T1/_18_/Y (sky130_fd_sc_hd__o211ai_1)
   0.489   12.544 v T1/_22_/X (sky130_fd_sc_hd__and2_0)
   0.321   12.865 v _3464_/X (sky130_fd_sc_hd__and2_0)
   0.378   13.243 v _3467_/X (sky130_fd_sc_hd__xor3_1)
   0.402   13.645 v _3509_/X (sky130_fd_sc_hd__maj3_1)
   0.210   13.855 ^ _3521_/X (sky130_fd_sc_hd__xor2_1)
   0.260   14.115 ^ _3527_/X (sky130_fd_sc_hd__xor2_1)
   0.380   14.495 v _3535_/X (sky130_fd_sc_hd__xnor3_1)
   0.214   14.709 v _3536_/X (sky130_fd_sc_hd__xnor3_1)
   0.159   14.868 v _3538_/Y (sky130_fd_sc_hd__xnor2_1)
   0.204   15.072 v _6300_/X (sky130_fd_sc_hd__a21o_1)
   0.376   15.448 v _6302_/X (sky130_fd_sc_hd__maj3_1)
   0.187   15.635 ^ _6304_/Y (sky130_fd_sc_hd__a21oi_1)
   0.106   15.741 v _6411_/Y (sky130_fd_sc_hd__xnor2_1)
   0.095   15.836 ^ _6412_/Y (sky130_fd_sc_hd__nor2_1)
   0.135   15.971 v _6424_/Y (sky130_fd_sc_hd__o21ai_0)
   0.399   16.369 v _6425_/X (sky130_fd_sc_hd__maj3_1)
   0.392   16.761 v _6427_/X (sky130_fd_sc_hd__maj3_1)
   0.392   17.153 v _6429_/X (sky130_fd_sc_hd__maj3_1)
   0.392   17.545 v _6431_/X (sky130_fd_sc_hd__maj3_1)
   0.392   17.937 v _6433_/X (sky130_fd_sc_hd__maj3_1)
   0.391   18.329 v _6435_/X (sky130_fd_sc_hd__maj3_1)
   0.391   18.719 v _6437_/X (sky130_fd_sc_hd__maj3_1)
   0.392   19.111 v _6439_/X (sky130_fd_sc_hd__maj3_1)
   0.391   19.503 v _6441_/X (sky130_fd_sc_hd__maj3_1)
   0.392   19.894 v _6443_/X (sky130_fd_sc_hd__maj3_1)
   0.371   20.265 v _6445_/X (sky130_fd_sc_hd__maj3_1)
   3.918   24.182 ^ _6529_/X (sky130_fd_sc_hd__xor2_1)
   0.353   24.536 v T2/_10_/Y (sky130_fd_sc_hd__nor4_1)
   0.683   25.218 ^ T2/_11_/Y (sky130_fd_sc_hd__nand3b_1)
   0.274   25.492 v T2/_18_/Y (sky130_fd_sc_hd__o211ai_1)
   0.483   25.975 v T2/_21_/X (sky130_fd_sc_hd__and2_0)
   0.192   26.167 ^ _4218_/Y (sky130_fd_sc_hd__nand2_1)
   0.434   26.601 v _4301_/X (sky130_fd_sc_hd__xnor3_1)
   0.383   26.984 v _4334_/X (sky130_fd_sc_hd__xor3_1)
   0.182   27.166 v _4335_/X (sky130_fd_sc_hd__and2_0)
   0.400   27.567 ^ _4343_/X (sky130_fd_sc_hd__xor3_1)
   0.246   27.813 v _4367_/X (sky130_fd_sc_hd__xnor3_1)
   0.161   27.974 v _4370_/X (sky130_fd_sc_hd__xor2_1)
   0.198   28.172 ^ _4394_/Y (sky130_fd_sc_hd__xnor2_1)
   0.112   28.284 v _4429_/Y (sky130_fd_sc_hd__xnor2_1)
   0.418   28.702 v _4430_/X (sky130_fd_sc_hd__or4_1)
   0.208   28.910 v _4432_/X (sky130_fd_sc_hd__a21o_1)
   0.189   29.099 v _4434_/X (sky130_fd_sc_hd__a21o_1)
   0.185   29.283 v _4436_/X (sky130_fd_sc_hd__a21o_1)
   0.202   29.485 ^ _4438_/Y (sky130_fd_sc_hd__a21oi_1)
   0.098   29.583 v _4441_/Y (sky130_fd_sc_hd__o21bai_1)
   0.194   29.777 v _4443_/X (sky130_fd_sc_hd__a21o_1)
   0.185   29.961 v _4445_/X (sky130_fd_sc_hd__a21o_1)
   0.192   30.153 ^ _4447_/Y (sky130_fd_sc_hd__a21oi_1)
   0.086   30.239 v _4450_/Y (sky130_fd_sc_hd__o21ai_0)
   0.127   30.366 ^ _4451_/Y (sky130_fd_sc_hd__o21ai_0)
   0.273   30.639 ^ _4453_/X (sky130_fd_sc_hd__maj3_1)
   0.082   30.721 v _4455_/Y (sky130_fd_sc_hd__o211ai_1)
   0.123   30.844 ^ _4456_/Y (sky130_fd_sc_hd__o21ai_0)
   0.128   30.972 v _4536_/Y (sky130_fd_sc_hd__a21oi_1)
   0.211   31.182 ^ _4594_/Y (sky130_fd_sc_hd__o21ai_0)
   0.113   31.295 ^ _4634_/Y (sky130_fd_sc_hd__xnor2_1)
   0.000   31.295 ^ h_out[15] (out)
           31.295   data arrival time

  28.166   28.166   clock clk (rise edge)
   0.000   28.166   clock network delay (ideal)
   0.000   28.166   clock reconvergence pessimism
   0.000   28.166   output external delay
           28.166   data required time
-----------------------------------------------------------
           28.166   data required time
          -31.295   data arrival time
-----------------------------------------------------------
           -3.129   slack (VIOLATED)


