Warning 366: io_B.rpt.tcl line 1, port 'clk' not found.
Warning 366: io_B.rpt.tcl line 1, port 'rst' not found.
Warning 471: io_B.rpt.tcl line 1, no valid objects specified for -from.
---CLOCK:clk---
Startpoint: X[3] (input port clocked by clk)
Endpoint: h_out[15] (output port clocked by clk)
Path Group: clk
Path Type: max

   Delay     Time   Description
-----------------------------------------------------------
   0.000    0.000   clock clk (rise edge)
   0.000    0.000   clock network delay (ideal)
   0.000    0.000 ^ input external delay
   0.000    0.000 ^ X[3] (in)
   0.113    0.113 ^ A3/_2208_/X (sky130_fd_sc_hd__and2_4)
   0.384    0.497 v A3/_2211_/X (sky130_fd_sc_hd__xnor3_1)
   0.398    0.894 ^ A3/_2217_/X (sky130_fd_sc_hd__xnor3_1)
   0.167    1.061 ^ A3/_2236_/Y (sky130_fd_sc_hd__nor2b_1)
   0.455    1.516 v A3/_2242_/X (sky130_fd_sc_hd__xor3_1)
   0.396    1.912 v A3/_2263_/X (sky130_fd_sc_hd__xor3_1)
   0.365    2.277 v A3/_2321_/X (sky130_fd_sc_hd__xor3_1)
   0.238    2.516 v A3/_2322_/X (sky130_fd_sc_hd__or2_1)
   0.169    2.685 v A3/_2685_/X (sky130_fd_sc_hd__and2_4)
   0.150    2.835 ^ A3/_2686_/Y (sky130_fd_sc_hd__xnor2_2)
   0.335    3.170 v A3/_2695_/X (sky130_fd_sc_hd__xnor3_1)
   0.193    3.362 v A3/_2696_/X (sky130_fd_sc_hd__a21o_1)
   0.327    3.689 v A3/_2697_/X (sky130_fd_sc_hd__maj3_2)
   0.327    4.016 v A3/_2698_/X (sky130_fd_sc_hd__maj3_2)
   0.329    4.345 v A3/_2934_/X (sky130_fd_sc_hd__maj3_2)
   0.333    4.678 v A3/_2935_/X (sky130_fd_sc_hd__maj3_2)
   0.179    4.857 ^ A3/_3070_/Y (sky130_fd_sc_hd__o21ai_2)
   0.088    4.944 v A3/_3225_/Y (sky130_fd_sc_hd__a21oi_2)
   0.179    5.123 ^ A3/_3387_/Y (sky130_fd_sc_hd__o21bai_2)
   0.088    5.211 v A3/_3538_/Y (sky130_fd_sc_hd__a21oi_2)
   0.181    5.392 ^ A3/_3694_/Y (sky130_fd_sc_hd__o21bai_2)
   0.082    5.474 v A3/_4138_/Y (sky130_fd_sc_hd__a21oi_2)
   0.210    5.684 v A3/_4143_/X (sky130_fd_sc_hd__o21a_1)
   0.320    6.004 v A3/_4144_/X (sky130_fd_sc_hd__maj3_2)
   0.195    6.199 v A3/_4270_/X (sky130_fd_sc_hd__o21a_1)
   4.048   10.247 ^ A3/_4367_/Y (sky130_fd_sc_hd__xnor2_1)
   0.092   10.340 v T1/_10_/Y (sky130_fd_sc_hd__nor4_4)
   0.616   10.955 ^ T1/_11_/Y (sky130_fd_sc_hd__nand3b_1)
   0.212   11.167 v T1/_18_/Y (sky130_fd_sc_hd__o211ai_2)
   0.466   11.633 v T1/_22_/X (sky130_fd_sc_hd__and2_0)
   0.316   11.949 v _3467_/X (sky130_fd_sc_hd__and2_1)
   0.344   12.293 v _3482_/X (sky130_fd_sc_hd__maj3_1)
   0.445   12.738 ^ _3491_/X (sky130_fd_sc_hd__xor3_2)
   0.195   12.933 ^ _3492_/X (sky130_fd_sc_hd__xor2_2)
   0.197   13.129 ^ _3496_/X (sky130_fd_sc_hd__xor2_2)
   0.353   13.483 v _3503_/X (sky130_fd_sc_hd__xnor3_1)
   0.214   13.697 v _3504_/X (sky130_fd_sc_hd__xnor3_1)
   0.159   13.855 v _3505_/Y (sky130_fd_sc_hd__xnor2_1)
   0.207   14.062 v _5892_/X (sky130_fd_sc_hd__a21o_1)
   0.328   14.390 v _5893_/X (sky130_fd_sc_hd__maj3_2)
   0.147   14.537 ^ _5935_/Y (sky130_fd_sc_hd__a21oi_2)
   0.172   14.709 v _5984_/Y (sky130_fd_sc_hd__o21ai_0)
   0.216   14.925 v _6399_/X (sky130_fd_sc_hd__xor2_2)
   0.325   15.249 v _6415_/X (sky130_fd_sc_hd__maj3_2)
   0.329   15.578 v _6416_/X (sky130_fd_sc_hd__maj3_2)
   0.329   15.907 v _6417_/X (sky130_fd_sc_hd__maj3_2)
   0.329   16.237 v _6418_/X (sky130_fd_sc_hd__maj3_2)
   0.329   16.566 v _6419_/X (sky130_fd_sc_hd__maj3_2)
   0.329   16.894 v _6420_/X (sky130_fd_sc_hd__maj3_2)
   0.328   17.223 v _6421_/X (sky130_fd_sc_hd__maj3_2)
   0.329   17.552 v _6422_/X (sky130_fd_sc_hd__maj3_2)
   0.329   17.880 v _6423_/X (sky130_fd_sc_hd__maj3_2)
   0.329   18.209 v _6424_/X (sky130_fd_sc_hd__maj3_2)
   0.313   18.523 v _6425_/X (sky130_fd_sc_hd__maj3_2)
   3.997   22.520 ^ _6519_/X (sky130_fd_sc_hd__xor2_1)
   0.092   22.612 v T2/_10_/Y (sky130_fd_sc_hd__nor4_4)
   0.649   23.261 ^ T2/_11_/Y (sky130_fd_sc_hd__nand3b_1)
   0.220   23.481 v T2/_18_/Y (sky130_fd_sc_hd__o211ai_2)
   0.460   23.941 v T2/_21_/X (sky130_fd_sc_hd__and2_0)
   0.192   24.134 ^ _4219_/Y (sky130_fd_sc_hd__nand2_1)
   0.434   24.568 v _4256_/X (sky130_fd_sc_hd__xnor3_1)
   0.382   24.950 v _4290_/X (sky130_fd_sc_hd__xor3_1)
   0.181   25.131 v _4294_/X (sky130_fd_sc_hd__and2_1)
   0.396   25.527 ^ _4299_/X (sky130_fd_sc_hd__xor3_1)
   0.241   25.768 v _4323_/X (sky130_fd_sc_hd__xnor3_1)
   0.160   25.928 v _4348_/X (sky130_fd_sc_hd__xor2_1)
   0.198   26.126 ^ _4349_/Y (sky130_fd_sc_hd__xnor2_1)
   0.112   26.238 v _4387_/Y (sky130_fd_sc_hd__xnor2_1)
   0.418   26.656 v _4388_/X (sky130_fd_sc_hd__or4_1)
   0.208   26.864 v _4390_/X (sky130_fd_sc_hd__a21o_1)
   0.189   27.052 v _4392_/X (sky130_fd_sc_hd__a21o_1)
   0.185   27.237 v _4394_/X (sky130_fd_sc_hd__a21o_1)
   0.202   27.438 ^ _4396_/Y (sky130_fd_sc_hd__a21oi_1)
   0.098   27.536 v _4399_/Y (sky130_fd_sc_hd__o21bai_1)
   0.194   27.730 v _4401_/X (sky130_fd_sc_hd__a21o_1)
   0.185   27.915 v _4403_/X (sky130_fd_sc_hd__a21o_1)
   0.192   28.107 ^ _4405_/Y (sky130_fd_sc_hd__a21oi_1)
   0.086   28.193 v _4407_/Y (sky130_fd_sc_hd__o21ai_0)
   0.127   28.320 ^ _4408_/Y (sky130_fd_sc_hd__o21ai_0)
   0.273   28.592 ^ _4409_/X (sky130_fd_sc_hd__maj3_1)
   0.082   28.674 v _4412_/Y (sky130_fd_sc_hd__o211ai_1)
   0.123   28.797 ^ _4413_/Y (sky130_fd_sc_hd__o21ai_0)
   0.128   28.925 v _4490_/Y (sky130_fd_sc_hd__a21oi_1)
   0.211   29.136 ^ _4558_/Y (sky130_fd_sc_hd__o21ai_0)
   0.113   29.249 ^ _4605_/Y (sky130_fd_sc_hd__xnor2_1)
   0.000   29.249 ^ h_out[15] (out)
           29.249   data arrival time

  28.166   28.166   clock clk (rise edge)
   0.000   28.166   clock network delay (ideal)
   0.000   28.166   clock reconvergence pessimism
   0.000   28.166   output external delay
           28.166   data required time
-----------------------------------------------------------
           28.166   data required time
          -29.249   data arrival time
-----------------------------------------------------------
           -1.083   slack (VIOLATED)


