running OpenROAD (netlist: /home/toshn/bufexp/A.v)
openroad exit: 0
=== slacks ===
=====> FLOORPLAN
=====> GLOBAL PLACEMENT
=====> TIMING BEFORE repair_design
---CLOCK:clk_a---
          -36.723   slack (VIOLATED)
---CLOCK:clk_b---
          -43.438   slack (VIOLATED)
---CLOCK:clk_e---
          -47.683   slack (VIOLATED)
Design area 448840 u^2 40% utilization.
=====> REPAIR_DESIGN
=====> DETAILED PLACEMENT
=====> TIMING AFTER repair_design
---CLOCK:clk_a---
           17.593   slack (MET)
---CLOCK:clk_b---
           12.367   slack (MET)
---CLOCK:clk_e---
           19.529   slack (MET)
Design area 539351 u^2 48% utilization.
