OpenROAD f12e2f474102bfb875eeee57fb610d7d7de17770 
This program is licensed under the BSD-3 license. See the LICENSE file for details.
Components of this program may be licensed under more restrictive licenses which must be honored.
[INFO ODB-0222] Reading LEF file: /home/toshn/orfs/flow/platforms/sky130hd/lef/sky130_fd_sc_hd.tlef
[INFO ODB-0223]     Created 13 technology layers
[INFO ODB-0224]     Created 25 technology vias
[INFO ODB-0226] Finished LEF file:  /home/toshn/orfs/flow/platforms/sky130hd/lef/sky130_fd_sc_hd.tlef
[INFO ODB-0222] Reading LEF file: /home/toshn/orfs/flow/platforms/sky130hd/lef/sky130_fd_sc_hd_merged.lef
[INFO ODB-0225]     Created 441 library cells
[INFO ODB-0226] Finished LEF file:  /home/toshn/orfs/flow/platforms/sky130hd/lef/sky130_fd_sc_hd_merged.lef
=====> FLOORPLAN
[WARNING IFP-0028] Core area lower left (2.000, 2.000) snapped to (2.300, 2.720).
[INFO IFP-0001] Added 389 rows of 2302 sites.
Found 0 macro blocks.
Using 1u default distance from corners.
Using 2 tracks default min distance between IO pins.
[INFO PPL-0010] Tentative 0 to set up sections.
[INFO PPL-0001] Number of slots          3876
[INFO PPL-0002] Number of I/O            90
[INFO PPL-0003] Number of I/O w/sink     90
[INFO PPL-0004] Number of I/O w/o sink   0
[INFO PPL-0005] Slots per section        200
[INFO PPL-0006] Slots increase factor    0.01
[INFO PPL-0008] Successfully assigned pins to sections.
[INFO PPL-0012] I/O nets HPWL: 50192.62 um.
=====> GLOBAL PLACEMENT
[INFO GPL-0002] DBU: 1000
[INFO GPL-0003] SiteSize: 460 2720
[INFO GPL-0004] CoreAreaLxLy: 2300 2720
[INFO GPL-0005] CoreAreaUxUy: 1061220 1060800
[INFO GPL-0006] NumInstances: 46255
[INFO GPL-0007] NumPlaceInstances: 46255
[INFO GPL-0008] NumFixedInstances: 0
[INFO GPL-0009] NumDummyInstances: 0
[INFO GPL-0010] NumNets: 46394
[INFO GPL-0011] NumPins: 180746
[INFO GPL-0012] DieAreaLxLy: 0 0
[INFO GPL-0013] DieAreaUxUy: 1063295 1063295
[INFO GPL-0014] CoreAreaLxLy: 2300 2720
[INFO GPL-0015] CoreAreaUxUy: 1061220 1060800
[INFO GPL-0016] CoreArea: 1120422073600
[INFO GPL-0017] NonPlaceInstsArea: 0
[INFO GPL-0018] PlaceInstsArea: 448840473600
[INFO GPL-0019] Util(%): 40.06
[INFO GPL-0020] StdInstsArea: 448840473600
[INFO GPL-0021] MacroInstsArea: 0
[InitialPlace]  Iter: 1 CG residual: 0.00860625 HPWL: 504338772
[InitialPlace]  Iter: 2 CG residual: 0.01933596 HPWL: 437205889
[InitialPlace]  Iter: 3 CG residual: 0.00672261 HPWL: 435958609
[InitialPlace]  Iter: 4 CG residual: 0.01782906 HPWL: 436000592
[InitialPlace]  Iter: 5 CG residual: 0.00749682 HPWL: 431353700
[InitialPlace]  Iter: 6 CG residual: 0.01745985 HPWL: 431775363
[InitialPlace]  Iter: 7 CG residual: 0.00788224 HPWL: 428841725
[InitialPlace]  Iter: 8 CG residual: 0.01177412 HPWL: 428554194
[InitialPlace]  Iter: 9 CG residual: 0.00039811 HPWL: 425779867
[InitialPlace]  Iter: 10 CG residual: 0.00075717 HPWL: 425384078
[InitialPlace]  Iter: 11 CG residual: 0.00078361 HPWL: 423232366
[InitialPlace]  Iter: 12 CG residual: 0.00200767 HPWL: 422881977
[InitialPlace]  Iter: 13 CG residual: 0.00212451 HPWL: 420721137
[InitialPlace]  Iter: 14 CG residual: 0.00396750 HPWL: 420405587
[InitialPlace]  Iter: 15 CG residual: 0.00129483 HPWL: 418300316
[InitialPlace]  Iter: 16 CG residual: 0.00147882 HPWL: 418008853
[InitialPlace]  Iter: 17 CG residual: 0.00164028 HPWL: 415726930
[InitialPlace]  Iter: 18 CG residual: 0.00314332 HPWL: 415396251
[InitialPlace]  Iter: 19 CG residual: 0.00253123 HPWL: 412681819
[InitialPlace]  Iter: 20 CG residual: 0.00345522 HPWL: 411547459
[INFO GPL-0031] FillerInit: NumGCells: 70693
[INFO GPL-0032] FillerInit: NumGNets: 46394
[INFO GPL-0033] FillerInit: NumGPins: 180746
[INFO GPL-0023] TargetDensity: 0.60
[INFO GPL-0024] AveragePlaceInstArea: 9703609
[INFO GPL-0025] IdealBinArea: 16172681
[INFO GPL-0026] IdealBinCnt: 69278
[INFO GPL-0027] TotalBinArea: 1120422073600
[INFO GPL-0028] BinCnt: 256 256
[INFO GPL-0029] BinSize: 4137 4134
[INFO GPL-0030] NumBins: 65536
[NesterovSolve] Iter: 1 overflow: 0.995912 HPWL: 101817069
[NesterovSolve] Iter: 10 overflow: 0.991996 HPWL: 112856893
[NesterovSolve] Iter: 20 overflow: 0.991051 HPWL: 117161081
[NesterovSolve] Iter: 30 overflow: 0.990953 HPWL: 119259337
[NesterovSolve] Iter: 40 overflow: 0.991395 HPWL: 120226095
[NesterovSolve] Iter: 50 overflow: 0.991565 HPWL: 120717485
[NesterovSolve] Iter: 60 overflow: 0.991669 HPWL: 120276993
[NesterovSolve] Iter: 70 overflow: 0.991919 HPWL: 119117176
[NesterovSolve] Iter: 80 overflow: 0.991954 HPWL: 118023273
[NesterovSolve] Iter: 90 overflow: 0.991835 HPWL: 117222366
[NesterovSolve] Iter: 100 overflow: 0.992017 HPWL: 116622149
[NesterovSolve] Iter: 110 overflow: 0.992078 HPWL: 116182626
[NesterovSolve] Iter: 120 overflow: 0.99223 HPWL: 115868482
[NesterovSolve] Iter: 130 overflow: 0.992232 HPWL: 115664695
[NesterovSolve] Iter: 140 overflow: 0.992214 HPWL: 115700143
[NesterovSolve] Iter: 150 overflow: 0.992301 HPWL: 116324135
[NesterovSolve] Iter: 160 overflow: 0.992346 HPWL: 118244086
[NesterovSolve] Iter: 170 overflow: 0.991858 HPWL: 122393971
[NesterovSolve] Iter: 180 overflow: 0.990937 HPWL: 129739374
[NesterovSolve] Iter: 190 overflow: 0.989218 HPWL: 140941021
[NesterovSolve] Iter: 200 overflow: 0.986235 HPWL: 157246323
[NesterovSolve] Iter: 210 overflow: 0.981803 HPWL: 180082537
[NesterovSolve] Iter: 220 overflow: 0.974672 HPWL: 212501560
[NesterovSolve] Iter: 230 overflow: 0.965653 HPWL: 262454197
[NesterovSolve] Iter: 240 overflow: 0.953291 HPWL: 341596007
[NesterovSolve] Iter: 250 overflow: 0.937087 HPWL: 430748036
[NesterovSolve] Iter: 260 overflow: 0.916904 HPWL: 529735139
[NesterovSolve] Iter: 270 overflow: 0.892519 HPWL: 627072921
[NesterovSolve] Iter: 280 overflow: 0.866565 HPWL: 688006280
[NesterovSolve] Iter: 290 overflow: 0.836969 HPWL: 743568338
[NesterovSolve] Iter: 300 overflow: 0.805651 HPWL: 801654126
[NesterovSolve] Iter: 310 overflow: 0.77012 HPWL: 869936247
[NesterovSolve] Iter: 320 overflow: 0.736502 HPWL: 954564980
[NesterovSolve] Iter: 330 overflow: 0.699373 HPWL: 969214349
[NesterovSolve] Iter: 340 overflow: 0.661844 HPWL: 1001836752
[NesterovSolve] Iter: 350 overflow: 0.624446 HPWL: 1006748686
[NesterovSolve] Iter: 360 overflow: 0.588469 HPWL: 1015506875
[NesterovSolve] Iter: 370 overflow: 0.549267 HPWL: 1002288943
[NesterovSolve] Iter: 380 overflow: 0.508278 HPWL: 1002552060
[NesterovSolve] Iter: 390 overflow: 0.467418 HPWL: 1001257067
[NesterovSolve] Iter: 400 overflow: 0.426369 HPWL: 996678083
[NesterovSolve] Iter: 410 overflow: 0.383571 HPWL: 995017850
[NesterovSolve] Iter: 420 overflow: 0.338114 HPWL: 1001322000
[NesterovSolve] Iter: 430 overflow: 0.304034 HPWL: 1006719763
[NesterovSolve] Iter: 440 overflow: 0.267715 HPWL: 1014829301
[NesterovSolve] Iter: 450 overflow: 0.234096 HPWL: 1022538273
[NesterovSolve] Iter: 460 overflow: 0.202696 HPWL: 1029233483
[NesterovSolve] Iter: 470 overflow: 0.174973 HPWL: 1034255033
[NesterovSolve] Iter: 480 overflow: 0.150009 HPWL: 1038262160
[NesterovSolve] Iter: 490 overflow: 0.129209 HPWL: 1041412503
[NesterovSolve] Iter: 500 overflow: 0.112095 HPWL: 1044453229
[NesterovSolve] Finished with Overflow: 0.098730
=====> TIMING BEFORE repair_design
---CLOCK:clk_a---
Startpoint: u_rv32_a/u_core/_11354_
            (rising edge-triggered flip-flop clocked by clk_a)
Endpoint: u_rv32_a/u_core/_11792_
          (rising edge-triggered flip-flop clocked by clk_a)
Path Group: clk_a
Path Type: max

   Delay     Time   Description
-----------------------------------------------------------
   0.000    0.000   clock clk_a (rise edge)
   0.000    0.000   clock network delay (ideal)
   0.000    0.000 ^ u_rv32_a/u_core/_11354_/CLK (sky130_fd_sc_hd__dfrtp_1)
   0.644    0.644 ^ u_rv32_a/u_core/_11354_/Q (sky130_fd_sc_hd__dfrtp_1)
   0.185    0.829 v u_rv32_a/_1264_/Y (sky130_fd_sc_hd__nand2b_1)
   0.711    1.540 ^ u_rv32_a/_1265_/Y (sky130_fd_sc_hd__clkinv_1)
  13.330   14.870 ^ u_rv32_a/_1268_/X (sky130_fd_sc_hd__and2_0)
  25.824   40.694 v u_rv32_a/u_core/_05643_/Y (sky130_fd_sc_hd__nor4_1)
   6.392   47.087 v u_rv32_a/u_core/_05842_/X (sky130_fd_sc_hd__and2_0)
   0.520   47.607 ^ u_rv32_a/u_core/_05843_/Y (sky130_fd_sc_hd__a2111oi_0)
   0.152   47.759 v u_rv32_a/u_core/_05844_/Y (sky130_fd_sc_hd__nand4b_1)
   0.755   48.514 v u_rv32_a/u_core/_05845_/X (sky130_fd_sc_hd__o21a_1)
   3.629   52.143 ^ u_rv32_a/u_core/_07399_/Y (sky130_fd_sc_hd__mux2i_1)
   0.631   52.774 v u_rv32_a/u_core/_07496_/Y (sky130_fd_sc_hd__xnor2_1)
   0.484   53.257 v u_rv32_a/u_core/_07503_/X (sky130_fd_sc_hd__o221a_1)
   0.339   53.597 v u_rv32_a/u_core/_07505_/X (sky130_fd_sc_hd__o311a_1)
   0.320   53.917 v u_rv32_a/u_core/_07507_/X (sky130_fd_sc_hd__o311a_1)
   0.567   54.484 ^ u_rv32_a/u_core/_07510_/Y (sky130_fd_sc_hd__o311ai_0)
   0.206   54.690 v u_rv32_a/u_core/_07515_/Y (sky130_fd_sc_hd__a31oi_1)
   0.568   55.257 ^ u_rv32_a/u_core/_07518_/Y (sky130_fd_sc_hd__o311ai_0)
   0.240   55.497 v u_rv32_a/u_core/_07519_/Y (sky130_fd_sc_hd__a311oi_1)
   0.389   55.886 ^ u_rv32_a/u_core/_07523_/Y (sky130_fd_sc_hd__o311ai_0)
   0.156   56.042 v u_rv32_a/u_core/_07525_/Y (sky130_fd_sc_hd__a311oi_1)
   0.557   56.599 ^ u_rv32_a/u_core/_07530_/Y (sky130_fd_sc_hd__a2111oi_0)
   0.177   56.776 v u_rv32_a/u_core/_07539_/Y (sky130_fd_sc_hd__a21oi_1)
   0.170   56.945 ^ u_rv32_a/u_core/_08016_/Y (sky130_fd_sc_hd__nor3_1)
   0.103   57.048 v u_rv32_a/u_core/_08017_/Y (sky130_fd_sc_hd__a21oi_1)
   0.264   57.312 ^ u_rv32_a/u_core/_08018_/Y (sky130_fd_sc_hd__xnor2_1)
   0.099   57.411 v u_rv32_a/u_core/_08041_/Y (sky130_fd_sc_hd__o21ai_0)
   0.260   57.671 v u_rv32_a/u_core/_08042_/X (sky130_fd_sc_hd__o21a_1)
   7.762   65.433 ^ u_rv32_a/u_core/_08048_/Y (sky130_fd_sc_hd__a2111oi_0)
   0.797   66.230 v u_rv32_a/u_core/_09235_/Y (sky130_fd_sc_hd__o21ai_0)
   0.000   66.230 v u_rv32_a/u_core/_11792_/D (sky130_fd_sc_hd__dfrtp_1)
           66.230   data arrival time

  30.000   30.000   clock clk_a (rise edge)
   0.000   30.000   clock network delay (ideal)
   0.000   30.000   clock reconvergence pessimism
           30.000 ^ u_rv32_a/u_core/_11792_/CLK (sky130_fd_sc_hd__dfrtp_1)
  -0.493   29.507   library setup time
           29.507   data required time
-----------------------------------------------------------
           29.507   data required time
          -66.230   data arrival time
-----------------------------------------------------------
          -36.723   slack (VIOLATED)


---CLOCK:clk_b---
Startpoint: u_aes_b/u_core/keymem/_13696_
            (rising edge-triggered flip-flop clocked by clk_b)
Endpoint: u_aes_b/u_core/keymem/_15624_
          (rising edge-triggered flip-flop clocked by clk_b)
Path Group: clk_b
Path Type: max

   Delay     Time   Description
-----------------------------------------------------------
   0.000    0.000   clock clk_b (rise edge)
   0.000    0.000   clock network delay (ideal)
   0.000    0.000 ^ u_aes_b/u_core/keymem/_13696_/CLK (sky130_fd_sc_hd__dfrtp_1)
   1.727    1.727 v u_aes_b/u_core/keymem/_13696_/Q (sky130_fd_sc_hd__dfrtp_1)
  37.608   39.336 ^ u_aes_b/u_core/keymem/_07883_/Y (sky130_fd_sc_hd__nor4_1)
  12.322   51.658 v u_aes_b/u_core/keymem/_07893_/Y (sky130_fd_sc_hd__nor2_1)
  14.449   66.107 ^ u_aes_b/u_core/keymem/_08792_/Y (sky130_fd_sc_hd__nor2_1)
   0.424   66.531 v u_aes_b/u_core/keymem/_09202_/Y (sky130_fd_sc_hd__a221oi_1)
   1.454   67.985 ^ u_aes_b/u_core/keymem/_09204_/Y (sky130_fd_sc_hd__nor2_1)
   0.156   68.141 v u_aes_b/u_core/keymem/_13502_/Y (sky130_fd_sc_hd__a21oi_1)
   0.000   68.141 v u_aes_b/u_core/keymem/_15624_/D (sky130_fd_sc_hd__dfrtp_1)
           68.141   data arrival time

  26.500   26.500   clock clk_b (rise edge)
   0.000   26.500   clock network delay (ideal)
   0.000   26.500   clock reconvergence pessimism
           26.500 ^ u_aes_b/u_core/keymem/_15624_/CLK (sky130_fd_sc_hd__dfrtp_1)
  -1.797   24.703   library setup time
           24.703   data required time
-----------------------------------------------------------
           24.703   data required time
          -68.141   data arrival time
-----------------------------------------------------------
          -43.438   slack (VIOLATED)


---CLOCK:clk_e---
Startpoint: u_aes_e/u_core/keymem/_13696_
            (rising edge-triggered flip-flop clocked by clk_e)
Endpoint: u_aes_e/u_core/keymem/_15526_
          (rising edge-triggered flip-flop clocked by clk_e)
Path Group: clk_e
Path Type: max

   Delay     Time   Description
-----------------------------------------------------------
   0.000    0.000   clock clk_e (rise edge)
   0.000    0.000   clock network delay (ideal)
   0.000    0.000 ^ u_aes_e/u_core/keymem/_13696_/CLK (sky130_fd_sc_hd__dfrtp_1)
   1.746    1.746 v u_aes_e/u_core/keymem/_13696_/Q (sky130_fd_sc_hd__dfrtp_1)
  38.197   39.943 ^ u_aes_e/u_core/keymem/_07883_/Y (sky130_fd_sc_hd__nor4_1)
  14.625   54.568 v u_aes_e/u_core/keymem/_07893_/Y (sky130_fd_sc_hd__nor2_1)
  15.444   70.011 ^ u_aes_e/u_core/keymem/_08792_/Y (sky130_fd_sc_hd__nor2_1)
   0.585   70.597 v u_aes_e/u_core/keymem/_08850_/Y (sky130_fd_sc_hd__a211oi_1)
   1.555   72.152 ^ u_aes_e/u_core/keymem/_08852_/Y (sky130_fd_sc_hd__nor2_1)
   0.170   72.322 v u_aes_e/u_core/keymem/_08854_/Y (sky130_fd_sc_hd__a21oi_1)
   0.000   72.322 v u_aes_e/u_core/keymem/_15526_/D (sky130_fd_sc_hd__dfrtp_1)
           72.322   data arrival time

  26.500   26.500   clock clk_e (rise edge)
   0.000   26.500   clock network delay (ideal)
   0.000   26.500   clock reconvergence pessimism
           26.500 ^ u_aes_e/u_core/keymem/_15526_/CLK (sky130_fd_sc_hd__dfrtp_1)
  -1.861   24.639   library setup time
           24.639   data required time
-----------------------------------------------------------
           24.639   data required time
          -72.322   data arrival time
-----------------------------------------------------------
          -47.683   slack (VIOLATED)


design_area BEFORE:
Design area 448840 u^2 40% utilization.
=====> REPAIR_DESIGN
[INFO RSZ-0058] Using max wire length 1828um.
[INFO RSZ-0034] Found 7989 slew violations.
[INFO RSZ-0036] Found 209 capacitance violations.
[INFO RSZ-0038] Inserted 1039 buffers in 7990 nets.
[INFO RSZ-0039] Resized 8259 instances.
=====> DETAILED PLACEMENT
[WARNING DPL-0011] Could not find power special net.
Placement Analysis
---------------------------------
total displacement     130916.8 u
average displacement        2.8 u
max displacement           47.3 u
original HPWL         1257700.1 u
legalized HPWL        1376411.5 u
delta HPWL                    9 %

=====> TIMING AFTER repair_design
---CLOCK:clk_a---
Startpoint: u_rv32_a/u_core/_11355_
            (rising edge-triggered flip-flop clocked by clk_a)
Endpoint: u_rv32_a/u_core/_11799_
          (rising edge-triggered flip-flop clocked by clk_a)
Path Group: clk_a
Path Type: max

   Delay     Time   Description
-----------------------------------------------------------
   0.000    0.000   clock clk_a (rise edge)
   0.000    0.000   clock network delay (ideal)
   0.000    0.000 ^ u_rv32_a/u_core/_11355_/CLK (sky130_fd_sc_hd__dfrtp_4)
   0.586    0.586 v u_rv32_a/u_core/_11355_/Q (sky130_fd_sc_hd__dfrtp_4)
   0.310    0.896 v u_rv32_a/_1264_/Y (sky130_fd_sc_hd__nand2b_4)
   0.232    1.128 ^ u_rv32_a/_1265_/Y (sky130_fd_sc_hd__clkinv_16)
   0.643    1.771 ^ u_rv32_a/_1268_/X (sky130_fd_sc_hd__and2_4)
   0.352    2.124 ^ repeater187/X (sky130_fd_sc_hd__buf_16)
   0.364    2.488 ^ repeater182/X (sky130_fd_sc_hd__buf_16)
   0.364    2.852 ^ repeater181/X (sky130_fd_sc_hd__buf_16)
   0.715    3.567 ^ u_rv32_a/u_core/_05660_/Y (sky130_fd_sc_hd__nor4bb_4)
   0.893    4.460 ^ u_rv32_a/u_core/_05661_/X (sky130_fd_sc_hd__and2_4)
   0.257    4.717 v u_rv32_a/u_core/_05761_/Y (sky130_fd_sc_hd__a222oi_1)
   0.193    4.910 ^ u_rv32_a/u_core/_05763_/Y (sky130_fd_sc_hd__nand3_1)
   0.083    4.993 v u_rv32_a/u_core/_05772_/Y (sky130_fd_sc_hd__nor3_2)
   0.931    5.923 ^ u_rv32_a/u_core/_05773_/Y (sky130_fd_sc_hd__a21oi_4)
   0.591    6.514 ^ u_rv32_a/u_core/_07391_/X (sky130_fd_sc_hd__mux2_8)
   0.127    6.641 v u_rv32_a/u_core/_07493_/Y (sky130_fd_sc_hd__xnor2_1)
   0.399    7.040 v u_rv32_a/u_core/_07505_/X (sky130_fd_sc_hd__o311a_1)
   0.358    7.398 v u_rv32_a/u_core/_07507_/X (sky130_fd_sc_hd__o311a_1)
   0.320    7.718 ^ u_rv32_a/u_core/_07510_/Y (sky130_fd_sc_hd__o311ai_4)
   0.141    7.859 v u_rv32_a/u_core/_07515_/Y (sky130_fd_sc_hd__a31oi_4)
   0.310    8.169 ^ u_rv32_a/u_core/_07518_/Y (sky130_fd_sc_hd__o311ai_4)
   0.148    8.318 v u_rv32_a/u_core/_07519_/Y (sky130_fd_sc_hd__a311oi_4)
   0.270    8.588 ^ u_rv32_a/u_core/_07523_/Y (sky130_fd_sc_hd__o311ai_2)
   0.146    8.734 v u_rv32_a/u_core/_07525_/Y (sky130_fd_sc_hd__a311oi_2)
   0.357    9.090 ^ u_rv32_a/u_core/_07530_/Y (sky130_fd_sc_hd__a2111oi_2)
   0.148    9.239 v u_rv32_a/u_core/_07539_/Y (sky130_fd_sc_hd__a21oi_1)
   0.307    9.546 ^ u_rv32_a/u_core/_07541_/Y (sky130_fd_sc_hd__o31ai_1)
   0.308    9.854 ^ u_rv32_a/u_core/_07542_/X (sky130_fd_sc_hd__maj3_1)
   0.224   10.079 ^ u_rv32_a/u_core/_07546_/X (sky130_fd_sc_hd__a221o_1)
   0.130   10.209 v u_rv32_a/u_core/_07549_/Y (sky130_fd_sc_hd__a311oi_2)
   0.336   10.544 ^ u_rv32_a/u_core/_08685_/Y (sky130_fd_sc_hd__o31ai_1)
   0.215   10.760 ^ u_rv32_a/u_core/_08715_/X (sky130_fd_sc_hd__and2_0)
   0.132   10.892 ^ u_rv32_a/u_core/_08717_/X (sky130_fd_sc_hd__o21a_1)
   0.106   10.998 v u_rv32_a/u_core/_08728_/Y (sky130_fd_sc_hd__o21ai_1)
   0.922   11.920 ^ u_rv32_a/u_core/_08737_/Y (sky130_fd_sc_hd__a21oi_4)
   0.300   12.220 v u_rv32_a/u_core/_10921_/Y (sky130_fd_sc_hd__o21ai_0)
   0.000   12.220 v u_rv32_a/u_core/_11799_/D (sky130_fd_sc_hd__dfrtp_1)
           12.220   data arrival time

  30.000   30.000   clock clk_a (rise edge)
   0.000   30.000   clock network delay (ideal)
   0.000   30.000   clock reconvergence pessimism
           30.000 ^ u_rv32_a/u_core/_11799_/CLK (sky130_fd_sc_hd__dfrtp_1)
  -0.187   29.813   library setup time
           29.813   data required time
-----------------------------------------------------------
           29.813   data required time
          -12.220   data arrival time
-----------------------------------------------------------
           17.593   slack (MET)


---CLOCK:clk_b---
Startpoint: u_fifo_a2b/_307_
            (rising edge-triggered flip-flop clocked by clk_b_div3)
Endpoint: u_domain_b/_157_ (rising edge-triggered flip-flop clocked by clk_b)
Path Group: clk_b
Path Type: max

   Delay     Time   Description
-----------------------------------------------------------
  66.250   66.250   clock clk_b_div3 (rise edge)
   0.000   66.250   clock network delay (ideal)
   0.000   66.250 ^ u_fifo_a2b/_307_/CLK (sky130_fd_sc_hd__dfstp_4)
   0.741   66.991 ^ u_fifo_a2b/_307_/Q (sky130_fd_sc_hd__dfstp_4)
   0.024   67.016 ^ u_domain_b/_157_/D (sky130_fd_sc_hd__dfrtp_4)
           67.016   data arrival time

  79.500   79.500   clock clk_b (rise edge)
   0.000   79.500   clock network delay (ideal)
   0.000   79.500   clock reconvergence pessimism
           79.500 ^ u_domain_b/_157_/CLK (sky130_fd_sc_hd__dfrtp_4)
  -0.118   79.382   library setup time
           79.382   data required time
-----------------------------------------------------------
           79.382   data required time
          -67.016   data arrival time
-----------------------------------------------------------
           12.367   slack (MET)


---CLOCK:clk_e---
Startpoint: u_aes_e/u_core/enc_block/_2578_
            (rising edge-triggered flip-flop clocked by clk_e)
Endpoint: u_aes_e/u_core/keymem/_15177_
          (rising edge-triggered flip-flop clocked by clk_e)
Path Group: clk_e
Path Type: max

   Delay     Time   Description
-----------------------------------------------------------
   0.000    0.000   clock clk_e (rise edge)
   0.000    0.000   clock network delay (ideal)
   0.000    0.000 ^ u_aes_e/u_core/enc_block/_2578_/CLK (sky130_fd_sc_hd__dfrtp_4)
   0.540    0.540 v u_aes_e/u_core/enc_block/_2578_/Q (sky130_fd_sc_hd__dfrtp_4)
   0.827    1.366 ^ u_aes_e/u_core/enc_block/_1270_/Y (sky130_fd_sc_hd__nor2_8)
   0.252    1.618 v u_aes_e/u_core/enc_block/_1311_/Y (sky130_fd_sc_hd__a22oi_1)
   0.252    1.870 ^ u_aes_e/u_core/enc_block/_1312_/Y (sky130_fd_sc_hd__a21oi_1)
   0.466    2.336 ^ u_aes_e/u_core/_192_/X (sky130_fd_sc_hd__mux2_8)
   0.487    2.823 ^ u_aes_e/u_core/sbox_inst/_2321_/Y (sky130_fd_sc_hd__nand4bb_4)
   0.103    2.927 v u_aes_e/u_core/sbox_inst/_2322_/Y (sky130_fd_sc_hd__o22ai_1)
   0.742    3.668 v u_aes_e/u_core/sbox_inst/_2345_/X (sky130_fd_sc_hd__or4_2)
   0.352    4.020 v u_aes_e/u_core/sbox_inst/_2346_/X (sky130_fd_sc_hd__or3_1)
   0.397    4.417 ^ u_aes_e/u_core/sbox_inst/_2398_/Y (sky130_fd_sc_hd__nor4_2)
   0.366    4.783 v u_aes_e/u_core/sbox_inst/_2470_/Y (sky130_fd_sc_hd__nand3_4)
   0.572    5.355 v u_aes_e/u_core/keymem/_07946_/X (sky130_fd_sc_hd__xnor3_2)
   0.220    5.575 ^ u_aes_e/u_core/keymem/_07947_/Y (sky130_fd_sc_hd__xnor2_2)
   0.108    5.683 v u_aes_e/u_core/keymem/_08402_/Y (sky130_fd_sc_hd__nand3_1)
   0.097    5.779 ^ u_aes_e/u_core/keymem/_08403_/Y (sky130_fd_sc_hd__nand2_1)
   0.055    5.834 v u_aes_e/u_core/keymem/_08404_/Y (sky130_fd_sc_hd__a21oi_2)
   0.758    6.592 ^ u_aes_e/u_core/keymem/_08409_/Y (sky130_fd_sc_hd__a311oi_4)
   0.211    6.803 v u_aes_e/u_core/keymem/_10052_/Y (sky130_fd_sc_hd__o21ai_0)
   0.000    6.803 v u_aes_e/u_core/keymem/_15177_/D (sky130_fd_sc_hd__dfrtp_1)
            6.803   data arrival time

  26.500   26.500   clock clk_e (rise edge)
   0.000   26.500   clock network delay (ideal)
   0.000   26.500   clock reconvergence pessimism
           26.500 ^ u_aes_e/u_core/keymem/_15177_/CLK (sky130_fd_sc_hd__dfrtp_1)
  -0.168   26.332   library setup time
           26.332   data required time
-----------------------------------------------------------
           26.332   data required time
           -6.803   data arrival time
-----------------------------------------------------------
           19.529   slack (MET)


design_area AFTER:
Design area 539351 u^2 48% utilization.
