---CLOCK:clk---
Startpoint: arst_i (input port clocked by clk)
Endpoint: _257_ (recovery check against rising-edge clock clk)
Path Group: asynchronous
Path Type: max

   Delay     Time   Description
-----------------------------------------------------------
   0.000    0.000   clock clk (rise edge)
   0.000    0.000   clock network delay (ideal)
   0.000    0.000 ^ input external delay
   0.000    0.000 ^ arst_i (in)
   0.000    0.000 ^ _257_/SET_B (sky130_fd_sc_hd__dfstp_2)
            0.000   data arrival time

   3.560    3.560   clock clk (rise edge)
   0.000    3.560   clock network delay (ideal)
   0.000    3.560   clock reconvergence pessimism
            3.560 ^ _257_/CLK (sky130_fd_sc_hd__dfstp_2)
   0.128    3.688   library recovery time
            3.688   data required time
-----------------------------------------------------------
            3.688   data required time
           -0.000   data arrival time
-----------------------------------------------------------
            3.688   slack (MET)


Startpoint: byte_controller/bit_controller/_394_
            (rising edge-triggered flip-flop clocked by clk)
Endpoint: byte_controller/bit_controller/_394_
          (rising edge-triggered flip-flop clocked by clk)
Path Group: clk
Path Type: max

   Delay     Time   Description
-----------------------------------------------------------
   0.000    0.000   clock clk (rise edge)
   0.000    0.000   clock network delay (ideal)
   0.000    0.000 ^ byte_controller/bit_controller/_394_/CLK (sky130_fd_sc_hd__dfrtp_1)
   0.394    0.394 v byte_controller/bit_controller/_394_/Q (sky130_fd_sc_hd__dfrtp_1)
   0.608    1.002 v byte_controller/bit_controller/_208_/X (sky130_fd_sc_hd__or4_1)
   0.353    1.355 ^ byte_controller/bit_controller/_210_/Y (sky130_fd_sc_hd__nor4_1)
   0.492    1.847 ^ byte_controller/bit_controller/_213_/Y (sky130_fd_sc_hd__nor4b_1)
   0.581    2.428 v byte_controller/bit_controller/_216_/X (sky130_fd_sc_hd__or4b_1)
   0.741    3.169 ^ byte_controller/bit_controller/_218_/Y (sky130_fd_sc_hd__o41ai_1)
   0.521    3.690 ^ byte_controller/bit_controller/_335_/X (sky130_fd_sc_hd__and3_1)
   0.200    3.891 ^ byte_controller/bit_controller/_389_/X (sky130_fd_sc_hd__a22o_1)
   0.000    3.891 ^ byte_controller/bit_controller/_394_/D (sky130_fd_sc_hd__dfrtp_1)
            3.891   data arrival time

   3.560    3.560   clock clk (rise edge)
   0.000    3.560   clock network delay (ideal)
   0.000    3.560   clock reconvergence pessimism
            3.560 ^ byte_controller/bit_controller/_394_/CLK (sky130_fd_sc_hd__dfrtp_1)
  -0.066    3.494   library setup time
            3.494   data required time
-----------------------------------------------------------
            3.494   data required time
           -3.891   data arrival time
-----------------------------------------------------------
           -0.396   slack (VIOLATED)


