---CLOCK:clk---
Startpoint: arst_i (input port clocked by clk)
Endpoint: _269_ (recovery check against rising-edge clock clk)
Path Group: asynchronous
Path Type: max

   Delay     Time   Description
-----------------------------------------------------------
   0.000    0.000   clock clk (rise edge)
   0.000    0.000   clock network delay (ideal)
   0.000    0.000 ^ input external delay
   0.000    0.000 ^ arst_i (in)
   0.000    0.000 ^ _269_/SET_B (sky130_fd_sc_hd__dfstp_2)
            0.000   data arrival time

   3.560    3.560   clock clk (rise edge)
   0.000    3.560   clock network delay (ideal)
   0.000    3.560   clock reconvergence pessimism
            3.560 ^ _269_/CLK (sky130_fd_sc_hd__dfstp_2)
   0.128    3.688   library recovery time
            3.688   data required time
-----------------------------------------------------------
            3.688   data required time
           -0.000   data arrival time
-----------------------------------------------------------
            3.688   slack (MET)


Startpoint: byte_controller/bit_controller/_406_
            (rising edge-triggered flip-flop clocked by clk)
Endpoint: byte_controller/bit_controller/_406_
          (rising edge-triggered flip-flop clocked by clk)
Path Group: clk
Path Type: max

   Delay     Time   Description
-----------------------------------------------------------
   0.000    0.000   clock clk (rise edge)
   0.000    0.000   clock network delay (ideal)
   0.000    0.000 ^ byte_controller/bit_controller/_406_/CLK (sky130_fd_sc_hd__dfrtp_1)
   0.398    0.398 v byte_controller/bit_controller/_406_/Q (sky130_fd_sc_hd__dfrtp_1)
   0.591    0.988 v byte_controller/bit_controller/_205_/X (sky130_fd_sc_hd__or4_4)
   0.187    1.175 ^ byte_controller/bit_controller/_206_/Y (sky130_fd_sc_hd__nor4_4)
   0.280    1.456 ^ byte_controller/bit_controller/_207_/Y (sky130_fd_sc_hd__nor4b_4)
   0.442    1.898 v byte_controller/bit_controller/_208_/X (sky130_fd_sc_hd__or4b_1)
   0.169    2.067 v byte_controller/bit_controller/_209_/X (sky130_fd_sc_hd__buf_2)
   0.339    2.406 ^ byte_controller/bit_controller/_210_/Y (sky130_fd_sc_hd__o41ai_4)
   0.227    2.633 ^ byte_controller/bit_controller/_333_/X (sky130_fd_sc_hd__and3_1)
   0.145    2.778 ^ byte_controller/bit_controller/_334_/X (sky130_fd_sc_hd__buf_6)
   0.135    2.913 ^ byte_controller/bit_controller/_399_/X (sky130_fd_sc_hd__a22o_1)
   0.000    2.913 ^ byte_controller/bit_controller/_406_/D (sky130_fd_sc_hd__dfrtp_1)
            2.913   data arrival time

   3.560    3.560   clock clk (rise edge)
   0.000    3.560   clock network delay (ideal)
   0.000    3.560   clock reconvergence pessimism
            3.560 ^ byte_controller/bit_controller/_406_/CLK (sky130_fd_sc_hd__dfrtp_1)
  -0.066    3.494   library setup time
            3.494   data required time
-----------------------------------------------------------
            3.494   data required time
           -2.913   data arrival time
-----------------------------------------------------------
            0.581   slack (MET)


