---CLOCK:clk---
Startpoint: _2980_ (rising edge-triggered flip-flop clocked by clk)
Endpoint: _2825_ (rising edge-triggered flip-flop clocked by clk)
Path Group: clk
Path Type: max

   Delay     Time   Description
-----------------------------------------------------------
   0.000    0.000   clock clk (rise edge)
   0.000    0.000   clock network delay (ideal)
   0.000    0.000 ^ _2980_/CLK (sky130_fd_sc_hd__dfrtp_1)
   1.448    1.448 ^ _2980_/Q (sky130_fd_sc_hd__dfrtp_1)
   0.316    1.764 v steps[0].uu_sbox3/_371_/Y (sky130_fd_sc_hd__inv_2)
   0.471    2.235 v steps[0].uu_sbox3/_645_/X (sky130_fd_sc_hd__o32a_2)
   0.471    2.706 v steps[0].uu_sbox3/_660_/X (sky130_fd_sc_hd__mux4_1)
   0.290    2.996 v steps[0].uu_sbox3/_673_/X (sky130_fd_sc_hd__a22o_2)
   0.457    3.454 v _1477_/X (sky130_fd_sc_hd__xor3_4)
   0.313    3.766 v _1480_/X (sky130_fd_sc_hd__xnor3_4)
   0.000    3.766 v _2825_/D (sky130_fd_sc_hd__dfrtp_1)
            3.766   data arrival time

   4.740    4.740   clock clk (rise edge)
   0.000    4.740   clock network delay (ideal)
   0.000    4.740   clock reconvergence pessimism
            4.740 ^ _2825_/CLK (sky130_fd_sc_hd__dfrtp_1)
  -0.143    4.597   library setup time
            4.597   data required time
-----------------------------------------------------------
            4.597   data required time
           -3.766   data arrival time
-----------------------------------------------------------
            0.831   slack (MET)


