
 /----------------------------------------------------------------------------\
 |  yosys -- Yosys Open SYnthesis Suite                                       |
 |  Copyright (C) 2012 - 2026  Claire Xenia Wolf <claire@yosyshq.com>         |
 |  Distributed under an ISC-like license, type "license" to see terms        |
 \----------------------------------------------------------------------------/
 Yosys 0.67+94 (git sha1 7defa5186-dirty, Release, Clang /usr/bin/clang++ 18.1.8)

-- Running command `read_verilog /home/toshn/slacksmith_work/depth_i2c/run1/gates/O1/gold.v; hierarchy -check -top i2c_master_bit_ctrl_gold; synth -top i2c_master_bit_ctrl_gold; stat' --

1. Executing Verilog-2005 frontend: /home/toshn/slacksmith_work/depth_i2c/run1/gates/O1/gold.v
Parsing Verilog input from `/home/toshn/slacksmith_work/depth_i2c/run1/gates/O1/gold.v' to AST representation.
Warning: Encountered `full_case' comment! Such legacy hot comments are supported by Yosys, but are not part of any formal language specification. Using the Verilog `full_case' attribute or the SystemVerilog `unique' or `unique0' keywords is recommended!
Warning: Encountered `parallel_case' comment! Such legacy hot comments are supported by Yosys, but are not part of any formal language specification. Using the Verilog `parallel_case' attribute or the SystemVerilog `unique' or `priority' keywords is recommended!
Generating RTLIL representation for module `\i2c_master_bit_ctrl_gold'.
Generating RTLIL representation for module `\i2c_master_byte_ctrl_gold'.
Generating RTLIL representation for module `\i2c_master_top_gold'.
Successfully finished Verilog frontend.

2. Executing HIERARCHY pass (managing design hierarchy).

2.1. Analyzing design hierarchy..
Top module:  \i2c_master_bit_ctrl_gold

2.2. Analyzing design hierarchy..
Top module:  \i2c_master_bit_ctrl_gold
Removing unused module `\i2c_master_top_gold'.
Removing unused module `\i2c_master_byte_ctrl_gold'.
Removed 2 unused modules.

3. Executing SYNTH pass.

3.1. Executing HIERARCHY pass (managing design hierarchy).

3.1.1. Analyzing design hierarchy..
Top module:  \i2c_master_bit_ctrl_gold

3.1.2. Analyzing design hierarchy..
Top module:  \i2c_master_bit_ctrl_gold
Removed 0 unused modules.

3.2. Executing PROC pass (convert processes to netlists).

3.2.1. Executing PROC_CLEAN pass (remove empty switches from decision trees).
Cleaned up 0 empty switches.

3.2.2. Executing PROC_RMDEAD pass (remove dead branches from decision trees).
Marked 2 switch rules as full_case in process $proc$/home/toshn/slacksmith_work/depth_i2c/run1/gates/O1/gold.v:218$43 in module i2c_master_bit_ctrl_gold.
Marked 2 switch rules as full_case in process $proc$/home/toshn/slacksmith_work/depth_i2c/run1/gates/O1/gold.v:182$30 in module i2c_master_bit_ctrl_gold.
Marked 2 switch rules as full_case in process $proc$/home/toshn/slacksmith_work/depth_i2c/run1/gates/O1/gold.v:174$27 in module i2c_master_bit_ctrl_gold.
Marked 2 switch rules as full_case in process $proc$/home/toshn/slacksmith_work/depth_i2c/run1/gates/O1/gold.v:161$22 in module i2c_master_bit_ctrl_gold.
Marked 2 switch rules as full_case in process $proc$/home/toshn/slacksmith_work/depth_i2c/run1/gates/O1/gold.v:143$14 in module i2c_master_bit_ctrl_gold.
Marked 2 switch rules as full_case in process $proc$/home/toshn/slacksmith_work/depth_i2c/run1/gates/O1/gold.v:115$12 in module i2c_master_bit_ctrl_gold.
Marked 4 switch rules as full_case in process $proc$/home/toshn/slacksmith_work/depth_i2c/run1/gates/O1/gold.v:79$4 in module i2c_master_bit_ctrl_gold.
Removed a total of 0 dead cases.

3.2.3. Executing PROC_PRUNE pass (remove redundant assignments in processes).
Removed 11 redundant assignments.
Promoted 1 assignment to connection.

3.2.4. Executing PROC_INIT pass (extract init attributes).

3.2.5. Executing PROC_ARST pass (detect async resets in processes).
Found async reset \nReset in `\i2c_master_bit_ctrl_gold.$proc$/home/toshn/slacksmith_work/depth_i2c/run1/gates/O1/gold.v:218$43'.
Found async reset \nReset in `\i2c_master_bit_ctrl_gold.$proc$/home/toshn/slacksmith_work/depth_i2c/run1/gates/O1/gold.v:182$30'.
Found async reset \nReset in `\i2c_master_bit_ctrl_gold.$proc$/home/toshn/slacksmith_work/depth_i2c/run1/gates/O1/gold.v:174$27'.
Found async reset \nReset in `\i2c_master_bit_ctrl_gold.$proc$/home/toshn/slacksmith_work/depth_i2c/run1/gates/O1/gold.v:161$22'.
Found async reset \nReset in `\i2c_master_bit_ctrl_gold.$proc$/home/toshn/slacksmith_work/depth_i2c/run1/gates/O1/gold.v:143$14'.
Found async reset \nReset in `\i2c_master_bit_ctrl_gold.$proc$/home/toshn/slacksmith_work/depth_i2c/run1/gates/O1/gold.v:115$12'.
Found async reset \nReset in `\i2c_master_bit_ctrl_gold.$proc$/home/toshn/slacksmith_work/depth_i2c/run1/gates/O1/gold.v:79$4'.

3.2.6. Executing PROC_ROM pass (convert switches to ROMs).
Converted 0 switches.
<suppressed ~14 debug messages>

3.2.7. Executing PROC_MUX pass (convert decision trees to multiplexers).
Creating decoders for process `\i2c_master_bit_ctrl_gold.$proc$/home/toshn/slacksmith_work/depth_i2c/run1/gates/O1/gold.v:218$43'.
     1/5: $0\cmd_ack[0:0]
     2/5: $0\c_state[16:0]
     3/5: $0\sda_chk[0:0]
     4/5: $0\sda_oen[0:0]
     5/5: $0\scl_oen[0:0]
Creating decoders for process `\i2c_master_bit_ctrl_gold.$proc$/home/toshn/slacksmith_work/depth_i2c/run1/gates/O1/gold.v:192$40'.
     1/1: $0\dout[0:0]
Creating decoders for process `\i2c_master_bit_ctrl_gold.$proc$/home/toshn/slacksmith_work/depth_i2c/run1/gates/O1/gold.v:182$30'.
     1/1: $0\al[0:0]
Creating decoders for process `\i2c_master_bit_ctrl_gold.$proc$/home/toshn/slacksmith_work/depth_i2c/run1/gates/O1/gold.v:174$27'.
     1/1: $0\cmd_stop[0:0]
Creating decoders for process `\i2c_master_bit_ctrl_gold.$proc$/home/toshn/slacksmith_work/depth_i2c/run1/gates/O1/gold.v:161$22'.
     1/1: $0\busy[0:0]
Creating decoders for process `\i2c_master_bit_ctrl_gold.$proc$/home/toshn/slacksmith_work/depth_i2c/run1/gates/O1/gold.v:143$14'.
     1/2: $0\sto_condition[0:0]
     2/2: $0\sta_condition[0:0]
Creating decoders for process `\i2c_master_bit_ctrl_gold.$proc$/home/toshn/slacksmith_work/depth_i2c/run1/gates/O1/gold.v:115$12'.
     1/4: $0\dSDA[0:0]
     2/4: $0\dSCL[0:0]
     3/4: $0\sSDA[0:0]
     4/4: $0\sSCL[0:0]
Creating decoders for process `\i2c_master_bit_ctrl_gold.$proc$/home/toshn/slacksmith_work/depth_i2c/run1/gates/O1/gold.v:79$4'.
     1/2: $0\clk_en[0:0]
     2/2: $0\cnt[15:0]
Creating decoders for process `\i2c_master_bit_ctrl_gold.$proc$/home/toshn/slacksmith_work/depth_i2c/run1/gates/O1/gold.v:72$1'.

3.2.8. Executing PROC_DLATCH pass (convert process syncs to latches).

3.2.9. Executing PROC_DFF pass (convert process syncs to FFs).
Creating register for signal `\i2c_master_bit_ctrl_gold.\cmd_ack' using process `\i2c_master_bit_ctrl_gold.$proc$/home/toshn/slacksmith_work/depth_i2c/run1/gates/O1/gold.v:218$43'.
  created $adff cell `$procdff$255' with positive edge clock and positive level reset.
Creating register for signal `\i2c_master_bit_ctrl_gold.\scl_oen' using process `\i2c_master_bit_ctrl_gold.$proc$/home/toshn/slacksmith_work/depth_i2c/run1/gates/O1/gold.v:218$43'.
  created $adff cell `$procdff$260' with positive edge clock and positive level reset.
Creating register for signal `\i2c_master_bit_ctrl_gold.\sda_oen' using process `\i2c_master_bit_ctrl_gold.$proc$/home/toshn/slacksmith_work/depth_i2c/run1/gates/O1/gold.v:218$43'.
  created $adff cell `$procdff$265' with positive edge clock and positive level reset.
Creating register for signal `\i2c_master_bit_ctrl_gold.\sda_chk' using process `\i2c_master_bit_ctrl_gold.$proc$/home/toshn/slacksmith_work/depth_i2c/run1/gates/O1/gold.v:218$43'.
  created $adff cell `$procdff$270' with positive edge clock and positive level reset.
Creating register for signal `\i2c_master_bit_ctrl_gold.\c_state' using process `\i2c_master_bit_ctrl_gold.$proc$/home/toshn/slacksmith_work/depth_i2c/run1/gates/O1/gold.v:218$43'.
  created $adff cell `$procdff$275' with positive edge clock and positive level reset.
Creating register for signal `\i2c_master_bit_ctrl_gold.\dout' using process `\i2c_master_bit_ctrl_gold.$proc$/home/toshn/slacksmith_work/depth_i2c/run1/gates/O1/gold.v:192$40'.
  created $dff cell `$procdff$276' with positive edge clock.
Creating register for signal `\i2c_master_bit_ctrl_gold.\al' using process `\i2c_master_bit_ctrl_gold.$proc$/home/toshn/slacksmith_work/depth_i2c/run1/gates/O1/gold.v:182$30'.
  created $adff cell `$procdff$281' with positive edge clock and positive level reset.
Creating register for signal `\i2c_master_bit_ctrl_gold.\cmd_stop' using process `\i2c_master_bit_ctrl_gold.$proc$/home/toshn/slacksmith_work/depth_i2c/run1/gates/O1/gold.v:174$27'.
  created $adff cell `$procdff$286' with positive edge clock and positive level reset.
Creating register for signal `\i2c_master_bit_ctrl_gold.\busy' using process `\i2c_master_bit_ctrl_gold.$proc$/home/toshn/slacksmith_work/depth_i2c/run1/gates/O1/gold.v:161$22'.
  created $adff cell `$procdff$291' with positive edge clock and positive level reset.
Creating register for signal `\i2c_master_bit_ctrl_gold.\sta_condition' using process `\i2c_master_bit_ctrl_gold.$proc$/home/toshn/slacksmith_work/depth_i2c/run1/gates/O1/gold.v:143$14'.
  created $adff cell `$procdff$296' with positive edge clock and positive level reset.
Creating register for signal `\i2c_master_bit_ctrl_gold.\sto_condition' using process `\i2c_master_bit_ctrl_gold.$proc$/home/toshn/slacksmith_work/depth_i2c/run1/gates/O1/gold.v:143$14'.
  created $adff cell `$procdff$301' with positive edge clock and positive level reset.
Creating register for signal `\i2c_master_bit_ctrl_gold.\sSCL' using process `\i2c_master_bit_ctrl_gold.$proc$/home/toshn/slacksmith_work/depth_i2c/run1/gates/O1/gold.v:115$12'.
  created $adff cell `$procdff$306' with positive edge clock and positive level reset.
Creating register for signal `\i2c_master_bit_ctrl_gold.\sSDA' using process `\i2c_master_bit_ctrl_gold.$proc$/home/toshn/slacksmith_work/depth_i2c/run1/gates/O1/gold.v:115$12'.
  created $adff cell `$procdff$311' with positive edge clock and positive level reset.
Creating register for signal `\i2c_master_bit_ctrl_gold.\dSCL' using process `\i2c_master_bit_ctrl_gold.$proc$/home/toshn/slacksmith_work/depth_i2c/run1/gates/O1/gold.v:115$12'.
  created $adff cell `$procdff$316' with positive edge clock and positive level reset.
Creating register for signal `\i2c_master_bit_ctrl_gold.\dSDA' using process `\i2c_master_bit_ctrl_gold.$proc$/home/toshn/slacksmith_work/depth_i2c/run1/gates/O1/gold.v:115$12'.
  created $adff cell `$procdff$321' with positive edge clock and positive level reset.
Creating register for signal `\i2c_master_bit_ctrl_gold.\clk_en' using process `\i2c_master_bit_ctrl_gold.$proc$/home/toshn/slacksmith_work/depth_i2c/run1/gates/O1/gold.v:79$4'.
  created $adff cell `$procdff$326' with positive edge clock and positive level reset.
Creating register for signal `\i2c_master_bit_ctrl_gold.\cnt' using process `\i2c_master_bit_ctrl_gold.$proc$/home/toshn/slacksmith_work/depth_i2c/run1/gates/O1/gold.v:79$4'.
  created $adff cell `$procdff$331' with positive edge clock and positive level reset.
Creating register for signal `\i2c_master_bit_ctrl_gold.\dscl_oen' using process `\i2c_master_bit_ctrl_gold.$proc$/home/toshn/slacksmith_work/depth_i2c/run1/gates/O1/gold.v:72$1'.
  created $dff cell `$procdff$332' with positive edge clock.

3.2.10. Executing PROC_MEMWR pass (convert process memory writes to cells).

3.2.11. Executing PROC_CLEAN pass (remove empty switches from decision trees).
Found and cleaned up 4 empty switches in `\i2c_master_bit_ctrl_gold.$proc$/home/toshn/slacksmith_work/depth_i2c/run1/gates/O1/gold.v:218$43'.
Removing empty process `i2c_master_bit_ctrl_gold.$proc$/home/toshn/slacksmith_work/depth_i2c/run1/gates/O1/gold.v:218$43'.
Found and cleaned up 1 empty switch in `\i2c_master_bit_ctrl_gold.$proc$/home/toshn/slacksmith_work/depth_i2c/run1/gates/O1/gold.v:192$40'.
Removing empty process `i2c_master_bit_ctrl_gold.$proc$/home/toshn/slacksmith_work/depth_i2c/run1/gates/O1/gold.v:192$40'.
Found and cleaned up 1 empty switch in `\i2c_master_bit_ctrl_gold.$proc$/home/toshn/slacksmith_work/depth_i2c/run1/gates/O1/gold.v:182$30'.
Removing empty process `i2c_master_bit_ctrl_gold.$proc$/home/toshn/slacksmith_work/depth_i2c/run1/gates/O1/gold.v:182$30'.
Found and cleaned up 2 empty switches in `\i2c_master_bit_ctrl_gold.$proc$/home/toshn/slacksmith_work/depth_i2c/run1/gates/O1/gold.v:174$27'.
Removing empty process `i2c_master_bit_ctrl_gold.$proc$/home/toshn/slacksmith_work/depth_i2c/run1/gates/O1/gold.v:174$27'.
Found and cleaned up 1 empty switch in `\i2c_master_bit_ctrl_gold.$proc$/home/toshn/slacksmith_work/depth_i2c/run1/gates/O1/gold.v:161$22'.
Removing empty process `i2c_master_bit_ctrl_gold.$proc$/home/toshn/slacksmith_work/depth_i2c/run1/gates/O1/gold.v:161$22'.
Found and cleaned up 1 empty switch in `\i2c_master_bit_ctrl_gold.$proc$/home/toshn/slacksmith_work/depth_i2c/run1/gates/O1/gold.v:143$14'.
Removing empty process `i2c_master_bit_ctrl_gold.$proc$/home/toshn/slacksmith_work/depth_i2c/run1/gates/O1/gold.v:143$14'.
Found and cleaned up 1 empty switch in `\i2c_master_bit_ctrl_gold.$proc$/home/toshn/slacksmith_work/depth_i2c/run1/gates/O1/gold.v:115$12'.
Removing empty process `i2c_master_bit_ctrl_gold.$proc$/home/toshn/slacksmith_work/depth_i2c/run1/gates/O1/gold.v:115$12'.
Found and cleaned up 3 empty switches in `\i2c_master_bit_ctrl_gold.$proc$/home/toshn/slacksmith_work/depth_i2c/run1/gates/O1/gold.v:79$4'.
Removing empty process `i2c_master_bit_ctrl_gold.$proc$/home/toshn/slacksmith_work/depth_i2c/run1/gates/O1/gold.v:79$4'.
Removing empty process `i2c_master_bit_ctrl_gold.$proc$/home/toshn/slacksmith_work/depth_i2c/run1/gates/O1/gold.v:72$1'.
Cleaned up 14 empty switches.

3.2.12. Executing OPT_EXPR pass (perform const folding).
Optimizing module i2c_master_bit_ctrl_gold.
<suppressed ~36 debug messages>

3.3. Executing OPT_EXPR pass (perform const folding).
Optimizing module i2c_master_bit_ctrl_gold.

3.4. Executing OPT_CLEAN pass (remove unused cells and wires).
Finding unused cells or wires in module \i2c_master_bit_ctrl_gold..
Removed 24 unused cells and 86 unused wires.
<suppressed ~25 debug messages>

3.5. Executing CHECK pass (checking for obvious problems).
Checking module i2c_master_bit_ctrl_gold...
Found and reported 0 problems.

3.6. Executing OPT pass (performing simple optimizations).

3.6.1. Executing OPT_EXPR pass (perform const folding).
Optimizing module i2c_master_bit_ctrl_gold.

3.6.2. Executing OPT_MERGE pass (detect identical cells).
Finding identical cells in module `\i2c_master_bit_ctrl_gold'.
Computing hashes of 156 cells of `\i2c_master_bit_ctrl_gold'.
Finding duplicate cells in `\i2c_master_bit_ctrl_gold'.
Computing hashes of 99 cells of `\i2c_master_bit_ctrl_gold'.
Finding duplicate cells in `\i2c_master_bit_ctrl_gold'.
<suppressed ~171 debug messages>
Removed a total of 57 cells.

3.6.3. Executing OPT_MUXTREE pass (detect dead branches in mux trees).
Running muxtree optimizer on module \i2c_master_bit_ctrl_gold..
  Creating internal representation of mux trees.
  Evaluating internal representation of mux trees.
  Analyzing evaluation results.
Removed 0 multiplexer ports.
<suppressed ~50 debug messages>

3.6.4. Executing OPT_REDUCE pass (consolidate $*mux and $reduce_* inputs).
  Optimizing cells in module \i2c_master_bit_ctrl_gold.
    New ctrl vector for $pmux cell $procmux$156: { $auto$opt_reduce.cc:137:opt_pmux$338 $auto$opt_reduce.cc:137:opt_pmux$336 $auto$opt_reduce.cc:137:opt_pmux$334 }
    New ctrl vector for $pmux cell $procmux$131: { $auto$opt_reduce.cc:137:opt_pmux$342 $auto$opt_reduce.cc:137:opt_pmux$340 }
    New ctrl vector for $pmux cell $procmux$180: { $auto$opt_reduce.cc:137:opt_pmux$346 $auto$opt_reduce.cc:137:opt_pmux$344 }
    New ctrl vector for $pmux cell $procmux$100: { $auto$opt_reduce.cc:137:opt_pmux$348 $procmux$182_CMP $procmux$183_CMP $procmux$184_CMP $procmux$186_CMP $procmux$187_CMP $procmux$188_CMP $procmux$190_CMP $procmux$191_CMP $procmux$192_CMP $procmux$194_CMP $procmux$195_CMP $procmux$196_CMP $procmux$173_CMP $procmux$149_CMP }
    New ctrl vector for $pmux cell $procmux$89: $auto$opt_reduce.cc:137:opt_pmux$350
  Optimizing cells in module \i2c_master_bit_ctrl_gold.
Performed a total of 5 changes.

3.6.5. Executing OPT_MERGE pass (detect identical cells).
Finding identical cells in module `\i2c_master_bit_ctrl_gold'.
Computing hashes of 108 cells of `\i2c_master_bit_ctrl_gold'.
Finding duplicate cells in `\i2c_master_bit_ctrl_gold'.
Computing hashes of 107 cells of `\i2c_master_bit_ctrl_gold'.
Finding duplicate cells in `\i2c_master_bit_ctrl_gold'.
<suppressed ~3 debug messages>
Removed a total of 1 cells.

3.6.6. Executing OPT_DFF pass (perform DFF optimizations).

3.6.7. Executing OPT_CLEAN pass (remove unused cells and wires).
Finding unused cells or wires in module \i2c_master_bit_ctrl_gold..
Removed 0 unused cells and 58 unused wires.
<suppressed ~1 debug messages>

3.6.8. Executing OPT_EXPR pass (perform const folding).
Optimizing module i2c_master_bit_ctrl_gold.

3.6.9. Rerunning OPT passes. (Maybe there is more to do..)

3.6.10. Executing OPT_MUXTREE pass (detect dead branches in mux trees).
Running muxtree optimizer on module \i2c_master_bit_ctrl_gold..
  Creating internal representation of mux trees.
  Evaluating internal representation of mux trees.
  Analyzing evaluation results.
Removed 0 multiplexer ports.
<suppressed ~50 debug messages>

3.6.11. Executing OPT_REDUCE pass (consolidate $*mux and $reduce_* inputs).
  Optimizing cells in module \i2c_master_bit_ctrl_gold.
Performed a total of 0 changes.

3.6.12. Executing OPT_MERGE pass (detect identical cells).
Finding identical cells in module `\i2c_master_bit_ctrl_gold'.
Computing hashes of 107 cells of `\i2c_master_bit_ctrl_gold'.
Finding duplicate cells in `\i2c_master_bit_ctrl_gold'.
Removed a total of 0 cells.

3.6.13. Executing OPT_DFF pass (perform DFF optimizations).

3.6.14. Executing OPT_CLEAN pass (remove unused cells and wires).
Finding unused cells or wires in module \i2c_master_bit_ctrl_gold..

3.6.15. Executing OPT_EXPR pass (perform const folding).
Optimizing module i2c_master_bit_ctrl_gold.

3.6.16. Finished fast OPT passes. (There is nothing left to do.)

3.7. Executing FSM pass (extract and optimize FSM).

3.7.1. Executing FSM_DETECT pass (finding FSMs in design).
Not marking i2c_master_bit_ctrl_gold.c_state as FSM state register:
    Users of register don't seem to benefit from recoding.

3.7.2. Executing FSM_EXTRACT pass (extracting FSM from design).

3.7.3. Executing FSM_OPT pass (simple optimizations of FSMs).

3.7.4. Executing OPT_CLEAN pass (remove unused cells and wires).
Finding unused cells or wires in module \i2c_master_bit_ctrl_gold..

3.7.5. Executing FSM_OPT pass (simple optimizations of FSMs).

3.7.6. Executing FSM_RECODE pass (re-assigning FSM state encoding).

3.7.7. Executing FSM_INFO pass (dumping all available information on FSM cells).

3.7.8. Executing FSM_MAP pass (mapping FSMs to basic logic).

3.8. Executing OPT pass (performing simple optimizations).

3.8.1. Executing OPT_EXPR pass (perform const folding).
Optimizing module i2c_master_bit_ctrl_gold.

3.8.2. Executing OPT_MERGE pass (detect identical cells).
Finding identical cells in module `\i2c_master_bit_ctrl_gold'.
Computing hashes of 107 cells of `\i2c_master_bit_ctrl_gold'.
Finding duplicate cells in `\i2c_master_bit_ctrl_gold'.
Removed a total of 0 cells.

3.8.3. Executing OPT_MUXTREE pass (detect dead branches in mux trees).
Running muxtree optimizer on module \i2c_master_bit_ctrl_gold..
  Creating internal representation of mux trees.
  Evaluating internal representation of mux trees.
  Analyzing evaluation results.
Removed 0 multiplexer ports.
<suppressed ~50 debug messages>

3.8.4. Executing OPT_REDUCE pass (consolidate $*mux and $reduce_* inputs).
  Optimizing cells in module \i2c_master_bit_ctrl_gold.
Performed a total of 0 changes.

3.8.5. Executing OPT_MERGE pass (detect identical cells).
Finding identical cells in module `\i2c_master_bit_ctrl_gold'.
Computing hashes of 107 cells of `\i2c_master_bit_ctrl_gold'.
Finding duplicate cells in `\i2c_master_bit_ctrl_gold'.
Removed a total of 0 cells.

3.8.6. Executing OPT_DFF pass (perform DFF optimizations).
Adding EN signal on $procdff$276 ($dff) from module i2c_master_bit_ctrl_gold (D = \sSDA, Q = \dout).
Adding EN signal on $procdff$275 ($adff) from module i2c_master_bit_ctrl_gold (D = $0\c_state[16:0], Q = \c_state).
Adding EN signal on $procdff$270 ($adff) from module i2c_master_bit_ctrl_gold (D = $0\sda_chk[0:0], Q = \sda_chk).
Adding EN signal on $procdff$260 ($adff) from module i2c_master_bit_ctrl_gold (D = $0\scl_oen[0:0], Q = \scl_oen).
Adding EN signal on $procdff$265 ($adff) from module i2c_master_bit_ctrl_gold (D = $0\sda_oen[0:0], Q = \sda_oen).
Adding EN signal on $procdff$286 ($adff) from module i2c_master_bit_ctrl_gold (D = $0\cmd_stop[0:0], Q = \cmd_stop).
Adding EN signal on $procdff$331 ($adff) from module i2c_master_bit_ctrl_gold (D = $0\cnt[15:0], Q = \cnt).

3.8.7. Executing OPT_CLEAN pass (remove unused cells and wires).
Finding unused cells or wires in module \i2c_master_bit_ctrl_gold..
Removed 1 unused cells and 1 unused wires.
<suppressed ~2 debug messages>

3.8.8. Executing OPT_EXPR pass (perform const folding).
Optimizing module i2c_master_bit_ctrl_gold.
<suppressed ~9 debug messages>

3.8.9. Rerunning OPT passes. (Maybe there is more to do..)

3.8.10. Executing OPT_MUXTREE pass (detect dead branches in mux trees).
Running muxtree optimizer on module \i2c_master_bit_ctrl_gold..
  Creating internal representation of mux trees.
  Evaluating internal representation of mux trees.
  Analyzing evaluation results.
Removed 0 multiplexer ports.
<suppressed ~48 debug messages>

3.8.11. Executing OPT_REDUCE pass (consolidate $*mux and $reduce_* inputs).
  Optimizing cells in module \i2c_master_bit_ctrl_gold.
Performed a total of 0 changes.

3.8.12. Executing OPT_MERGE pass (detect identical cells).
Finding identical cells in module `\i2c_master_bit_ctrl_gold'.
Computing hashes of 120 cells of `\i2c_master_bit_ctrl_gold'.
Finding duplicate cells in `\i2c_master_bit_ctrl_gold'.
Computing hashes of 117 cells of `\i2c_master_bit_ctrl_gold'.
Finding duplicate cells in `\i2c_master_bit_ctrl_gold'.
<suppressed ~9 debug messages>
Removed a total of 3 cells.

3.8.13. Executing OPT_DFF pass (perform DFF optimizations).

3.8.14. Executing OPT_CLEAN pass (remove unused cells and wires).
Finding unused cells or wires in module \i2c_master_bit_ctrl_gold..
Removed 0 unused cells and 3 unused wires.
<suppressed ~1 debug messages>

3.8.15. Executing OPT_EXPR pass (perform const folding).
Optimizing module i2c_master_bit_ctrl_gold.

3.8.16. Rerunning OPT passes. (Maybe there is more to do..)

3.8.17. Executing OPT_MUXTREE pass (detect dead branches in mux trees).
Running muxtree optimizer on module \i2c_master_bit_ctrl_gold..
  Creating internal representation of mux trees.
  Evaluating internal representation of mux trees.
  Analyzing evaluation results.
Removed 0 multiplexer ports.
<suppressed ~48 debug messages>

3.8.18. Executing OPT_REDUCE pass (consolidate $*mux and $reduce_* inputs).
  Optimizing cells in module \i2c_master_bit_ctrl_gold.
Performed a total of 0 changes.

3.8.19. Executing OPT_MERGE pass (detect identical cells).
Finding identical cells in module `\i2c_master_bit_ctrl_gold'.
Computing hashes of 117 cells of `\i2c_master_bit_ctrl_gold'.
Finding duplicate cells in `\i2c_master_bit_ctrl_gold'.
Removed a total of 0 cells.

3.8.20. Executing OPT_DFF pass (perform DFF optimizations).

3.8.21. Executing OPT_CLEAN pass (remove unused cells and wires).
Finding unused cells or wires in module \i2c_master_bit_ctrl_gold..

3.8.22. Executing OPT_EXPR pass (perform const folding).
Optimizing module i2c_master_bit_ctrl_gold.

3.8.23. Finished fast OPT passes. (There is nothing left to do.)

3.9. Executing WREDUCE pass (reducing word size of cells).
Removed top 15 bits (of 16) from port B of cell i2c_master_bit_ctrl_gold.$sub$/home/toshn/slacksmith_work/depth_i2c/run1/gates/O1/gold.v:103$11 ($sub).
Removed top 3 bits (of 17) from mux cell i2c_master_bit_ctrl_gold.$procmux$119 ($pmux).
Removed top 1 bits (of 4) from port B of cell i2c_master_bit_ctrl_gold.$procmux$121_CMP0 ($eq).
Removed top 2 bits (of 4) from port B of cell i2c_master_bit_ctrl_gold.$procmux$122_CMP0 ($eq).
Removed top 3 bits (of 4) from port B of cell i2c_master_bit_ctrl_gold.$procmux$123_CMP0 ($eq).
Removed top 16 bits (of 17) from port B of cell i2c_master_bit_ctrl_gold.$procmux$173_CMP0 ($eq).
Removed top 1 bits (of 17) from port B of cell i2c_master_bit_ctrl_gold.$procmux$182_CMP0 ($eq).
Removed top 2 bits (of 17) from port B of cell i2c_master_bit_ctrl_gold.$procmux$183_CMP0 ($eq).
Removed top 3 bits (of 17) from port B of cell i2c_master_bit_ctrl_gold.$procmux$184_CMP0 ($eq).
Removed top 4 bits (of 17) from port B of cell i2c_master_bit_ctrl_gold.$procmux$185_CMP0 ($eq).
Removed top 5 bits (of 17) from port B of cell i2c_master_bit_ctrl_gold.$procmux$186_CMP0 ($eq).
Removed top 6 bits (of 17) from port B of cell i2c_master_bit_ctrl_gold.$procmux$187_CMP0 ($eq).
Removed top 7 bits (of 17) from port B of cell i2c_master_bit_ctrl_gold.$procmux$188_CMP0 ($eq).
Removed top 8 bits (of 17) from port B of cell i2c_master_bit_ctrl_gold.$procmux$189_CMP0 ($eq).
Removed top 9 bits (of 17) from port B of cell i2c_master_bit_ctrl_gold.$procmux$190_CMP0 ($eq).
Removed top 10 bits (of 17) from port B of cell i2c_master_bit_ctrl_gold.$procmux$191_CMP0 ($eq).
Removed top 11 bits (of 17) from port B of cell i2c_master_bit_ctrl_gold.$procmux$192_CMP0 ($eq).
Removed top 12 bits (of 17) from port B of cell i2c_master_bit_ctrl_gold.$procmux$193_CMP0 ($eq).
Removed top 13 bits (of 17) from port B of cell i2c_master_bit_ctrl_gold.$procmux$194_CMP0 ($eq).
Removed top 14 bits (of 17) from port B of cell i2c_master_bit_ctrl_gold.$procmux$195_CMP0 ($eq).
Removed top 15 bits (of 17) from port B of cell i2c_master_bit_ctrl_gold.$procmux$196_CMP0 ($eq).
Removed top 3 bits (of 17) from wire i2c_master_bit_ctrl_gold.$procmux$119_Y.

3.10. Executing PEEPOPT pass (run peephole optimizers).

3.11. Executing OPT_CLEAN pass (remove unused cells and wires).
Finding unused cells or wires in module \i2c_master_bit_ctrl_gold..
Removed 0 unused cells and 1 unused wires.
<suppressed ~1 debug messages>

3.12. Executing ALUMACC pass (create $alu and $macc cells).
Extracting $alu and $macc cells in module i2c_master_bit_ctrl_gold:
  creating $macc model for $sub$/home/toshn/slacksmith_work/depth_i2c/run1/gates/O1/gold.v:103$11 ($sub).
  creating $alu model for $macc $sub$/home/toshn/slacksmith_work/depth_i2c/run1/gates/O1/gold.v:103$11.
  creating $alu cell for $sub$/home/toshn/slacksmith_work/depth_i2c/run1/gates/O1/gold.v:103$11: $auto$alumacc.cc:512:replace_alu$387
  created 1 $alu and 0 $macc cells.

3.13. Executing SHARE pass (SAT-based resource sharing).

3.14. Executing OPT pass (performing simple optimizations).

3.14.1. Executing OPT_EXPR pass (perform const folding).
Optimizing module i2c_master_bit_ctrl_gold.

3.14.2. Executing OPT_MERGE pass (detect identical cells).
Finding identical cells in module `\i2c_master_bit_ctrl_gold'.
Computing hashes of 117 cells of `\i2c_master_bit_ctrl_gold'.
Finding duplicate cells in `\i2c_master_bit_ctrl_gold'.
Removed a total of 0 cells.

3.14.3. Executing OPT_MUXTREE pass (detect dead branches in mux trees).
Running muxtree optimizer on module \i2c_master_bit_ctrl_gold..
  Creating internal representation of mux trees.
  Evaluating internal representation of mux trees.
  Analyzing evaluation results.
Removed 0 multiplexer ports.
<suppressed ~48 debug messages>

3.14.4. Executing OPT_REDUCE pass (consolidate $*mux and $reduce_* inputs).
  Optimizing cells in module \i2c_master_bit_ctrl_gold.
Performed a total of 0 changes.

3.14.5. Executing OPT_MERGE pass (detect identical cells).
Finding identical cells in module `\i2c_master_bit_ctrl_gold'.
Computing hashes of 117 cells of `\i2c_master_bit_ctrl_gold'.
Finding duplicate cells in `\i2c_master_bit_ctrl_gold'.
Removed a total of 0 cells.

3.14.6. Executing OPT_DFF pass (perform DFF optimizations).

3.14.7. Executing OPT_CLEAN pass (remove unused cells and wires).
Finding unused cells or wires in module \i2c_master_bit_ctrl_gold..

3.14.8. Executing OPT_EXPR pass (perform const folding).
Optimizing module i2c_master_bit_ctrl_gold.

3.14.9. Finished fast OPT passes. (There is nothing left to do.)

3.15. Executing MEMORY pass.

3.15.1. Executing OPT_MEM pass (optimize memories).
Performed a total of 0 transformations.

3.15.2. Executing OPT_MEM_PRIORITY pass (removing unnecessary memory write priority relations).
Performed a total of 0 transformations.

3.15.3. Executing OPT_MEM_FEEDBACK pass (finding memory read-to-write feedback paths).

3.15.4. Executing MEMORY_BMUX2ROM pass (converting muxes to ROMs).

3.15.5. Executing MEMORY_DFF pass (merging $dff cells to $memrd).

3.15.6. Executing OPT_CLEAN pass (remove unused cells and wires).
Finding unused cells or wires in module \i2c_master_bit_ctrl_gold..

3.15.7. Executing MEMORY_SHARE pass (consolidating $memrd/$memwr cells).

3.15.8. Executing OPT_MEM_WIDEN pass (optimize memories where all ports are wide).
Performed a total of 0 transformations.

3.15.9. Executing OPT_CLEAN pass (remove unused cells and wires).
Finding unused cells or wires in module \i2c_master_bit_ctrl_gold..

3.15.10. Executing MEMORY_COLLECT pass (generating $mem cells).

3.16. Executing OPT_CLEAN pass (remove unused cells and wires).
Finding unused cells or wires in module \i2c_master_bit_ctrl_gold..

3.17. Executing OPT pass (performing simple optimizations).

3.17.1. Executing OPT_EXPR pass (perform const folding).
Optimizing module i2c_master_bit_ctrl_gold.
<suppressed ~21 debug messages>

3.17.2. Executing OPT_MERGE pass (detect identical cells).
Finding identical cells in module `\i2c_master_bit_ctrl_gold'.
Computing hashes of 108 cells of `\i2c_master_bit_ctrl_gold'.
Finding duplicate cells in `\i2c_master_bit_ctrl_gold'.
Removed a total of 0 cells.

3.17.3. Executing OPT_DFF pass (perform DFF optimizations).

3.17.4. Executing OPT_CLEAN pass (remove unused cells and wires).
Finding unused cells or wires in module \i2c_master_bit_ctrl_gold..
Removed 0 unused cells and 9 unused wires.
<suppressed ~1 debug messages>

3.17.5. Finished fast OPT passes.

3.18. Executing MEMORY_MAP pass (converting memories to logic and flip-flops).

3.19. Executing OPT pass (performing simple optimizations).

3.19.1. Executing OPT_EXPR pass (perform const folding).
Optimizing module i2c_master_bit_ctrl_gold.

3.19.2. Executing OPT_MERGE pass (detect identical cells).
Finding identical cells in module `\i2c_master_bit_ctrl_gold'.
Computing hashes of 108 cells of `\i2c_master_bit_ctrl_gold'.
Finding duplicate cells in `\i2c_master_bit_ctrl_gold'.
Removed a total of 0 cells.

3.19.3. Executing OPT_MUXTREE pass (detect dead branches in mux trees).
Running muxtree optimizer on module \i2c_master_bit_ctrl_gold..
  Creating internal representation of mux trees.
  Evaluating internal representation of mux trees.
  Analyzing evaluation results.
Removed 0 multiplexer ports.
<suppressed ~23 debug messages>

3.19.4. Executing OPT_REDUCE pass (consolidate $*mux and $reduce_* inputs).
  Optimizing cells in module \i2c_master_bit_ctrl_gold.
    Consolidated identical input bits for $pmux cell $procmux$119:
      Old ports: A=14'00000000000000, B=56'00000000000001000000001000001000000000000000001000000000, Y=$auto$wreduce.cc:514:run$386 [13:0]
      New ports: A=4'0000, B=16'0001001010000100, Y={ $auto$wreduce.cc:514:run$386 [13] $auto$wreduce.cc:514:run$386 [9] $auto$wreduce.cc:514:run$386 [5] $auto$wreduce.cc:514:run$386 [0] }
      New connections: { $auto$wreduce.cc:514:run$386 [12:10] $auto$wreduce.cc:514:run$386 [8:6] $auto$wreduce.cc:514:run$386 [4:1] } = 10'0000000000
  Optimizing cells in module \i2c_master_bit_ctrl_gold.
Performed a total of 1 changes.

3.19.5. Executing OPT_MERGE pass (detect identical cells).
Finding identical cells in module `\i2c_master_bit_ctrl_gold'.
Computing hashes of 108 cells of `\i2c_master_bit_ctrl_gold'.
Finding duplicate cells in `\i2c_master_bit_ctrl_gold'.
Removed a total of 0 cells.

3.19.6. Executing OPT_SHARE pass.

3.19.7. Executing OPT_DFF pass (perform DFF optimizations).

3.19.8. Executing OPT_CLEAN pass (remove unused cells and wires).
Finding unused cells or wires in module \i2c_master_bit_ctrl_gold..

3.19.9. Executing OPT_EXPR pass (perform const folding).
Optimizing module i2c_master_bit_ctrl_gold.

3.19.10. Rerunning OPT passes. (Maybe there is more to do..)

3.19.11. Executing OPT_MUXTREE pass (detect dead branches in mux trees).
Running muxtree optimizer on module \i2c_master_bit_ctrl_gold..
  Creating internal representation of mux trees.
  Evaluating internal representation of mux trees.
  Analyzing evaluation results.
Removed 0 multiplexer ports.
<suppressed ~23 debug messages>

3.19.12. Executing OPT_REDUCE pass (consolidate $*mux and $reduce_* inputs).
  Optimizing cells in module \i2c_master_bit_ctrl_gold.
Performed a total of 0 changes.

3.19.13. Executing OPT_MERGE pass (detect identical cells).
Finding identical cells in module `\i2c_master_bit_ctrl_gold'.
Computing hashes of 108 cells of `\i2c_master_bit_ctrl_gold'.
Finding duplicate cells in `\i2c_master_bit_ctrl_gold'.
Removed a total of 0 cells.

3.19.14. Executing OPT_SHARE pass.

3.19.15. Executing OPT_DFF pass (perform DFF optimizations).

3.19.16. Executing OPT_CLEAN pass (remove unused cells and wires).
Finding unused cells or wires in module \i2c_master_bit_ctrl_gold..

3.19.17. Executing OPT_EXPR pass (perform const folding).
Optimizing module i2c_master_bit_ctrl_gold.

3.19.18. Finished fast OPT passes. (There is nothing left to do.)

3.20. Executing TECHMAP pass (map to technology primitives).

3.20.1. Executing Verilog-2005 frontend: /home/toshn/tools/oss-cad-suite/lib/../share/yosys/techmap.v
Parsing Verilog input from `/home/toshn/tools/oss-cad-suite/lib/../share/yosys/techmap.v' to AST representation.
Generating RTLIL representation for module `\_90_simplemap_bool_ops'.
Generating RTLIL representation for module `\_90_simplemap_reduce_ops'.
Generating RTLIL representation for module `\_90_simplemap_logic_ops'.
Generating RTLIL representation for module `\_90_simplemap_compare_ops'.
Generating RTLIL representation for module `\_90_simplemap_various'.
Generating RTLIL representation for module `\_90_simplemap_registers'.
Generating RTLIL representation for module `\_90_shift_ops_shr_shl_sshl_sshr'.
Generating RTLIL representation for module `\_90_shift_shiftx'.
Generating RTLIL representation for module `\_90_fa'.
Generating RTLIL representation for module `\_90_lcu_brent_kung'.
Generating RTLIL representation for module `\_90_alu'.
Generating RTLIL representation for module `\_90_macc'.
Generating RTLIL representation for module `\_90_alumacc'.
Generating RTLIL representation for module `$__div_mod_u'.
Generating RTLIL representation for module `$__div_mod_trunc'.
Generating RTLIL representation for module `\_90_div'.
Generating RTLIL representation for module `\_90_mod'.
Generating RTLIL representation for module `$__div_mod_floor'.
Generating RTLIL representation for module `\_90_divfloor'.
Generating RTLIL representation for module `\_90_modfloor'.
Generating RTLIL representation for module `\_90_pow'.
Generating RTLIL representation for module `\_90_demux'.
Generating RTLIL representation for module `\_90_lut'.
Generating RTLIL representation for module `$connect'.
Generating RTLIL representation for module `$input_port'.
Successfully finished Verilog frontend.

3.20.2. Continuing TECHMAP pass.
Using template $paramod$a1665ef28c749ebcdbe9aecd466e644647b56463\_90_alu for cells of type $alu.
Using extmapper simplemap for cells of type $ne.
Using extmapper simplemap for cells of type $adffe.
Using extmapper simplemap for cells of type $reduce_bool.
Using extmapper simplemap for cells of type $reduce_and.
Using extmapper simplemap for cells of type $dffe.
Using extmapper simplemap for cells of type $reduce_or.
Using extmapper simplemap for cells of type $logic_not.
Using extmapper simplemap for cells of type $logic_and.
Using extmapper simplemap for cells of type $not.
Using extmapper simplemap for cells of type $logic_or.
Using extmapper simplemap for cells of type $and.
Using extmapper simplemap for cells of type $or.
Using extmapper simplemap for cells of type $mux.
Using extmapper simplemap for cells of type $pmux.
Using extmapper simplemap for cells of type $eq.
Using extmapper simplemap for cells of type $adff.
Using extmapper simplemap for cells of type $dff.
Using extmapper simplemap for cells of type $pos.
Using template $paramod\_90_fa\WIDTH=32'00000000000000000000000000010000 for cells of type $fa.
Using template $paramod\_90_lcu_brent_kung\WIDTH=32'00000000000000000000000000010000 for cells of type $lcu.
Using extmapper simplemap for cells of type $xor.
No more expansions possible.
<suppressed ~415 debug messages>

3.21. Executing OPT pass (performing simple optimizations).

3.21.1. Executing OPT_EXPR pass (perform const folding).
Optimizing module i2c_master_bit_ctrl_gold.
<suppressed ~910 debug messages>

3.21.2. Executing OPT_MERGE pass (detect identical cells).
Finding identical cells in module `\i2c_master_bit_ctrl_gold'.
Computing hashes of 728 cells of `\i2c_master_bit_ctrl_gold'.
Finding duplicate cells in `\i2c_master_bit_ctrl_gold'.
Computing hashes of 578 cells of `\i2c_master_bit_ctrl_gold'.
Finding duplicate cells in `\i2c_master_bit_ctrl_gold'.
Computing hashes of 518 cells of `\i2c_master_bit_ctrl_gold'.
Finding duplicate cells in `\i2c_master_bit_ctrl_gold'.
Computing hashes of 497 cells of `\i2c_master_bit_ctrl_gold'.
Finding duplicate cells in `\i2c_master_bit_ctrl_gold'.
Computing hashes of 495 cells of `\i2c_master_bit_ctrl_gold'.
Finding duplicate cells in `\i2c_master_bit_ctrl_gold'.
Computing hashes of 494 cells of `\i2c_master_bit_ctrl_gold'.
Finding duplicate cells in `\i2c_master_bit_ctrl_gold'.
<suppressed ~702 debug messages>
Removed a total of 234 cells.

3.21.3. Executing OPT_DFF pass (perform DFF optimizations).

3.21.4. Executing OPT_CLEAN pass (remove unused cells and wires).
Finding unused cells or wires in module \i2c_master_bit_ctrl_gold..
Removed 11 unused cells and 471 unused wires.
<suppressed ~12 debug messages>

3.21.5. Finished fast OPT passes.

3.22. Executing ABC pass (technology mapping using ABC).

3.22.1. Extracting gate netlist of module `\i2c_master_bit_ctrl_gold' to `<abc-temp-dir>/input.blif'..

3.22.1.1. Executed ABC.
Extracted 434 gates and 506 wires to a netlist network with 71 inputs and 54 outputs.
Running ABC script: <abc-temp-dir>/abc.script
ABC: UC Berkeley, ABC 1.01 (compiled Jul 25 2026 03:54:11)
ABC: abc 01> empty
ABC: abc 01> source <abc-temp-dir>/abc.script
ABC: + read_blif <abc-temp-dir>/input.blif 
ABC: + read_library <abc-temp-dir>/stdcells.genlib 
ABC: + strash 
ABC: + &get -n 
ABC: + &fraig -x 
ABC: + &put 
ABC: + scorr 
ABC: Warning: The network is combinational (run "fraig" or "fraig_sweep").
ABC: + dc2 
ABC: + dretime 
ABC: + strash 
ABC: + &get -n 
ABC: + &dch -f 
ABC: + &nf 
ABC: + &put 
ABC: + write_blif <abc-temp-dir>/output.blif 
ABC: 
ABC: YOSYS_ABC_DONE 

3.22.1.2. Re-integrating ABC results.
ABC RESULTS:               AND cells:      100
ABC RESULTS:            ANDNOT cells:       49
ABC RESULTS:               MUX cells:       13
ABC RESULTS:              NAND cells:       26
ABC RESULTS:               NOR cells:       16
ABC RESULTS:               NOT cells:        5
ABC RESULTS:                OR cells:       14
ABC RESULTS:             ORNOT cells:        4
ABC RESULTS:              XNOR cells:        3
ABC RESULTS:               XOR cells:       10
ABC RESULTS:        internal signals:      381
ABC RESULTS:           input signals:       71
ABC RESULTS:          output signals:       54
Removing temp directory.
Removing global temp directory.

3.23. Executing OPT pass (performing simple optimizations).

3.23.1. Executing OPT_EXPR pass (perform const folding).
Optimizing module i2c_master_bit_ctrl_gold.

3.23.2. Executing OPT_MERGE pass (detect identical cells).
Finding identical cells in module `\i2c_master_bit_ctrl_gold'.
Computing hashes of 289 cells of `\i2c_master_bit_ctrl_gold'.
Finding duplicate cells in `\i2c_master_bit_ctrl_gold'.
Computing hashes of 288 cells of `\i2c_master_bit_ctrl_gold'.
Finding duplicate cells in `\i2c_master_bit_ctrl_gold'.
<suppressed ~3 debug messages>
Removed a total of 1 cells.

3.23.3. Executing OPT_DFF pass (perform DFF optimizations).

3.23.4. Executing OPT_CLEAN pass (remove unused cells and wires).
Finding unused cells or wires in module \i2c_master_bit_ctrl_gold..
Removed 0 unused cells and 381 unused wires.
<suppressed ~2 debug messages>

3.23.5. Finished fast OPT passes.

3.24. Executing HIERARCHY pass (managing design hierarchy).
Attribute `top' found on module `i2c_master_bit_ctrl_gold'. Setting top module to i2c_master_bit_ctrl_gold.

3.24.1. Analyzing design hierarchy..
Top module:  \i2c_master_bit_ctrl_gold

3.24.2. Analyzing design hierarchy..
Top module:  \i2c_master_bit_ctrl_gold
Removed 0 unused modules.

3.25. Printing statistics.

=== i2c_master_bit_ctrl_gold ===

        +----------Local Count, excluding submodules.
        | 
      237 wires
      317 wire bits
       29 public wires
       78 public wire bits
       17 ports
       35 port bits
      288 cells
       49   $_ANDNOT_
       99   $_AND_
       35   $_DFFE_PN0P_
        2   $_DFFE_PN1P_
        1   $_DFFE_PP_
        5   $_DFF_PN0_
        5   $_DFF_PN1_
        1   $_DFF_P_
       13   $_MUX_
       26   $_NAND_
       16   $_NOR_
        5   $_NOT_
        4   $_ORNOT_
       14   $_OR_
        3   $_XNOR_
       10   $_XOR_

3.26. Executing CHECK pass (checking for obvious problems).
Checking module i2c_master_bit_ctrl_gold...
Found and reported 0 problems.

4. Printing statistics.

=== i2c_master_bit_ctrl_gold ===

        +----------Local Count, excluding submodules.
        | 
      237 wires
      317 wire bits
       29 public wires
       78 public wire bits
       17 ports
       35 port bits
      288 cells
       49   $_ANDNOT_
       99   $_AND_
       35   $_DFFE_PN0P_
        2   $_DFFE_PN1P_
        1   $_DFFE_PP_
        5   $_DFF_PN0_
        5   $_DFF_PN1_
        1   $_DFF_P_
       13   $_MUX_
       26   $_NAND_
       16   $_NOR_
        5   $_NOT_
        4   $_ORNOT_
       14   $_OR_
        3   $_XNOR_
       10   $_XOR_

Warnings: 2 unique messages, 2 total
End of script. Logfile hash: 3013e3bedf, time: 0.34s, user: 0.16s, system: 0.05s, MEM: 24.50 MB peak
Yosys 0.67+94 (git sha1 7defa5186-dirty, Release, Clang /usr/bin/clang++ 18.1.8)
Time spent: 43% 1x abc (0 sec), 12% 3x read_verilog (0 sec), ...
