OpenROAD f12e2f474102bfb875eeee57fb610d7d7de17770 
This program is licensed under the BSD-3 license. See the LICENSE file for details.
Components of this program may be licensed under more restrictive licenses which must be honored.
[INFO ODB-0222] Reading LEF file: /home/toshn/orfs/flow/platforms/sky130hd/lef/sky130_fd_sc_hd.tlef
[INFO ODB-0223]     Created 13 technology layers
[INFO ODB-0224]     Created 25 technology vias
[INFO ODB-0226] Finished LEF file:  /home/toshn/orfs/flow/platforms/sky130hd/lef/sky130_fd_sc_hd.tlef
[INFO ODB-0222] Reading LEF file: /home/toshn/orfs/flow/platforms/sky130hd/lef/sky130_fd_sc_hd_merged.lef
[INFO ODB-0225]     Created 441 library cells
[INFO ODB-0226] Finished LEF file:  /home/toshn/orfs/flow/platforms/sky130hd/lef/sky130_fd_sc_hd_merged.lef
=====> FLOORPLAN
[WARNING IFP-0028] Core area lower left (2.000, 2.000) snapped to (2.300, 2.720).
[INFO IFP-0001] Added 300 rows of 1778 sites.
Found 0 macro blocks.
Using 1u default distance from corners.
Using 2 tracks default min distance between IO pins.
[INFO PPL-0010] Tentative 0 to set up sections.
[INFO PPL-0001] Number of slots          2998
[INFO PPL-0002] Number of I/O            90
[INFO PPL-0003] Number of I/O w/sink     90
[INFO PPL-0004] Number of I/O w/o sink   0
[INFO PPL-0005] Slots per section        200
[INFO PPL-0006] Slots increase factor    0.01
[INFO PPL-0008] Successfully assigned pins to sections.
[INFO PPL-0012] I/O nets HPWL: 39759.75 um.
=====> GLOBAL PLACEMENT
[INFO GPL-0002] DBU: 1000
[INFO GPL-0003] SiteSize: 460 2720
[INFO GPL-0004] CoreAreaLxLy: 2300 2720
[INFO GPL-0005] CoreAreaUxUy: 820180 818720
[INFO GPL-0006] NumInstances: 26958
[INFO GPL-0007] NumPlaceInstances: 26958
[INFO GPL-0008] NumFixedInstances: 0
[INFO GPL-0009] NumDummyInstances: 0
[INFO GPL-0010] NumNets: 27014
[INFO GPL-0011] NumPins: 102746
[INFO GPL-0012] DieAreaLxLy: 0 0
[INFO GPL-0013] DieAreaUxUy: 822350 822350
[INFO GPL-0014] CoreAreaLxLy: 2300 2720
[INFO GPL-0015] CoreAreaUxUy: 820180 818720
[INFO GPL-0016] CoreArea: 667390080000
[INFO GPL-0017] NonPlaceInstsArea: 0
[INFO GPL-0018] PlaceInstsArea: 267879417600
[INFO GPL-0019] Util(%): 40.14
[INFO GPL-0020] StdInstsArea: 267879417600
[INFO GPL-0021] MacroInstsArea: 0
[InitialPlace]  Iter: 1 CG residual: 0.00736587 HPWL: 255655100
[InitialPlace]  Iter: 2 CG residual: 0.00722457 HPWL: 270459419
[InitialPlace]  Iter: 3 CG residual: 0.00414160 HPWL: 275694270
[InitialPlace]  Iter: 4 CG residual: 0.00359964 HPWL: 273449564
[InitialPlace]  Iter: 5 CG residual: 0.00403622 HPWL: 270181823
[InitialPlace]  Iter: 6 CG residual: 0.00490631 HPWL: 264209606
[InitialPlace]  Iter: 7 CG residual: 0.00325505 HPWL: 263012356
[InitialPlace]  Iter: 8 CG residual: 0.00381808 HPWL: 260246018
[InitialPlace]  Iter: 9 CG residual: 0.00290812 HPWL: 256363151
[InitialPlace]  Iter: 10 CG residual: 0.00296443 HPWL: 254839462
[InitialPlace]  Iter: 11 CG residual: 0.00261210 HPWL: 253426714
[InitialPlace]  Iter: 12 CG residual: 0.00294831 HPWL: 252508771
[InitialPlace]  Iter: 13 CG residual: 0.00222717 HPWL: 250593437
[InitialPlace]  Iter: 14 CG residual: 0.00238369 HPWL: 249465068
[InitialPlace]  Iter: 15 CG residual: 0.00213282 HPWL: 247742502
[InitialPlace]  Iter: 16 CG residual: 0.00161583 HPWL: 247043373
[InitialPlace]  Iter: 17 CG residual: 0.00112238 HPWL: 245829528
[InitialPlace]  Iter: 18 CG residual: 0.00078185 HPWL: 245449582
[InitialPlace]  Iter: 19 CG residual: 0.00083228 HPWL: 244999359
[InitialPlace]  Iter: 20 CG residual: 0.00095797 HPWL: 245130491
[INFO GPL-0031] FillerInit: NumGCells: 41059
[INFO GPL-0032] FillerInit: NumGNets: 27014
[INFO GPL-0033] FillerInit: NumGPins: 102746
[INFO GPL-0023] TargetDensity: 0.60
[INFO GPL-0024] AveragePlaceInstArea: 9936917
[INFO GPL-0025] IdealBinArea: 16561528
[INFO GPL-0026] IdealBinCnt: 40297
[INFO GPL-0027] TotalBinArea: 667390080000
[INFO GPL-0028] BinCnt: 128 128
[INFO GPL-0029] BinSize: 6390 6375
[INFO GPL-0030] NumBins: 16384
[NesterovSolve] Iter: 1 overflow: 0.994506 HPWL: 66811396
[NesterovSolve] Iter: 10 overflow: 0.989205 HPWL: 72369005
[NesterovSolve] Iter: 20 overflow: 0.986891 HPWL: 74344760
[NesterovSolve] Iter: 30 overflow: 0.986706 HPWL: 74756224
[NesterovSolve] Iter: 40 overflow: 0.986779 HPWL: 74678180
[NesterovSolve] Iter: 50 overflow: 0.986017 HPWL: 74268413
[NesterovSolve] Iter: 60 overflow: 0.986769 HPWL: 73781037
[NesterovSolve] Iter: 70 overflow: 0.987347 HPWL: 73583963
[NesterovSolve] Iter: 80 overflow: 0.98776 HPWL: 73551831
[NesterovSolve] Iter: 90 overflow: 0.987694 HPWL: 73481098
[NesterovSolve] Iter: 100 overflow: 0.987789 HPWL: 73286858
[NesterovSolve] Iter: 110 overflow: 0.98812 HPWL: 73007092
[NesterovSolve] Iter: 120 overflow: 0.988273 HPWL: 72761718
[NesterovSolve] Iter: 130 overflow: 0.98828 HPWL: 72647795
[NesterovSolve] Iter: 140 overflow: 0.988224 HPWL: 72741714
[NesterovSolve] Iter: 150 overflow: 0.98801 HPWL: 73173755
[NesterovSolve] Iter: 160 overflow: 0.987619 HPWL: 74215739
[NesterovSolve] Iter: 170 overflow: 0.986821 HPWL: 76680351
[NesterovSolve] Iter: 180 overflow: 0.985468 HPWL: 82520792
[NesterovSolve] Iter: 190 overflow: 0.983239 HPWL: 93092860
[NesterovSolve] Iter: 200 overflow: 0.979039 HPWL: 110766990
[NesterovSolve] Iter: 210 overflow: 0.971999 HPWL: 137175870
[NesterovSolve] Iter: 220 overflow: 0.962442 HPWL: 166367972
[NesterovSolve] Iter: 230 overflow: 0.952094 HPWL: 200937287
[NesterovSolve] Iter: 240 overflow: 0.93862 HPWL: 247437144
[NesterovSolve] Iter: 250 overflow: 0.920762 HPWL: 303577619
[NesterovSolve] Iter: 260 overflow: 0.899325 HPWL: 354769725
[NesterovSolve] Iter: 270 overflow: 0.875205 HPWL: 398863809
[NesterovSolve] Iter: 280 overflow: 0.848916 HPWL: 450426698
[NesterovSolve] Iter: 290 overflow: 0.819109 HPWL: 501043112
[NesterovSolve] Iter: 300 overflow: 0.785834 HPWL: 586150653
[NesterovSolve] Iter: 310 overflow: 0.751265 HPWL: 616189573
[NesterovSolve] Iter: 320 overflow: 0.710566 HPWL: 645698985
[NesterovSolve] Iter: 330 overflow: 0.666655 HPWL: 667640258
[NesterovSolve] Iter: 340 overflow: 0.618959 HPWL: 697341565
[NesterovSolve] Iter: 350 overflow: 0.569107 HPWL: 714138874
[NesterovSolve] Iter: 360 overflow: 0.519314 HPWL: 720331474
[NesterovSolve] Iter: 370 overflow: 0.463395 HPWL: 719679695
[NesterovSolve] Iter: 380 overflow: 0.418032 HPWL: 725679182
[NesterovSolve] Iter: 390 overflow: 0.368119 HPWL: 732342678
[NesterovSolve] Iter: 400 overflow: 0.328573 HPWL: 734148819
[NesterovSolve] Iter: 410 overflow: 0.297386 HPWL: 738119292
[NesterovSolve] Iter: 420 overflow: 0.263553 HPWL: 742979647
[NesterovSolve] Iter: 430 overflow: 0.231708 HPWL: 750536674
[NesterovSolve] Iter: 440 overflow: 0.202791 HPWL: 758816454
[NesterovSolve] Iter: 450 overflow: 0.174548 HPWL: 766349760
[NesterovSolve] Iter: 460 overflow: 0.151799 HPWL: 772456363
[NesterovSolve] Iter: 470 overflow: 0.127686 HPWL: 777284018
[NesterovSolve] Iter: 480 overflow: 0.107993 HPWL: 781300864
[NesterovSolve] Finished with Overflow: 0.099685
=====> TIMING BEFORE repair_design
---CLOCK:clk_a---
Startpoint: _42601_ (rising edge-triggered flip-flop clocked by clk_a)
Endpoint: _47587_ (rising edge-triggered flip-flop clocked by clk_a)
Path Group: clk_a
Path Type: max

   Delay     Time   Description
-----------------------------------------------------------
   0.000    0.000   clock clk_a (rise edge)
   0.000    0.000   clock network delay (ideal)
   0.000    0.000 ^ _42601_/CLK (sky130_fd_sc_hd__dfrtp_1)
   0.719    0.719 ^ _42601_/Q (sky130_fd_sc_hd__dfrtp_1)
   0.485    1.205 v _21679_/X (sky130_fd_sc_hd__or3b_2)
   0.228    1.433 v _21680_/X (sky130_fd_sc_hd__buf_2)
   0.270    1.703 ^ _21718_/Y (sky130_fd_sc_hd__a22oi_1)
   0.253    1.956 ^ _21724_/X (sky130_fd_sc_hd__maj3_1)
   0.167    2.123 ^ _21726_/X (sky130_fd_sc_hd__a21o_1)
   0.168    2.291 ^ _21734_/X (sky130_fd_sc_hd__a21o_1)
   0.079    2.369 v _21740_/Y (sky130_fd_sc_hd__a21oi_2)
   0.219    2.589 v _21745_/X (sky130_fd_sc_hd__o21a_1)
   0.202    2.791 ^ _21750_/Y (sky130_fd_sc_hd__o21ai_2)
   0.258    3.049 ^ _21751_/X (sky130_fd_sc_hd__maj3_2)
   0.221    3.270 ^ _21752_/X (sky130_fd_sc_hd__maj3_2)
   0.230    3.500 ^ _21753_/X (sky130_fd_sc_hd__maj3_2)
   0.080    3.580 v _21758_/Y (sky130_fd_sc_hd__a21oi_2)
   0.350    3.930 v _21759_/X (sky130_fd_sc_hd__maj3_2)
   0.258    4.188 v _21765_/X (sky130_fd_sc_hd__o211a_1)
   0.360    4.548 ^ _22058_/Y (sky130_fd_sc_hd__o31ai_1)
   0.236    4.784 ^ _22062_/X (sky130_fd_sc_hd__and3_1)
   0.091    4.875 v _27716_/Y (sky130_fd_sc_hd__o21ai_0)
   0.111    4.986 ^ _27717_/Y (sky130_fd_sc_hd__nand2_1)
   0.000    4.986 ^ _47587_/D (sky130_fd_sc_hd__dfrtp_1)
            4.986   data arrival time

  15.500   15.500   clock clk_a (rise edge)
   0.000   15.500   clock network delay (ideal)
   0.000   15.500   clock reconvergence pessimism
           15.500 ^ _47587_/CLK (sky130_fd_sc_hd__dfrtp_1)
  -0.071   15.429   library setup time
           15.429   data required time
-----------------------------------------------------------
           15.429   data required time
           -4.986   data arrival time
-----------------------------------------------------------
           10.443   slack (MET)


---CLOCK:clk_b---
Startpoint: _47373_ (rising edge-triggered flip-flop clocked by clk_b)
Endpoint: _47407_ (rising edge-triggered flip-flop clocked by clk_b)
Path Group: clk_b
Path Type: max

   Delay     Time   Description
-----------------------------------------------------------
   0.000    0.000   clock clk_b (rise edge)
   0.000    0.000   clock network delay (ideal)
   0.000    0.000 ^ _47373_/CLK (sky130_fd_sc_hd__dfrtp_1)
   0.423    0.423 v _47373_/Q (sky130_fd_sc_hd__dfrtp_1)
   0.311    0.734 v _28155_/X (sky130_fd_sc_hd__or2_2)
   0.142    0.876 v _28156_/X (sky130_fd_sc_hd__clkbuf_1)
   2.117    2.994 ^ _28157_/Y (sky130_fd_sc_hd__nor2_1)
   2.010    5.004 ^ _28158_/X (sky130_fd_sc_hd__clkbuf_1)
   2.215    7.219 ^ _28159_/X (sky130_fd_sc_hd__buf_1)
   2.042    9.261 ^ _28220_/X (sky130_fd_sc_hd__clkbuf_1)
   1.356   10.616 v _28239_/Y (sky130_fd_sc_hd__a221oi_1)
   0.449   11.066 v _28240_/X (sky130_fd_sc_hd__xor2_1)
   0.241   11.307 ^ _28242_/Y (sky130_fd_sc_hd__a22oi_1)
   0.084   11.391 v _28243_/Y (sky130_fd_sc_hd__nand2_1)
   0.000   11.391 v _47407_/D (sky130_fd_sc_hd__dfrtp_1)
           11.391   data arrival time

  12.500   12.500   clock clk_b (rise edge)
   0.000   12.500   clock network delay (ideal)
   0.000   12.500   clock reconvergence pessimism
           12.500 ^ _47407_/CLK (sky130_fd_sc_hd__dfrtp_1)
  -0.129   12.371   library setup time
           12.371   data required time
-----------------------------------------------------------
           12.371   data required time
          -11.391   data arrival time
-----------------------------------------------------------
            0.980   slack (MET)


---CLOCK:clk_e---
Startpoint: _44678_ (rising edge-triggered flip-flop clocked by clk_e)
Endpoint: _44803_ (rising edge-triggered flip-flop clocked by clk_e)
Path Group: clk_e
Path Type: max

   Delay     Time   Description
-----------------------------------------------------------
   0.000    0.000   clock clk_e (rise edge)
   0.000    0.000   clock network delay (ideal)
   0.000    0.000 ^ _44678_/CLK (sky130_fd_sc_hd__dfrtp_1)
   0.420    0.420 v _44678_/Q (sky130_fd_sc_hd__dfrtp_1)
   0.164    0.584 v _34353_/Y (sky130_fd_sc_hd__nand2b_1)
   0.134    0.718 v _34354_/X (sky130_fd_sc_hd__clkbuf_1)
   1.238    1.956 ^ _34365_/Y (sky130_fd_sc_hd__nor2_1)
   2.228    4.184 ^ _38086_/X (sky130_fd_sc_hd__clkbuf_1)
   2.400    6.584 ^ _38087_/X (sky130_fd_sc_hd__buf_1)
   2.180    8.764 ^ _38349_/X (sky130_fd_sc_hd__clkbuf_1)
   1.265   10.029 v _39123_/Y (sky130_fd_sc_hd__a221oi_1)
   0.418   10.447 v _39124_/X (sky130_fd_sc_hd__xor2_1)
   0.211   10.658 ^ _39125_/Y (sky130_fd_sc_hd__a22oi_1)
   0.119   10.777 v _39126_/Y (sky130_fd_sc_hd__o21ai_0)
   0.000   10.777 v _44803_/D (sky130_fd_sc_hd__dfrtp_1)
           10.777   data arrival time

   5.500    5.500   clock clk_e (rise edge)
   0.000    5.500   clock network delay (ideal)
   0.000    5.500   clock reconvergence pessimism
            5.500 ^ _44803_/CLK (sky130_fd_sc_hd__dfrtp_1)
  -0.189    5.311   library setup time
            5.311   data required time
-----------------------------------------------------------
            5.311   data required time
          -10.777   data arrival time
-----------------------------------------------------------
           -5.465   slack (VIOLATED)


design_area BEFORE:
Design area 267879 u^2 40% utilization.
=====> REPAIR_DESIGN
[INFO RSZ-0058] Using max wire length 1828um.
[INFO RSZ-0034] Found 5 slew violations.
[INFO RSZ-0035] Found 1715 fanout violations.
[INFO RSZ-0036] Found 3 capacitance violations.
[INFO RSZ-0038] Inserted 4220 buffers in 1715 nets.
[INFO RSZ-0039] Resized 7190 instances.
=====> DETAILED PLACEMENT
[WARNING DPL-0011] Could not find power special net.
Placement Analysis
---------------------------------
total displacement     143832.3 u
average displacement        4.6 u
max displacement           83.6 u
original HPWL         1063229.4 u
legalized HPWL        1210399.5 u
delta HPWL                   14 %

=====> TIMING AFTER repair_design
---CLOCK:clk_a---
Startpoint: _42601_ (rising edge-triggered flip-flop clocked by clk_a)
Endpoint: _47585_ (rising edge-triggered flip-flop clocked by clk_a)
Path Group: clk_a
Path Type: max

   Delay     Time   Description
-----------------------------------------------------------
   0.000    0.000   clock clk_a (rise edge)
   0.000    0.000   clock network delay (ideal)
   0.000    0.000 ^ _42601_/CLK (sky130_fd_sc_hd__dfrtp_4)
   0.499    0.499 v _42601_/Q (sky130_fd_sc_hd__dfrtp_4)
   0.177    0.677 v repeater3208/X (sky130_fd_sc_hd__buf_4)
   0.150    0.827 v repeater3207/X (sky130_fd_sc_hd__clkbuf_2)
   0.156    0.984 v repeater3206/X (sky130_fd_sc_hd__clkbuf_2)
   0.180    1.163 ^ _21679_/X (sky130_fd_sc_hd__or3b_1)
   0.105    1.268 ^ _21680_/X (sky130_fd_sc_hd__buf_6)
   0.176    1.444 ^ repeater2918/X (sky130_fd_sc_hd__buf_2)
   0.106    1.550 v _21718_/Y (sky130_fd_sc_hd__a22oi_2)
   0.387    1.937 v _21724_/X (sky130_fd_sc_hd__maj3_1)
   0.234    2.171 v _21726_/X (sky130_fd_sc_hd__a21o_1)
   0.205    2.375 v _21734_/X (sky130_fd_sc_hd__a21o_1)
   0.261    2.636 ^ _21740_/Y (sky130_fd_sc_hd__a21oi_1)
   0.240    2.876 ^ _21745_/X (sky130_fd_sc_hd__o21a_1)
   0.100    2.977 v _21750_/Y (sky130_fd_sc_hd__o21ai_2)
   0.410    3.386 v _21751_/X (sky130_fd_sc_hd__maj3_1)
   0.414    3.801 v _21752_/X (sky130_fd_sc_hd__maj3_1)
   0.443    4.243 v _21753_/X (sky130_fd_sc_hd__maj3_1)
   0.233    4.476 ^ _21758_/Y (sky130_fd_sc_hd__a21oi_2)
   0.267    4.743 ^ _21759_/X (sky130_fd_sc_hd__maj3_1)
   0.176    4.919 ^ _21773_/Y (sky130_fd_sc_hd__nand2b_1)
   0.099    5.018 v _21774_/Y (sky130_fd_sc_hd__a21oi_2)
   0.321    5.339 ^ _21776_/Y (sky130_fd_sc_hd__nor3_1)
   0.096    5.436 v _21777_/Y (sky130_fd_sc_hd__a21oi_4)
   0.176    5.612 ^ _27720_/Y (sky130_fd_sc_hd__o21ai_0)
   0.000    5.612 ^ _47585_/D (sky130_fd_sc_hd__dfrtp_1)
            5.612   data arrival time

  15.500   15.500   clock clk_a (rise edge)
   0.000   15.500   clock network delay (ideal)
   0.000   15.500   clock reconvergence pessimism
           15.500 ^ _47585_/CLK (sky130_fd_sc_hd__dfrtp_1)
  -0.093   15.407   library setup time
           15.407   data required time
-----------------------------------------------------------
           15.407   data required time
           -5.612   data arrival time
-----------------------------------------------------------
            9.795   slack (MET)


---CLOCK:clk_b---
Startpoint: _47377_ (rising edge-triggered flip-flop clocked by clk_b)
Endpoint: _43720_ (rising edge-triggered flip-flop clocked by clk_b)
Path Group: clk_b
Path Type: max

   Delay     Time   Description
-----------------------------------------------------------
   0.000    0.000   clock clk_b (rise edge)
   0.000    0.000   clock network delay (ideal)
   0.000    0.000 ^ _47377_/CLK (sky130_fd_sc_hd__dfrtp_1)
   0.379    0.379 ^ _47377_/Q (sky130_fd_sc_hd__dfrtp_1)
   0.265    0.644 ^ repeater3094/X (sky130_fd_sc_hd__buf_2)
   0.248    0.891 ^ repeater3093/X (sky130_fd_sc_hd__buf_2)
   0.181    1.073 ^ repeater3091/X (sky130_fd_sc_hd__clkbuf_2)
   0.204    1.277 ^ repeater3090/X (sky130_fd_sc_hd__clkbuf_2)
   0.216    1.493 ^ repeater3089/X (sky130_fd_sc_hd__buf_2)
   0.200    1.693 ^ repeater3086/X (sky130_fd_sc_hd__clkbuf_2)
   0.077    1.770 v _22712_/Y (sky130_fd_sc_hd__nor2b_1)
   0.132    1.902 v _22713_/X (sky130_fd_sc_hd__buf_6)
   0.152    2.054 v repeater2901/X (sky130_fd_sc_hd__buf_6)
   0.720    2.773 ^ _22717_/Y (sky130_fd_sc_hd__a222oi_1)
   0.164    2.937 v _22718_/Y (sky130_fd_sc_hd__nand2_8)
   0.248    3.185 v _22719_/X (sky130_fd_sc_hd__a22o_1)
   0.187    3.373 v _22720_/X (sky130_fd_sc_hd__clkbuf_4)
   0.207    3.580 ^ _22856_/Y (sky130_fd_sc_hd__nand2_1)
   0.260    3.840 ^ repeater1029/X (sky130_fd_sc_hd__clkbuf_4)
   0.117    3.957 v _22857_/Y (sky130_fd_sc_hd__nor2_1)
   0.345    4.301 ^ _22948_/Y (sky130_fd_sc_hd__a221oi_1)
   0.132    4.433 v _22949_/Y (sky130_fd_sc_hd__o21ai_2)
   0.545    4.978 v _23327_/X (sky130_fd_sc_hd__or4_1)
   0.273    5.251 ^ _23328_/Y (sky130_fd_sc_hd__nor4_1)
   0.180    5.431 v _23329_/Y (sky130_fd_sc_hd__nand4b_2)
   0.935    6.366 ^ _23330_/Y (sky130_fd_sc_hd__nor4_4)
   0.231    6.597 v _23331_/Y (sky130_fd_sc_hd__xnor2_4)
   0.244    6.841 v _23332_/Y (sky130_fd_sc_hd__xnor2_4)
   0.403    7.243 ^ _24689_/Y (sky130_fd_sc_hd__xnor2_1)
   0.176    7.419 v _24690_/Y (sky130_fd_sc_hd__nand2_4)
   0.211    7.630 v repeater216/X (sky130_fd_sc_hd__clkbuf_2)
   0.201    7.831 v repeater215/X (sky130_fd_sc_hd__clkbuf_2)
   0.179    8.009 ^ _25442_/Y (sky130_fd_sc_hd__o21ai_0)
   0.000    8.009 ^ _43720_/D (sky130_fd_sc_hd__dfrtp_1)
            8.009   data arrival time

  12.500   12.500   clock clk_b (rise edge)
   0.000   12.500   clock network delay (ideal)
   0.000   12.500   clock reconvergence pessimism
           12.500 ^ _43720_/CLK (sky130_fd_sc_hd__dfrtp_1)
  -0.088   12.412   library setup time
           12.412   data required time
-----------------------------------------------------------
           12.412   data required time
           -8.009   data arrival time
-----------------------------------------------------------
            4.403   slack (MET)


---CLOCK:clk_e---
Startpoint: _44959_ (rising edge-triggered flip-flop clocked by clk_e)
Endpoint: _45208_ (rising edge-triggered flip-flop clocked by clk_e)
Path Group: clk_e
Path Type: max

   Delay     Time   Description
-----------------------------------------------------------
   0.000    0.000   clock clk_e (rise edge)
   0.000    0.000   clock network delay (ideal)
   0.000    0.000 ^ _44959_/CLK (sky130_fd_sc_hd__dfrtp_1)
   0.386    0.386 ^ _44959_/Q (sky130_fd_sc_hd__dfrtp_1)
   0.191    0.578 ^ repeater3158/X (sky130_fd_sc_hd__clkbuf_2)
   0.204    0.782 ^ repeater3147/X (sky130_fd_sc_hd__clkbuf_2)
   0.244    1.026 ^ repeater3146/X (sky130_fd_sc_hd__buf_2)
   0.228    1.255 ^ repeater3143/X (sky130_fd_sc_hd__buf_2)
   0.189    1.444 ^ repeater3142/X (sky130_fd_sc_hd__clkbuf_2)
   0.191    1.635 ^ repeater3141/X (sky130_fd_sc_hd__clkbuf_2)
   0.202    1.837 ^ repeater3140/X (sky130_fd_sc_hd__clkbuf_2)
   0.216    2.053 ^ repeater3139/X (sky130_fd_sc_hd__clkbuf_2)
   0.216    2.269 ^ repeater3138/X (sky130_fd_sc_hd__clkbuf_2)
   0.179    2.449 ^ _30628_/Y (sky130_fd_sc_hd__nand3b_1)
   0.201    2.649 v _30629_/Y (sky130_fd_sc_hd__nand4_4)
   0.254    2.903 ^ _30647_/Y (sky130_fd_sc_hd__a22oi_1)
   0.178    3.081 ^ _30648_/X (sky130_fd_sc_hd__buf_6)
   0.185    3.266 ^ repeater1123/X (sky130_fd_sc_hd__buf_4)
   0.182    3.448 ^ repeater1122/X (sky130_fd_sc_hd__buf_4)
   0.068    3.517 v _30702_/Y (sky130_fd_sc_hd__nor2_4)
   0.189    3.706 v repeater944/X (sky130_fd_sc_hd__buf_4)
   0.158    3.864 ^ _30703_/Y (sky130_fd_sc_hd__nand2_2)
   0.244    4.108 ^ repeater793/X (sky130_fd_sc_hd__clkbuf_4)
   0.098    4.206 v _31125_/Y (sky130_fd_sc_hd__o22ai_1)
   0.591    4.797 ^ _31128_/Y (sky130_fd_sc_hd__nor4_1)
   0.185    4.983 v _31129_/Y (sky130_fd_sc_hd__nand2_1)
   0.255    5.238 ^ _31133_/Y (sky130_fd_sc_hd__nor3_1)
   0.280    5.517 ^ _31134_/X (sky130_fd_sc_hd__and4_1)
   0.332    5.849 v _31135_/Y (sky130_fd_sc_hd__nand4b_4)
   0.472    6.321 ^ _31137_/Y (sky130_fd_sc_hd__xnor2_4)
   0.206    6.527 ^ _33110_/Y (sky130_fd_sc_hd__xnor2_4)
   0.183    6.710 ^ _33274_/Y (sky130_fd_sc_hd__xnor2_1)
   0.194    6.905 ^ _33434_/Y (sky130_fd_sc_hd__xnor2_1)
   0.157    7.061 v _33435_/Y (sky130_fd_sc_hd__nand2_4)
   0.219    7.280 v repeater58/X (sky130_fd_sc_hd__clkbuf_2)
   0.193    7.473 v repeater57/X (sky130_fd_sc_hd__clkbuf_2)
   0.176    7.650 ^ _37718_/Y (sky130_fd_sc_hd__o21ai_0)
   0.000    7.650 ^ _45208_/D (sky130_fd_sc_hd__dfrtp_1)
            7.650   data arrival time

   5.500    5.500   clock clk_e (rise edge)
   0.000    5.500   clock network delay (ideal)
   0.000    5.500   clock reconvergence pessimism
            5.500 ^ _45208_/CLK (sky130_fd_sc_hd__dfrtp_1)
  -0.089    5.411   library setup time
            5.411   data required time
-----------------------------------------------------------
            5.411   data required time
           -7.650   data arrival time
-----------------------------------------------------------
           -2.238   slack (VIOLATED)


design_area AFTER:
Design area 344061 u^2 52% utilization.
