---CLOCK:clk---
Startpoint: uut_tx_block/_445_ (rising edge-triggered flip-flop clocked by clk)
Endpoint: uut_tx_block/_470_ (rising edge-triggered flip-flop clocked by clk)
Path Group: clk
Path Type: max

   Delay     Time   Description
-----------------------------------------------------------
   0.000    0.000   clock clk (rise edge)
   0.000    0.000   clock network delay (ideal)
   0.000    0.000 ^ uut_tx_block/_445_/CLK (sky130_fd_sc_hd__dfrtp_1)
   0.388    0.388 v uut_tx_block/_445_/Q (sky130_fd_sc_hd__dfrtp_1)
   0.569    0.957 v uut_tx_block/_214_/X (sky130_fd_sc_hd__or4_4)
   0.351    1.308 v uut_tx_block/_232_/X (sky130_fd_sc_hd__or3_4)
   0.126    1.434 ^ uut_tx_block/_233_/Y (sky130_fd_sc_hd__nor3_2)
   0.173    1.607 ^ uut_tx_block/_234_/X (sky130_fd_sc_hd__buf_6)
   0.147    1.754 ^ uut_tx_block/_235_/X (sky130_fd_sc_hd__buf_12)
   0.310    2.064 v uut_tx_block/_250_/X (sky130_fd_sc_hd__mux2_1)
   0.000    2.064 v uut_tx_block/_470_/D (sky130_fd_sc_hd__dfrtp_1)
            2.064   data arrival time

   5.233    5.233   clock clk (rise edge)
   0.000    5.233   clock network delay (ideal)
   0.000    5.233   clock reconvergence pessimism
            5.233 ^ uut_tx_block/_470_/CLK (sky130_fd_sc_hd__dfrtp_1)
  -0.127    5.106   library setup time
            5.106   data required time
-----------------------------------------------------------
            5.106   data required time
           -2.064   data arrival time
-----------------------------------------------------------
            3.042   slack (MET)


