---CLOCK:clk---
Startpoint: _199_ (rising edge-triggered flip-flop clocked by clk)
Endpoint: _197_ (rising edge-triggered flip-flop clocked by clk)
Path Group: clk
Path Type: max

Fanout    Delay     Time   Description
-----------------------------------------------------------------
          0.000    0.000   clock clk (rise edge)
          0.000    0.000   clock network delay (ideal)
          0.000    0.000 ^ _199_/CLK (sky130_fd_sc_hd__dfrtp_1)
     6    0.389    0.389 v _199_/Q (sky130_fd_sc_hd__dfrtp_1)
     3    0.251    0.640 ^ _094_/Y (sky130_fd_sc_hd__nor3_1)
    10    0.375    1.015 ^ _096_/X (sky130_fd_sc_hd__and4_1)
    15    0.279    1.294 v _097_/Y (sky130_fd_sc_hd__clkinv_1)
     1    0.337    1.631 ^ _138_/Y (sky130_fd_sc_hd__a221oi_1)
     1    0.063    1.694 v _139_/Y (sky130_fd_sc_hd__nor3_1)
          0.000    1.694 v _197_/D (sky130_fd_sc_hd__dfrtp_1)
                   1.694   data arrival time

          1.641    1.641   clock clk (rise edge)
          0.000    1.641   clock network delay (ideal)
          0.000    1.641   clock reconvergence pessimism
                   1.641 ^ _197_/CLK (sky130_fd_sc_hd__dfrtp_1)
         -0.129    1.512   library setup time
                   1.512   data required time
-----------------------------------------------------------------
                   1.512   data required time
                  -1.694   data arrival time
-----------------------------------------------------------------
                  -0.182   slack (VIOLATED)


