---CLOCK:clk---
Startpoint: fifo[0].f/_933_ (rising edge-triggered flip-flop clocked by clk)
Endpoint: fifo[0].f/_959_ (rising edge-triggered flip-flop clocked by clk)
Path Group: clk
Path Type: max

   Delay     Time   Description
-----------------------------------------------------------
   0.000    0.000   clock clk (rise edge)
   0.000    0.000   clock network delay (ideal)
   0.000    0.000 ^ fifo[0].f/_933_/CLK (sky130_fd_sc_hd__dfxtp_1)
   1.459    1.459 ^ fifo[0].f/_933_/Q (sky130_fd_sc_hd__dfxtp_1)
   0.427    1.886 ^ fifo[0].f/_401_/X (sky130_fd_sc_hd__mux4_2)
   0.068    1.954 v fifo[0].f/_402_/Y (sky130_fd_sc_hd__o21ai_1)
   0.376    2.330 ^ fifo[0].f/_405_/Y (sky130_fd_sc_hd__o22ai_2)
   0.040    2.370 v fifo[0].f/_522_/Y (sky130_fd_sc_hd__inv_2)
   0.369    2.740 ^ fifo[0].f/_524_/Y (sky130_fd_sc_hd__a21oi_1)
   0.000    2.740 ^ fifo[0].f/_959_/DE (sky130_fd_sc_hd__edfxtp_1)
            2.740   data arrival time

   2.947    2.947   clock clk (rise edge)
   0.000    2.947   clock network delay (ideal)
   0.000    2.947   clock reconvergence pessimism
            2.947 ^ fifo[0].f/_959_/CLK (sky130_fd_sc_hd__edfxtp_1)
  -0.363    2.584   library setup time
            2.584   data required time
-----------------------------------------------------------
            2.584   data required time
           -2.740   data arrival time
-----------------------------------------------------------
           -0.156   slack (VIOLATED)


