---CLOCK:clk---
Startpoint: _26750_ (rising edge-triggered flip-flop clocked by clk)
Endpoint: _26752_ (rising edge-triggered flip-flop clocked by clk)
Path Group: clk
Path Type: max

   Delay     Time   Description
-----------------------------------------------------------
   0.000    0.000   clock clk (rise edge)
   0.000    0.000   clock network delay (ideal)
   0.000    0.000 ^ _26750_/CLK (sky130_fd_sc_hd__dfrtp_1)
   0.346    0.346 v _26750_/Q (sky130_fd_sc_hd__dfrtp_1)
   0.240    0.586 ^ _26725_/Y (sky130_fd_sc_hd__nor4_1)
   0.056    0.642 v _26726_/Y (sky130_fd_sc_hd__a21oi_1)
   0.000    0.642 v _26752_/D (sky130_fd_sc_hd__dfrtp_1)
            0.642   data arrival time

   0.695    0.695   clock clk (rise edge)
   0.000    0.695   clock network delay (ideal)
   0.000    0.695   clock reconvergence pessimism
            0.695 ^ _26752_/CLK (sky130_fd_sc_hd__dfrtp_1)
  -0.130    0.565   library setup time
            0.565   data required time
-----------------------------------------------------------
            0.565   data required time
           -0.642   data arrival time
-----------------------------------------------------------
           -0.077   slack (VIOLATED)


