---CLOCK:clk---
Startpoint: _36404_ (rising edge-triggered flip-flop clocked by clk)
Endpoint: _36969_ (rising edge-triggered flip-flop clocked by clk)
Path Group: clk
Path Type: max

   Delay     Time   Description
-----------------------------------------------------------
   0.000    0.000   clock clk (rise edge)
   0.000    0.000   clock network delay (ideal)
   0.000    0.000 ^ _36404_/CLK (sky130_fd_sc_hd__dfstp_2)
   0.613    0.613 ^ _36404_/Q (sky130_fd_sc_hd__dfstp_2)
   0.170    0.783 v _19190_/Y (sky130_fd_sc_hd__nand4bb_2)
   0.291    1.074 ^ _19191_/Y (sky130_fd_sc_hd__nor2_4)
   0.232    1.306 ^ _19192_/X (sky130_fd_sc_hd__buf_6)
   0.187    1.493 ^ _19193_/X (sky130_fd_sc_hd__buf_6)
   0.196    1.689 ^ _19194_/X (sky130_fd_sc_hd__buf_6)
   0.334    2.023 ^ _19195_/X (sky130_fd_sc_hd__buf_2)
   0.287    2.310 ^ _19196_/X (sky130_fd_sc_hd__buf_4)
   0.313    2.624 ^ _19197_/X (sky130_fd_sc_hd__buf_2)
   0.361    2.985 ^ _20544_/Y (sky130_fd_sc_hd__mux2i_1)
   0.099    3.083 v _24854_/Y (sky130_fd_sc_hd__o22ai_1)
   0.334    3.417 ^ _24856_/Y (sky130_fd_sc_hd__a2111oi_0)
   0.237    3.654 ^ _24857_/X (sky130_fd_sc_hd__o211a_1)
   0.085    3.739 v _24895_/Y (sky130_fd_sc_hd__nand3_1)
   0.133    3.872 ^ _24896_/Y (sky130_fd_sc_hd__nor2_1)
   0.155    4.027 ^ _24897_/X (sky130_fd_sc_hd__and2_1)
   0.077    4.104 v _24898_/Y (sky130_fd_sc_hd__nand2_1)
   0.351    4.455 v _24899_/X (sky130_fd_sc_hd__or3_1)
   0.355    4.810 v _24900_/X (sky130_fd_sc_hd__or3_4)
   0.128    4.937 ^ _24901_/Y (sky130_fd_sc_hd__nor3_2)
   0.099    5.036 v _24902_/Y (sky130_fd_sc_hd__nand2_1)
   0.347    5.383 v _24903_/X (sky130_fd_sc_hd__or3_1)
   0.252    5.635 v _24904_/X (sky130_fd_sc_hd__or2_1)
   0.104    5.738 ^ _24905_/Y (sky130_fd_sc_hd__nor2_2)
   0.073    5.811 v _24906_/Y (sky130_fd_sc_hd__nand2_1)
   0.215    6.026 v _24907_/X (sky130_fd_sc_hd__or2_1)
   0.111    6.137 ^ _25425_/Y (sky130_fd_sc_hd__nor2_1)
   0.173    6.311 ^ _25474_/X (sky130_fd_sc_hd__and2_2)
   0.087    6.398 v _25475_/Y (sky130_fd_sc_hd__a211oi_2)
   0.354    6.751 ^ _25479_/Y (sky130_fd_sc_hd__o31ai_4)
   0.162    6.913 v _28179_/Y (sky130_fd_sc_hd__nand2_1)
   0.228    7.141 ^ _28180_/Y (sky130_fd_sc_hd__xnor2_1)
   0.178    7.319 ^ _28260_/Y (sky130_fd_sc_hd__xnor2_1)
   0.187    7.506 ^ _28550_/X (sky130_fd_sc_hd__xor2_1)
   0.165    7.670 ^ _28551_/Y (sky130_fd_sc_hd__xnor2_1)
   0.179    7.850 ^ _28555_/X (sky130_fd_sc_hd__xor2_1)
   0.168    8.017 ^ _28556_/X (sky130_fd_sc_hd__and2_1)
   0.052    8.069 v _28557_/Y (sky130_fd_sc_hd__nor2_1)
   0.206    8.276 ^ _28559_/Y (sky130_fd_sc_hd__xnor2_1)
   0.220    8.496 ^ _28626_/X (sky130_fd_sc_hd__xor2_1)
   0.093    8.589 v _28655_/Y (sky130_fd_sc_hd__xnor2_1)
   0.231    8.820 v _28656_/X (sky130_fd_sc_hd__or2_1)
   0.090    8.911 ^ _31287_/Y (sky130_fd_sc_hd__nand2_1)
   0.200    9.111 ^ _31288_/X (sky130_fd_sc_hd__xor2_1)
   0.092    9.203 v _31289_/X (sky130_fd_sc_hd__xor2_1)
   0.301    9.504 v _31291_/X (sky130_fd_sc_hd__or3_1)
   0.089    9.593 ^ _31292_/Y (sky130_fd_sc_hd__nand2_1)
   0.193    9.785 ^ _31294_/X (sky130_fd_sc_hd__xor2_1)
   0.174    9.960 ^ _31295_/X (sky130_fd_sc_hd__xor2_1)
   0.244   10.204 ^ _31296_/Y (sky130_fd_sc_hd__nor3b_2)
   0.081   10.285 v _31299_/Y (sky130_fd_sc_hd__nor2_1)
   0.338   10.623 v _31300_/X (sky130_fd_sc_hd__or3_1)
   0.137   10.759 ^ _31302_/Y (sky130_fd_sc_hd__a21oi_2)
   0.093   10.853 v _31321_/Y (sky130_fd_sc_hd__o21ai_1)
   0.130   10.983 ^ _31335_/Y (sky130_fd_sc_hd__a21oi_1)
   0.116   11.098 v _31344_/Y (sky130_fd_sc_hd__o211ai_1)
   0.255   11.353 v _31346_/X (sky130_fd_sc_hd__a31o_1)
   0.179   11.532 ^ _31366_/Y (sky130_fd_sc_hd__a21oi_2)
   0.089   11.621 v _31376_/Y (sky130_fd_sc_hd__o21bai_2)
   0.332   11.953 v _31377_/X (sky130_fd_sc_hd__maj3_2)
   0.366   12.319 v _31378_/X (sky130_fd_sc_hd__maj3_4)
   0.217   12.536 ^ _31386_/Y (sky130_fd_sc_hd__o211ai_4)
   0.129   12.665 v _31394_/Y (sky130_fd_sc_hd__a311oi_1)
   0.232   12.897 ^ _31400_/Y (sky130_fd_sc_hd__o311ai_1)
   0.161   13.058 ^ _31402_/X (sky130_fd_sc_hd__o22a_1)
   0.056   13.114 v _31405_/Y (sky130_fd_sc_hd__o21ai_1)
   0.301   13.415 v _31406_/X (sky130_fd_sc_hd__maj3_2)
   0.134   13.549 ^ _31409_/Y (sky130_fd_sc_hd__a21oi_1)
   0.073   13.621 v _31411_/Y (sky130_fd_sc_hd__o21ai_1)
   0.142   13.764 ^ _31413_/Y (sky130_fd_sc_hd__a21oi_1)
   0.188   13.951 ^ _31414_/X (sky130_fd_sc_hd__maj3_1)
   0.063   14.014 v _31415_/Y (sky130_fd_sc_hd__o21ai_1)
   0.135   14.150 ^ _31417_/Y (sky130_fd_sc_hd__a21oi_1)
   0.073   14.222 v _31418_/Y (sky130_fd_sc_hd__o21ai_1)
   0.137   14.359 ^ _31420_/Y (sky130_fd_sc_hd__a21oi_1)
   0.085   14.445 v _31421_/Y (sky130_fd_sc_hd__o21ai_1)
   0.164   14.608 ^ _31423_/Y (sky130_fd_sc_hd__a21oi_1)
   0.080   14.689 v _31424_/Y (sky130_fd_sc_hd__o21ai_1)
   0.318   15.007 v _31430_/X (sky130_fd_sc_hd__o32a_1)
   0.000   15.007 v _36969_/D (sky130_fd_sc_hd__dfrtp_1)
           15.007   data arrival time

  27.930   27.930   clock clk (rise edge)
   0.000   27.930   clock network delay (ideal)
   0.000   27.930   clock reconvergence pessimism
           27.930 ^ _36969_/CLK (sky130_fd_sc_hd__dfrtp_1)
  -0.126   27.804   library setup time
           27.804   data required time
-----------------------------------------------------------
           27.804   data required time
          -15.007   data arrival time
-----------------------------------------------------------
           12.797   slack (MET)


