---CLOCK:clk---
Startpoint: _34804_ (rising edge-triggered flip-flop clocked by clk)
Endpoint: _35369_ (rising edge-triggered flip-flop clocked by clk)
Path Group: clk
Path Type: max

   Delay     Time   Description
-----------------------------------------------------------
   0.000    0.000   clock clk (rise edge)
   0.000    0.000   clock network delay (ideal)
   0.000    0.000 ^ _34804_/CLK (sky130_fd_sc_hd__dfstp_2)
   0.605    0.605 ^ _34804_/Q (sky130_fd_sc_hd__dfstp_2)
   0.145    0.751 v _17279_/Y (sky130_fd_sc_hd__nand4bb_1)
  12.061   12.812 ^ _17280_/Y (sky130_fd_sc_hd__nor2_1)
   1.983   14.795 v _19014_/Y (sky130_fd_sc_hd__a222oi_1)
   0.557   15.352 ^ _19016_/Y (sky130_fd_sc_hd__nand2_1)
   0.222   15.574 v _22089_/Y (sky130_fd_sc_hd__a221oi_1)
   0.276   15.850 v _22212_/X (sky130_fd_sc_hd__a21o_1)
   0.069   15.919 ^ _22213_/Y (sky130_fd_sc_hd__nand2_1)
   0.066   15.985 v _22215_/Y (sky130_fd_sc_hd__a21oi_1)
   0.157   16.142 ^ _22217_/Y (sky130_fd_sc_hd__a32oi_1)
   0.335   16.477 v _22218_/Y (sky130_fd_sc_hd__o21ai_0)
   0.286   16.763 v _23106_/Y (sky130_fd_sc_hd__nand3b_1)
   0.300   17.063 v _23275_/X (sky130_fd_sc_hd__or2_0)
   0.386   17.449 ^ _23277_/Y (sky130_fd_sc_hd__xnor2_1)
   0.140   17.589 v _25235_/Y (sky130_fd_sc_hd__o22ai_1)
   1.901   19.490 ^ _25237_/Y (sky130_fd_sc_hd__a21oi_1)
   0.263   19.753 v _28560_/Y (sky130_fd_sc_hd__nor4_1)
   0.349   20.102 ^ _28578_/Y (sky130_fd_sc_hd__a41oi_1)
   0.143   20.244 v _28605_/Y (sky130_fd_sc_hd__xnor2_1)
   0.325   20.569 ^ _28628_/Y (sky130_fd_sc_hd__o32ai_1)
   0.187   20.756 ^ _28633_/Y (sky130_fd_sc_hd__xnor2_1)
   0.175   20.931 ^ _28679_/Y (sky130_fd_sc_hd__xnor2_1)
   0.210   21.141 ^ _28682_/X (sky130_fd_sc_hd__xor2_1)
   0.121   21.262 v _28723_/Y (sky130_fd_sc_hd__xnor2_1)
   0.248   21.510 ^ _28724_/Y (sky130_fd_sc_hd__xnor2_1)
   0.393   21.903 v _28763_/X (sky130_fd_sc_hd__xnor3_1)
   0.254   22.157 ^ _28793_/Y (sky130_fd_sc_hd__xnor2_1)
   0.209   22.366 ^ _28865_/X (sky130_fd_sc_hd__xor2_1)
   0.130   22.496 v _28916_/Y (sky130_fd_sc_hd__o21ai_0)
   0.172   22.668 ^ _28917_/Y (sky130_fd_sc_hd__a21oi_1)
   0.127   22.796 v _28918_/Y (sky130_fd_sc_hd__o21ai_0)
   0.215   23.011 ^ _28919_/Y (sky130_fd_sc_hd__a21oi_1)
   0.138   23.149 v _28920_/Y (sky130_fd_sc_hd__o21ai_0)
   0.165   23.314 ^ _28921_/Y (sky130_fd_sc_hd__a21oi_1)
   0.186   23.501 ^ _28922_/X (sky130_fd_sc_hd__maj3_1)
   0.101   23.602 v _28923_/Y (sky130_fd_sc_hd__o21ai_0)
   0.180   23.782 ^ _28926_/Y (sky130_fd_sc_hd__a21oi_1)
   0.127   23.909 v _28927_/Y (sky130_fd_sc_hd__o21ai_0)
   0.184   24.093 ^ _28928_/Y (sky130_fd_sc_hd__a21oi_1)
   0.114   24.207 v _28929_/Y (sky130_fd_sc_hd__o21ai_0)
   0.374   24.581 v _28930_/X (sky130_fd_sc_hd__maj3_1)
   0.227   24.808 ^ _28932_/Y (sky130_fd_sc_hd__a211oi_1)
   0.090   24.898 v _28933_/Y (sky130_fd_sc_hd__o32ai_1)
   0.163   25.061 ^ _28934_/Y (sky130_fd_sc_hd__a21boi_0)
   0.091   25.153 v _28935_/Y (sky130_fd_sc_hd__o211ai_1)
   0.150   25.303 ^ _28936_/Y (sky130_fd_sc_hd__a31oi_1)
   0.117   25.420 v _28937_/Y (sky130_fd_sc_hd__o21ai_0)
   0.220   25.640 ^ _28938_/Y (sky130_fd_sc_hd__a21oi_1)
   0.158   25.798 ^ _28939_/X (sky130_fd_sc_hd__o21a_1)
   0.121   25.919 v _28940_/Y (sky130_fd_sc_hd__o21ai_0)
   0.137   26.056 ^ _28944_/Y (sky130_fd_sc_hd__a21oi_1)
   0.126   26.182 v _28948_/Y (sky130_fd_sc_hd__o21ai_0)
   0.141   26.323 ^ _28952_/Y (sky130_fd_sc_hd__a21oi_1)
   0.116   26.438 v _28957_/Y (sky130_fd_sc_hd__o211ai_1)
   0.243   26.682 v _28959_/X (sky130_fd_sc_hd__a31o_1)
   0.199   26.880 ^ _28960_/Y (sky130_fd_sc_hd__a21oi_1)
   0.116   26.997 v _28961_/Y (sky130_fd_sc_hd__o21bai_1)
   0.387   27.383 v _28964_/X (sky130_fd_sc_hd__maj3_1)
   0.402   27.786 v _28966_/X (sky130_fd_sc_hd__maj3_1)
   0.318   28.104 ^ _28970_/Y (sky130_fd_sc_hd__o211ai_1)
   0.155   28.258 v _28973_/Y (sky130_fd_sc_hd__a311oi_1)
   0.285   28.543 ^ _28975_/Y (sky130_fd_sc_hd__o311ai_0)
   0.167   28.710 ^ _28977_/X (sky130_fd_sc_hd__o22a_1)
   0.066   28.776 v _28978_/Y (sky130_fd_sc_hd__o21ai_0)
   0.349   29.125 v _28979_/X (sky130_fd_sc_hd__maj3_1)
   0.127   29.252 ^ _28980_/Y (sky130_fd_sc_hd__a21oi_1)
   0.088   29.341 v _28981_/Y (sky130_fd_sc_hd__o21ai_0)
   0.151   29.491 ^ _28982_/Y (sky130_fd_sc_hd__a21oi_1)
   0.182   29.673 ^ _28983_/X (sky130_fd_sc_hd__maj3_1)
   0.080   29.753 v _28984_/Y (sky130_fd_sc_hd__o21ai_0)
   0.133   29.886 ^ _28985_/Y (sky130_fd_sc_hd__a21oi_1)
   0.088   29.975 v _28986_/Y (sky130_fd_sc_hd__o21ai_0)
   0.133   30.107 ^ _28987_/Y (sky130_fd_sc_hd__a21oi_1)
   0.107   30.215 v _28988_/Y (sky130_fd_sc_hd__o21ai_0)
   0.167   30.381 ^ _28989_/Y (sky130_fd_sc_hd__a21oi_1)
   0.099   30.480 v _29012_/Y (sky130_fd_sc_hd__o21ai_0)
   0.426   30.906 v _29018_/X (sky130_fd_sc_hd__o32a_1)
   0.000   30.906 v _35369_/D (sky130_fd_sc_hd__dfrtp_1)
           30.906   data arrival time

  27.930   27.930   clock clk (rise edge)
   0.000   27.930   clock network delay (ideal)
   0.000   27.930   clock reconvergence pessimism
           27.930 ^ _35369_/CLK (sky130_fd_sc_hd__dfrtp_1)
  -0.127   27.803   library setup time
           27.803   data required time
-----------------------------------------------------------
           27.803   data required time
          -30.906   data arrival time
-----------------------------------------------------------
           -3.103   slack (VIOLATED)


