EQY  8:13:10 [prop] read_gold: starting process "yosys -ql prop/gold.log prop/gold.ys"
EQY  8:13:11 [prop] read_gold: Warning: Encountered `translate_off' comment! Such legacy hot comments are supported by Yosys, but are not part of any formal language specification. Using a portable and standards-compliant construct such as `ifdef is recommended!
EQY  8:13:11 [prop] read_gate: starting process "yosys -ql prop/gate.log prop/gate.ys"
EQY  8:13:11 [prop] read_gate: Warning: Encountered `translate_off' comment! Such legacy hot comments are supported by Yosys, but are not part of any formal language specification. Using a portable and standards-compliant construct such as `ifdef is recommended!
EQY  8:13:18 [prop] read_gate: finished (returncode=0)
EQY  8:13:18 [prop] read_gold: finished (returncode=0)
EQY  8:13:18 [prop] combine: starting process "yosys -ql prop/combine.log prop/combine.ys"
EQY  8:13:18 [prop] combine: finished (returncode=0)
EQY  8:13:18 [prop] partition: starting process "cd prop; yosys -ql partition.log partition.ys"
EQY  8:13:20 [prop] partition: finished (returncode=0)
EQY  8:13:20 [prop] run: starting process "make -C prop -f strategies.mk"
EQY  8:13:20 [prop] run: make: Entering directory '/home/toshn/slacksmith_work/survival_tv80/run5/gates/O1/prop'
EQY  8:13:20 [prop] run: Running strategy 'sat' on 'tv80_mcode_gold.ALU_Op'..
EQY  8:13:21 [prop] run: Proved equivalence of partition 'tv80_mcode_gold.ALU_Op' using strategy 'sat'
EQY  8:13:21 [prop] run: Running strategy 'sat' on 'tv80_mcode_gold.Arith16'..
EQY  8:13:22 [prop] run: Proved equivalence of partition 'tv80_mcode_gold.Arith16' using strategy 'sat'
EQY  8:13:22 [prop] run: Running strategy 'sat' on 'tv80_mcode_gold.Call'..
EQY  8:13:22 [prop] run: Proved equivalence of partition 'tv80_mcode_gold.Call' using strategy 'sat'
EQY  8:13:22 [prop] run: Running strategy 'sat' on 'tv80_mcode_gold.DDD.0'..
EQY  8:13:23 [prop] run: Proved equivalence of partition 'tv80_mcode_gold.DDD.0' using strategy 'sat'
EQY  8:13:23 [prop] run: Running strategy 'sat' on 'tv80_mcode_gold.DDD.1'..
EQY  8:13:23 [prop] run: Proved equivalence of partition 'tv80_mcode_gold.DDD.1' using strategy 'sat'
EQY  8:13:23 [prop] run: Running strategy 'sat' on 'tv80_mcode_gold.DDD.2'..
EQY  8:13:23 [prop] run: Proved equivalence of partition 'tv80_mcode_gold.DDD.2' using strategy 'sat'
EQY  8:13:23 [prop] run: Running strategy 'sat' on 'tv80_mcode_gold.DPAIR.0'..
EQY  8:13:24 [prop] run: Proved equivalence of partition 'tv80_mcode_gold.DPAIR.0' using strategy 'sat'
EQY  8:13:24 [prop] run: Running strategy 'sat' on 'tv80_mcode_gold.DPAIR.1'..
EQY  8:13:24 [prop] run: Proved equivalence of partition 'tv80_mcode_gold.DPAIR.1' using strategy 'sat'
EQY  8:13:24 [prop] run: Running strategy 'sat' on 'tv80_mcode_gold.ExchangeAF'..
EQY  8:13:25 [prop] run: Proved equivalence of partition 'tv80_mcode_gold.ExchangeAF' using strategy 'sat'
EQY  8:13:25 [prop] run: Running strategy 'sat' on 'tv80_mcode_gold.ExchangeDH'..
EQY  8:13:25 [prop] run: Proved equivalence of partition 'tv80_mcode_gold.ExchangeDH' using strategy 'sat'
EQY  8:13:25 [prop] run: Running strategy 'sat' on 'tv80_mcode_gold.ExchangeRS'..
EQY  8:13:25 [prop] run: Proved equivalence of partition 'tv80_mcode_gold.ExchangeRS' using strategy 'sat'
EQY  8:13:25 [prop] run: Running strategy 'sat' on 'tv80_mcode_gold.ExchangeRp'..
EQY  8:13:26 [prop] run: Proved equivalence of partition 'tv80_mcode_gold.ExchangeRp' using strategy 'sat'
EQY  8:13:26 [prop] run: Running strategy 'sat' on 'tv80_mcode_gold.Halt'..
EQY  8:13:26 [prop] run: Proved equivalence of partition 'tv80_mcode_gold.Halt' using strategy 'sat'
EQY  8:13:26 [prop] run: Running strategy 'sat' on 'tv80_mcode_gold.IMode'..
EQY  8:13:26 [prop] run: Proved equivalence of partition 'tv80_mcode_gold.IMode' using strategy 'sat'
EQY  8:13:26 [prop] run: Running strategy 'sat' on 'tv80_mcode_gold.IORQ'..
EQY  8:13:27 [prop] run: Proved equivalence of partition 'tv80_mcode_gold.IORQ' using strategy 'sat'
EQY  8:13:27 [prop] run: Running strategy 'sat' on 'tv80_mcode_gold.I_BC'..
EQY  8:13:27 [prop] run: Proved equivalence of partition 'tv80_mcode_gold.I_BC' using strategy 'sat'
EQY  8:13:27 [prop] run: Running strategy 'sat' on 'tv80_mcode_gold.I_BT'..
EQY  8:13:28 [prop] run: Proved equivalence of partition 'tv80_mcode_gold.I_BT' using strategy 'sat'
EQY  8:13:28 [prop] run: Running strategy 'sat' on 'tv80_mcode_gold.I_BTR'..
EQY  8:13:28 [prop] run: Proved equivalence of partition 'tv80_mcode_gold.I_BTR' using strategy 'sat'
EQY  8:13:28 [prop] run: Running strategy 'sat' on 'tv80_mcode_gold.I_CCF'..
EQY  8:13:28 [prop] run: Proved equivalence of partition 'tv80_mcode_gold.I_CCF' using strategy 'sat'
EQY  8:13:28 [prop] run: Running strategy 'sat' on 'tv80_mcode_gold.I_CPL'..
EQY  8:13:28 [prop] run: Proved equivalence of partition 'tv80_mcode_gold.I_CPL' using strategy 'sat'
EQY  8:13:28 [prop] run: Running strategy 'sat' on 'tv80_mcode_gold.I_DJNZ'..
EQY  8:13:29 [prop] run: Proved equivalence of partition 'tv80_mcode_gold.I_DJNZ' using strategy 'sat'
EQY  8:13:29 [prop] run: Running strategy 'sat' on 'tv80_mcode_gold.I_INRC'..
EQY  8:13:29 [prop] run: Proved equivalence of partition 'tv80_mcode_gold.I_INRC' using strategy 'sat'
EQY  8:13:29 [prop] run: Running strategy 'sat' on 'tv80_mcode_gold.I_RETN'..
EQY  8:13:29 [prop] run: Proved equivalence of partition 'tv80_mcode_gold.I_RETN' using strategy 'sat'
EQY  8:13:29 [prop] run: Running strategy 'sat' on 'tv80_mcode_gold.I_RLD'..
EQY  8:13:29 [prop] run: Proved equivalence of partition 'tv80_mcode_gold.I_RLD' using strategy 'sat'
EQY  8:13:29 [prop] run: Running strategy 'sat' on 'tv80_mcode_gold.I_RRD'..
EQY  8:13:29 [prop] run: Proved equivalence of partition 'tv80_mcode_gold.I_RRD' using strategy 'sat'
EQY  8:13:29 [prop] run: Running strategy 'sat' on 'tv80_mcode_gold.I_SCF'..
EQY  8:13:29 [prop] run: Proved equivalence of partition 'tv80_mcode_gold.I_SCF' using strategy 'sat'
EQY  8:13:29 [prop] run: Running strategy 'sat' on 'tv80_mcode_gold.IncDec_16'..
EQY  8:13:30 [prop] run: Proved equivalence of partition 'tv80_mcode_gold.IncDec_16' using strategy 'sat'
EQY  8:13:30 [prop] run: Running strategy 'sat' on 'tv80_mcode_gold.Inc_PC'..
EQY  8:13:30 [prop] run: Proved equivalence of partition 'tv80_mcode_gold.Inc_PC' using strategy 'sat'
EQY  8:13:30 [prop] run: Running strategy 'sat' on 'tv80_mcode_gold.Inc_WZ'..
EQY  8:13:30 [prop] run: Proved equivalence of partition 'tv80_mcode_gold.Inc_WZ' using strategy 'sat'
EQY  8:13:30 [prop] run: Running strategy 'sat' on 'tv80_mcode_gold.Jump'..
EQY  8:13:31 [prop] run: Proved equivalence of partition 'tv80_mcode_gold.Jump' using strategy 'sat'
EQY  8:13:31 [prop] run: Running strategy 'sat' on 'tv80_mcode_gold.JumpE'..
EQY  8:13:31 [prop] run: Proved equivalence of partition 'tv80_mcode_gold.JumpE' using strategy 'sat'
EQY  8:13:31 [prop] run: Running strategy 'sat' on 'tv80_mcode_gold.JumpXY'..
EQY  8:13:31 [prop] run: Proved equivalence of partition 'tv80_mcode_gold.JumpXY' using strategy 'sat'
EQY  8:13:31 [prop] run: Running strategy 'sat' on 'tv80_mcode_gold.LDSPHL'..
EQY  8:13:31 [prop] run: Proved equivalence of partition 'tv80_mcode_gold.LDSPHL' using strategy 'sat'
EQY  8:13:31 [prop] run: Running strategy 'sat' on 'tv80_mcode_gold.LDW'..
EQY  8:13:32 [prop] run: Proved equivalence of partition 'tv80_mcode_gold.LDW' using strategy 'sat'
EQY  8:13:32 [prop] run: Running strategy 'sat' on 'tv80_mcode_gold.LDZ'..
EQY  8:13:32 [prop] run: Proved equivalence of partition 'tv80_mcode_gold.LDZ' using strategy 'sat'
EQY  8:13:32 [prop] run: Running strategy 'sat' on 'tv80_mcode_gold.MCycles'..
EQY  8:13:32 [prop] run: Proved equivalence of partition 'tv80_mcode_gold.MCycles' using strategy 'sat'
EQY  8:13:32 [prop] run: Running strategy 'sat' on 'tv80_mcode_gold.NoRead'..
EQY  8:13:33 [prop] run: Proved equivalence of partition 'tv80_mcode_gold.NoRead' using strategy 'sat'
EQY  8:13:33 [prop] run: Running strategy 'sat' on 'tv80_mcode_gold.Prefix'..
EQY  8:13:33 [prop] run: Proved equivalence of partition 'tv80_mcode_gold.Prefix' using strategy 'sat'
EQY  8:13:33 [prop] run: Running strategy 'sat' on 'tv80_mcode_gold.PreserveC'..
EQY  8:13:33 [prop] run: Proved equivalence of partition 'tv80_mcode_gold.PreserveC' using strategy 'sat'
EQY  8:13:33 [prop] run: Running strategy 'sat' on 'tv80_mcode_gold.Read_To_Acc'..
EQY  8:13:34 [prop] run: Proved equivalence of partition 'tv80_mcode_gold.Read_To_Acc' using strategy 'sat'
EQY  8:13:34 [prop] run: Running strategy 'sat' on 'tv80_mcode_gold.Read_To_Reg'..
EQY  8:13:34 [prop] run: Proved equivalence of partition 'tv80_mcode_gold.Read_To_Reg' using strategy 'sat'
EQY  8:13:34 [prop] run: Running strategy 'sat' on 'tv80_mcode_gold.RstP'..
EQY  8:13:34 [prop] run: Proved equivalence of partition 'tv80_mcode_gold.RstP' using strategy 'sat'
EQY  8:13:34 [prop] run: Running strategy 'sat' on 'tv80_mcode_gold.SSS.0'..
EQY  8:13:34 [prop] run: Proved equivalence of partition 'tv80_mcode_gold.SSS.0' using strategy 'sat'
EQY  8:13:34 [prop] run: Running strategy 'sat' on 'tv80_mcode_gold.SSS.1'..
EQY  8:13:35 [prop] run: Proved equivalence of partition 'tv80_mcode_gold.SSS.1' using strategy 'sat'
EQY  8:13:35 [prop] run: Running strategy 'sat' on 'tv80_mcode_gold.SSS.2'..
EQY  8:13:35 [prop] run: Proved equivalence of partition 'tv80_mcode_gold.SSS.2' using strategy 'sat'
EQY  8:13:35 [prop] run: Running strategy 'sat' on 'tv80_mcode_gold.Save_ALU'..
EQY  8:13:35 [prop] run: Proved equivalence of partition 'tv80_mcode_gold.Save_ALU' using strategy 'sat'
EQY  8:13:35 [prop] run: Running strategy 'sat' on 'tv80_mcode_gold.SetDI'..
EQY  8:13:35 [prop] run: Proved equivalence of partition 'tv80_mcode_gold.SetDI' using strategy 'sat'
EQY  8:13:35 [prop] run: Running strategy 'sat' on 'tv80_mcode_gold.SetEI'..
EQY  8:13:36 [prop] run: Proved equivalence of partition 'tv80_mcode_gold.SetEI' using strategy 'sat'
EQY  8:13:36 [prop] run: Running strategy 'sat' on 'tv80_mcode_gold.Set_Addr_To'..
EQY  8:13:36 [prop] run: Proved equivalence of partition 'tv80_mcode_gold.Set_Addr_To' using strategy 'sat'
EQY  8:13:36 [prop] run: Running strategy 'sat' on 'tv80_mcode_gold.Set_BusA_To.3'..
EQY  8:13:37 [prop] run: Proved equivalence of partition 'tv80_mcode_gold.Set_BusA_To.3' using strategy 'sat'
EQY  8:13:37 [prop] run: Running strategy 'sat' on 'tv80_mcode_gold.Set_BusA_To'..
EQY  8:13:37 [prop] run: Proved equivalence of partition 'tv80_mcode_gold.Set_BusA_To' using strategy 'sat'
EQY  8:13:37 [prop] run: Running strategy 'sat' on 'tv80_mcode_gold.Set_BusB_To.3'..
EQY  8:13:38 [prop] run: Proved equivalence of partition 'tv80_mcode_gold.Set_BusB_To.3' using strategy 'sat'
EQY  8:13:38 [prop] run: Running strategy 'sat' on 'tv80_mcode_gold.Set_BusB_To'..
EQY  8:13:39 [prop] run: Proved equivalence of partition 'tv80_mcode_gold.Set_BusB_To' using strategy 'sat'
EQY  8:13:39 [prop] run: Running strategy 'sat' on 'tv80_mcode_gold.Special_LD'..
EQY  8:13:39 [prop] run: Proved equivalence of partition 'tv80_mcode_gold.Special_LD' using strategy 'sat'
EQY  8:13:39 [prop] run: Running strategy 'sat' on 'tv80_mcode_gold.TStates'..
EQY  8:13:39 [prop] run: Proved equivalence of partition 'tv80_mcode_gold.TStates' using strategy 'sat'
EQY  8:13:39 [prop] run: Running strategy 'sat' on 'tv80_mcode_gold.Write'..
EQY  8:13:40 [prop] run: Proved equivalence of partition 'tv80_mcode_gold.Write' using strategy 'sat'
EQY  8:13:40 [prop] run: make -f strategies.mk summary
EQY  8:13:40 [prop] run: make[1]: Entering directory '/home/toshn/slacksmith_work/survival_tv80/run5/gates/O1/prop'
EQY  8:13:40 [prop] run: make[1]: Leaving directory '/home/toshn/slacksmith_work/survival_tv80/run5/gates/O1/prop'
EQY  8:13:40 [prop] run: make: Leaving directory '/home/toshn/slacksmith_work/survival_tv80/run5/gates/O1/prop'
EQY  8:13:40 [prop] run: finished (returncode=0)
EQY  8:13:40 [prop] Successfully proved equivalence of partition tv80_mcode_gold.Write
EQY  8:13:40 [prop] Successfully proved equivalence of partition tv80_mcode_gold.TStates
EQY  8:13:40 [prop] Successfully proved equivalence of partition tv80_mcode_gold.Special_LD
EQY  8:13:40 [prop] Successfully proved equivalence of partition tv80_mcode_gold.Set_BusB_To.3
EQY  8:13:40 [prop] Successfully proved equivalence of partition tv80_mcode_gold.Set_BusB_To
EQY  8:13:40 [prop] Successfully proved equivalence of partition tv80_mcode_gold.Set_BusA_To.3
EQY  8:13:40 [prop] Successfully proved equivalence of partition tv80_mcode_gold.Set_BusA_To
EQY  8:13:40 [prop] Successfully proved equivalence of partition tv80_mcode_gold.Set_Addr_To
EQY  8:13:40 [prop] Successfully proved equivalence of partition tv80_mcode_gold.SetEI
EQY  8:13:40 [prop] Successfully proved equivalence of partition tv80_mcode_gold.SetDI
EQY  8:13:40 [prop] Successfully proved equivalence of partition tv80_mcode_gold.Save_ALU
EQY  8:13:40 [prop] Successfully proved equivalence of partition tv80_mcode_gold.SSS.2
EQY  8:13:40 [prop] Successfully proved equivalence of partition tv80_mcode_gold.SSS.1
EQY  8:13:40 [prop] Successfully proved equivalence of partition tv80_mcode_gold.SSS.0
EQY  8:13:40 [prop] Successfully proved equivalence of partition tv80_mcode_gold.RstP
EQY  8:13:40 [prop] Successfully proved equivalence of partition tv80_mcode_gold.Read_To_Reg
EQY  8:13:40 [prop] Successfully proved equivalence of partition tv80_mcode_gold.Read_To_Acc
EQY  8:13:40 [prop] Successfully proved equivalence of partition tv80_mcode_gold.PreserveC
EQY  8:13:40 [prop] Successfully proved equivalence of partition tv80_mcode_gold.Prefix
EQY  8:13:40 [prop] Successfully proved equivalence of partition tv80_mcode_gold.NoRead
EQY  8:13:40 [prop] Successfully proved equivalence of partition tv80_mcode_gold.MCycles
EQY  8:13:40 [prop] Successfully proved equivalence of partition tv80_mcode_gold.LDZ
EQY  8:13:40 [prop] Successfully proved equivalence of partition tv80_mcode_gold.LDW
EQY  8:13:40 [prop] Successfully proved equivalence of partition tv80_mcode_gold.LDSPHL
EQY  8:13:40 [prop] Successfully proved equivalence of partition tv80_mcode_gold.JumpXY
EQY  8:13:40 [prop] Successfully proved equivalence of partition tv80_mcode_gold.JumpE
EQY  8:13:40 [prop] Successfully proved equivalence of partition tv80_mcode_gold.Jump
EQY  8:13:40 [prop] Successfully proved equivalence of partition tv80_mcode_gold.Inc_WZ
EQY  8:13:40 [prop] Successfully proved equivalence of partition tv80_mcode_gold.Inc_PC
EQY  8:13:40 [prop] Successfully proved equivalence of partition tv80_mcode_gold.IncDec_16
EQY  8:13:40 [prop] Successfully proved equivalence of partition tv80_mcode_gold.I_SCF
EQY  8:13:40 [prop] Successfully proved equivalence of partition tv80_mcode_gold.I_RRD
EQY  8:13:40 [prop] Successfully proved equivalence of partition tv80_mcode_gold.I_RLD
EQY  8:13:40 [prop] Successfully proved equivalence of partition tv80_mcode_gold.I_RETN
EQY  8:13:40 [prop] Successfully proved equivalence of partition tv80_mcode_gold.I_INRC
EQY  8:13:40 [prop] Successfully proved equivalence of partition tv80_mcode_gold.I_DJNZ
EQY  8:13:40 [prop] Successfully proved equivalence of partition tv80_mcode_gold.I_CPL
EQY  8:13:40 [prop] Successfully proved equivalence of partition tv80_mcode_gold.I_CCF
EQY  8:13:40 [prop] Successfully proved equivalence of partition tv80_mcode_gold.I_BTR
EQY  8:13:40 [prop] Successfully proved equivalence of partition tv80_mcode_gold.I_BT
EQY  8:13:40 [prop] Successfully proved equivalence of partition tv80_mcode_gold.I_BC
EQY  8:13:40 [prop] Successfully proved equivalence of partition tv80_mcode_gold.IORQ
EQY  8:13:40 [prop] Successfully proved equivalence of partition tv80_mcode_gold.IMode
EQY  8:13:40 [prop] Successfully proved equivalence of partition tv80_mcode_gold.Halt
EQY  8:13:40 [prop] Successfully proved equivalence of partition tv80_mcode_gold.ExchangeRp
EQY  8:13:40 [prop] Successfully proved equivalence of partition tv80_mcode_gold.ExchangeRS
EQY  8:13:40 [prop] Successfully proved equivalence of partition tv80_mcode_gold.ExchangeDH
EQY  8:13:40 [prop] Successfully proved equivalence of partition tv80_mcode_gold.ExchangeAF
EQY  8:13:40 [prop] Successfully proved equivalence of partition tv80_mcode_gold.DPAIR.1
EQY  8:13:40 [prop] Successfully proved equivalence of partition tv80_mcode_gold.DPAIR.0
EQY  8:13:40 [prop] Successfully proved equivalence of partition tv80_mcode_gold.DDD.2
EQY  8:13:40 [prop] Successfully proved equivalence of partition tv80_mcode_gold.DDD.1
EQY  8:13:40 [prop] Successfully proved equivalence of partition tv80_mcode_gold.DDD.0
EQY  8:13:40 [prop] Successfully proved equivalence of partition tv80_mcode_gold.Call
EQY  8:13:40 [prop] Successfully proved equivalence of partition tv80_mcode_gold.Arith16
EQY  8:13:40 [prop] Successfully proved equivalence of partition tv80_mcode_gold.ALU_Op
EQY  8:13:40 [prop] Successfully proved designs equivalent
EQY  8:13:40 [prop] summary: Elapsed clock time [H:MM:SS (secs)]: 0:00:29 (29)
EQY  8:13:40 [prop] summary: Elapsed process time [H:MM:SS (secs)]: 0:00:27 (27)
EQY  8:13:40 [prop] DONE (PASS, rc=0)
