---CLOCK:clk---
Startpoint: fifo[0].f/_937_ (rising edge-triggered flip-flop clocked by clk)
Endpoint: fifo[0].f/_965_ (rising edge-triggered flip-flop clocked by clk)
Path Group: clk
Path Type: max

   Delay     Time   Description
-----------------------------------------------------------
   0.000    0.000   clock clk (rise edge)
   0.000    0.000   clock network delay (ideal)
   0.000    0.000 ^ fifo[0].f/_937_/CLK (sky130_fd_sc_hd__dfxtp_1)
   1.356    1.356 ^ fifo[0].f/_937_/Q (sky130_fd_sc_hd__dfxtp_1)
   0.639    1.994 v fifo[0].f/_488_/X (sky130_fd_sc_hd__mux4_2)
   0.164    2.159 ^ fifo[0].f/_489_/Y (sky130_fd_sc_hd__o21ai_2)
   0.128    2.287 v fifo[0].f/_492_/Y (sky130_fd_sc_hd__o22ai_4)
   0.331    2.618 v fifo[0].f/_495_/X (sky130_fd_sc_hd__o41a_1)
   0.140    2.758 v fifo[0].f/_496_/X (sky130_fd_sc_hd__buf_6)
   0.290    3.048 v fifo[0].f/_596_/X (sky130_fd_sc_hd__mux2_1)
   0.000    3.048 v fifo[0].f/_965_/D (sky130_fd_sc_hd__dfxtp_1)
            3.048   data arrival time

   2.947    2.947   clock clk (rise edge)
   0.000    2.947   clock network delay (ideal)
   0.000    2.947   clock reconvergence pessimism
            2.947 ^ fifo[0].f/_965_/CLK (sky130_fd_sc_hd__dfxtp_1)
  -0.123    2.824   library setup time
            2.824   data required time
-----------------------------------------------------------
            2.824   data required time
           -3.048   data arrival time
-----------------------------------------------------------
           -0.224   slack (VIOLATED)


