---CLOCK:clk---
Startpoint: m0/_2257_ (rising edge-triggered flip-flop clocked by clk)
Endpoint: x0/_3776_ (rising edge-triggered flip-flop clocked by clk)
Path Group: clk
Path Type: max

   Delay     Time   Description
-----------------------------------------------------------
   0.000    0.000   clock clk (rise edge)
   0.000    0.000   clock network delay (ideal)
   0.000    0.000 ^ m0/_2257_/CLK (sky130_fd_sc_hd__dfxtp_1)
   1.514    1.514 ^ m0/_2257_/Q (sky130_fd_sc_hd__dfxtp_1)
   0.237    1.751 v x0/_1913_/Y (sky130_fd_sc_hd__nand2_1)
   0.455    2.206 v x0/_1916_/X (sky130_fd_sc_hd__xnor3_1)
   0.272    2.479 ^ x0/_1923_/X (sky130_fd_sc_hd__xor2_1)
   0.107    2.585 v x0/_1924_/Y (sky130_fd_sc_hd__nand2b_1)
   0.423    3.008 ^ x0/_1931_/X (sky130_fd_sc_hd__xnor3_1)
   0.422    3.430 v x0/_1947_/X (sky130_fd_sc_hd__xnor3_1)
   0.201    3.631 ^ x0/_1980_/Y (sky130_fd_sc_hd__xnor2_1)
   0.119    3.750 v x0/_1981_/Y (sky130_fd_sc_hd__a21oi_1)
   0.177    3.926 ^ x0/_3201_/Y (sky130_fd_sc_hd__o21ai_1)
   0.120    4.046 v x0/_3204_/Y (sky130_fd_sc_hd__a21oi_1)
   0.188    4.234 ^ x0/_3206_/Y (sky130_fd_sc_hd__o21ai_2)
   0.088    4.322 v x0/_3209_/Y (sky130_fd_sc_hd__a21oi_2)
   0.180    4.502 ^ x0/_3211_/Y (sky130_fd_sc_hd__o21ai_2)
   0.080    4.582 v x0/_3213_/Y (sky130_fd_sc_hd__a21oi_2)
   0.203    4.785 v x0/_3215_/X (sky130_fd_sc_hd__o21a_1)
   0.212    4.997 v x0/_3219_/X (sky130_fd_sc_hd__o21a_1)
   0.176    5.173 ^ x0/_3221_/Y (sky130_fd_sc_hd__o21ai_2)
   0.088    5.261 v x0/_3224_/Y (sky130_fd_sc_hd__a21oi_2)
   0.180    5.441 ^ x0/_3228_/Y (sky130_fd_sc_hd__o21bai_2)
   0.079    5.520 v x0/_3230_/Y (sky130_fd_sc_hd__a21boi_2)
   0.205    5.724 v x0/_3233_/X (sky130_fd_sc_hd__o21a_1)
   0.210    5.935 v x0/_3236_/X (sky130_fd_sc_hd__o21a_1)
   0.315    6.250 v x0/_3239_/X (sky130_fd_sc_hd__a211o_1)
   0.207    6.457 v x0/_3241_/X (sky130_fd_sc_hd__a21o_1)
   0.164    6.621 ^ x0/_3243_/Y (sky130_fd_sc_hd__a21oi_2)
   0.157    6.778 ^ x0/_3244_/X (sky130_fd_sc_hd__o21a_2)
   0.054    6.832 v x0/_3247_/Y (sky130_fd_sc_hd__o21ai_2)
   0.198    7.030 v x0/_3249_/X (sky130_fd_sc_hd__a21o_1)
   0.205    7.235 v x0/_3251_/X (sky130_fd_sc_hd__a21o_1)
   0.160    7.394 ^ x0/_3253_/Y (sky130_fd_sc_hd__a21oi_2)
   0.118    7.512 ^ x0/_3393_/X (sky130_fd_sc_hd__or3_1)
   0.065    7.577 v x0/_3394_/Y (sky130_fd_sc_hd__nand3_1)
   0.211    7.789 ^ x0/_3420_/Y (sky130_fd_sc_hd__a311oi_1)
   0.000    7.789 ^ x0/_3776_/D (sky130_fd_sc_hd__dfxtp_1)
            7.789   data arrival time

   7.650    7.650   clock clk (rise edge)
   0.000    7.650   clock network delay (ideal)
   0.000    7.650   clock reconvergence pessimism
            7.650 ^ x0/_3776_/CLK (sky130_fd_sc_hd__dfxtp_1)
  -0.091    7.559   library setup time
            7.559   data required time
-----------------------------------------------------------
            7.559   data required time
           -7.789   data arrival time
-----------------------------------------------------------
           -0.229   slack (VIOLATED)


