
Startpoint: u_aes_e/u_core/dec_block/_4276_
            (rising edge-triggered flip-flop clocked by clk_e)
Endpoint: u_aes_e/u_core/dec_block/_4229_
          (rising edge-triggered flip-flop clocked by clk_e)
Path Group: clk_e
Path Type: max

Fanout    Delay     Time   Description
-----------------------------------------------------------------
          0.000    0.000   clock clk_e (rise edge)
          0.000    0.000   clock network delay (ideal)
          0.000    0.000 ^ u_aes_e/u_core/dec_block/_4276_/CLK (sky130_fd_sc_hd__dfrtp_1)
    10    0.420    0.420 v u_aes_e/u_core/dec_block/_4276_/Q (sky130_fd_sc_hd__dfrtp_1)
     1    0.469    0.889 v u_aes_e/u_core/dec_block/_2063_/X (sky130_fd_sc_hd__or3b_2)
     3    0.621    1.510 v u_aes_e/u_core/dec_block/_2064_/X (sky130_fd_sc_hd__dlygate4sd3_1)
    16    0.164    1.674 v u_aes_e/u_core/dec_block/_2065_/X (sky130_fd_sc_hd__buf_6)
    59    1.952    3.626 ^ u_aes_e/u_core/dec_block/_2115_/Y (sky130_fd_sc_hd__a21oi_1)
    14    0.562    4.188 ^ u_aes_e/u_core/dec_block/inv_sbox_inst/_2619_/Y (sky130_fd_sc_hd__nand4b_2)
     3    0.109    4.298 v u_aes_e/u_core/dec_block/inv_sbox_inst/_2621_/Y (sky130_fd_sc_hd__nor2_1)
     2    0.663    4.961 v u_aes_e/u_core/dec_block/inv_sbox_inst/_2630_/X (sky130_fd_sc_hd__or4_2)
     1    0.635    5.595 v u_aes_e/u_core/dec_block/inv_sbox_inst/_2670_/X (sky130_fd_sc_hd__or4_2)
     1    0.663    6.259 v u_aes_e/u_core/dec_block/inv_sbox_inst/_2786_/X (sky130_fd_sc_hd__or4b_2)
     4    0.110    6.369 ^ u_aes_e/u_core/dec_block/_2492_/Y (sky130_fd_sc_hd__nand2_1)
     1    0.081    6.450 v u_aes_e/u_core/dec_block/_3500_/Y (sky130_fd_sc_hd__o21ai_0)
     1    0.367    6.817 v u_aes_e/u_core/dec_block/_3503_/X (sky130_fd_sc_hd__o32a_2)
          0.000    6.817 v u_aes_e/u_core/dec_block/_4229_/D (sky130_fd_sc_hd__dfrtp_1)
                   6.817   data arrival time

          5.500    5.500   clock clk_e (rise edge)
          0.000    5.500   clock network delay (ideal)
          0.000    5.500   clock reconvergence pessimism
                   5.500 ^ u_aes_e/u_core/dec_block/_4229_/CLK (sky130_fd_sc_hd__dfrtp_1)
         -0.127    5.373   library setup time
                   5.373   data required time
-----------------------------------------------------------------
                   5.373   data required time
                  -6.817   data arrival time
-----------------------------------------------------------------
                  -1.444   slack (VIOLATED)


