
Startpoint: u_rv32_a/u_core/_12100_
            (rising edge-triggered flip-flop clocked by clk_a)
Endpoint: u_rv32_a/u_core/_12641_
          (rising edge-triggered flip-flop clocked by clk_a)
Path Group: clk_a
Path Type: max

Fanout    Delay     Time   Description
-----------------------------------------------------------------
          0.000    0.000   clock clk_a (rise edge)
          0.000    0.000   clock network delay (ideal)
          0.000    0.000 ^ u_rv32_a/u_core/_12100_/CLK (sky130_fd_sc_hd__dfrtp_1)
    14    0.536    0.536 ^ u_rv32_a/u_core/_12100_/Q (sky130_fd_sc_hd__dfrtp_1)
     4    0.357    0.893 v u_rv32_a/_1306_/X (sky130_fd_sc_hd__or2b_2)
    37    0.574    1.467 ^ u_rv32_a/_1308_/Y (sky130_fd_sc_hd__inv_1)
   387    3.747    5.213 ^ u_rv32_a/_1309_/X (sky130_fd_sc_hd__and2_2)
     5    1.192    6.406 v u_rv32_a/u_core/_06860_/Y (sky130_fd_sc_hd__clkinv_1)
    16    0.456    6.862 v u_rv32_a/u_core/_06861_/X (sky130_fd_sc_hd__buf_6)
     1    0.180    7.042 v u_rv32_a/u_core/_06944_/X (sky130_fd_sc_hd__and2_2)
    16    0.137    7.179 v u_rv32_a/u_core/_06945_/X (sky130_fd_sc_hd__buf_6)
     1    0.256    7.436 ^ u_rv32_a/u_core/_06947_/Y (sky130_fd_sc_hd__a222oi_1)
     1    0.115    7.550 v u_rv32_a/u_core/_06954_/Y (sky130_fd_sc_hd__nand4_1)
     2    0.465    8.016 v u_rv32_a/u_core/_06964_/X (sky130_fd_sc_hd__or3_2)
     6    0.346    8.362 v u_rv32_a/u_core/_07839_/X (sky130_fd_sc_hd__o31a_2)
     3    0.382    8.744 v u_rv32_a/u_core/_07843_/X (sky130_fd_sc_hd__maj3_1)
     1    0.217    8.961 ^ u_rv32_a/u_core/_07847_/Y (sky130_fd_sc_hd__a211oi_1)
     3    0.176    9.137 v u_rv32_a/u_core/_07850_/Y (sky130_fd_sc_hd__o311ai_0)
     3    0.390    9.527 ^ u_rv32_a/u_core/_07854_/Y (sky130_fd_sc_hd__a311oi_1)
     3    0.211    9.738 v u_rv32_a/u_core/_07857_/Y (sky130_fd_sc_hd__o311ai_0)
     2    0.334   10.072 ^ u_rv32_a/u_core/_07860_/Y (sky130_fd_sc_hd__a311oi_1)
     3    0.197   10.270 v u_rv32_a/u_core/_07864_/Y (sky130_fd_sc_hd__o311ai_0)
     2    0.352   10.622 ^ u_rv32_a/u_core/_07867_/Y (sky130_fd_sc_hd__a311oi_1)
     2    0.111   10.733 v u_rv32_a/u_core/_07869_/Y (sky130_fd_sc_hd__o21bai_1)
     3    0.216   10.949 ^ u_rv32_a/u_core/_07871_/Y (sky130_fd_sc_hd__a31oi_1)
     3    0.129   11.078 v u_rv32_a/u_core/_07876_/Y (sky130_fd_sc_hd__o211ai_1)
     2    0.329   11.408 ^ u_rv32_a/u_core/_07880_/Y (sky130_fd_sc_hd__a311oi_1)
     3    0.134   11.541 v u_rv32_a/u_core/_07883_/Y (sky130_fd_sc_hd__o31ai_1)
     3    0.328   11.870 ^ u_rv32_a/u_core/_07886_/Y (sky130_fd_sc_hd__a211oi_1)
     3    0.208   12.077 v u_rv32_a/u_core/_07890_/Y (sky130_fd_sc_hd__o311ai_0)
     3    0.389   12.467 ^ u_rv32_a/u_core/_07893_/Y (sky130_fd_sc_hd__a311oi_1)
     1    0.116   12.582 v u_rv32_a/u_core/_09280_/Y (sky130_fd_sc_hd__o21ai_0)
     2    0.319   12.902 ^ u_rv32_a/u_core/_09281_/Y (sky130_fd_sc_hd__a311oi_1)
     1    0.141   13.043 ^ u_rv32_a/u_core/_09282_/X (sky130_fd_sc_hd__o21a_1)
     1    0.070   13.112 v u_rv32_a/u_core/_09294_/Y (sky130_fd_sc_hd__o21ai_0)
     2    0.222   13.334 ^ u_rv32_a/u_core/_09305_/Y (sky130_fd_sc_hd__a21oi_1)
    16    0.209   13.543 ^ u_rv32_a/u_core/_09306_/X (sky130_fd_sc_hd__clkbuf_8)
     1    0.080   13.624 v u_rv32_a/u_core/_11596_/Y (sky130_fd_sc_hd__o21ai_0)
          0.000   13.624 v u_rv32_a/u_core/_12641_/D (sky130_fd_sc_hd__dfrtp_1)
                  13.624   data arrival time

         15.500   15.500   clock clk_a (rise edge)
          0.000   15.500   clock network delay (ideal)
          0.000   15.500   clock reconvergence pessimism
                  15.500 ^ u_rv32_a/u_core/_12641_/CLK (sky130_fd_sc_hd__dfrtp_1)
         -0.127   15.373   library setup time
                  15.373   data required time
-----------------------------------------------------------------
                  15.373   data required time
                 -13.624   data arrival time
-----------------------------------------------------------------
                   1.750   slack (MET)


