
Startpoint: _40525_ (rising edge-triggered flip-flop clocked by clk_a)
Endpoint: _45511_ (rising edge-triggered flip-flop clocked by clk_a)
Path Group: clk_a
Path Type: max

Fanout    Delay     Time   Description
-----------------------------------------------------------------
          0.000    0.000   clock clk_a (rise edge)
          0.000    0.000   clock network delay (ideal)
          0.000    0.000 ^ _40525_/CLK (sky130_fd_sc_hd__dfrtp_1)
    22    0.569    0.569 ^ _40525_/Q (sky130_fd_sc_hd__dfrtp_1)
    32    1.824    2.393 ^ _20931_/Y (sky130_fd_sc_hd__nor3b_1)
     2    0.361    2.754 v _20978_/Y (sky130_fd_sc_hd__a22oi_1)
     4    0.287    3.041 v _20981_/Y (sky130_fd_sc_hd__xnor2_1)
     3    0.187    3.229 v _20995_/X (sky130_fd_sc_hd__a21o_1)
     2    0.170    3.398 v _20997_/X (sky130_fd_sc_hd__a21o_1)
     3    0.175    3.574 ^ _21000_/Y (sky130_fd_sc_hd__a21oi_1)
     3    0.171    3.745 ^ _21002_/X (sky130_fd_sc_hd__o21a_1)
     3    0.125    3.870 v _21004_/Y (sky130_fd_sc_hd__o21ai_0)
     3    0.393    4.263 v _21006_/X (sky130_fd_sc_hd__maj3_1)
     3    0.388    4.651 v _21009_/X (sky130_fd_sc_hd__maj3_1)
     3    0.384    5.035 v _21011_/X (sky130_fd_sc_hd__maj3_1)
     3    0.199    5.234 ^ _21013_/Y (sky130_fd_sc_hd__a21oi_1)
     3    0.228    5.462 ^ _21015_/X (sky130_fd_sc_hd__maj3_1)
     3    0.187    5.649 ^ _21019_/X (sky130_fd_sc_hd__o211a_1)
     2    0.072    5.721 v _21283_/Y (sky130_fd_sc_hd__o31ai_1)
     2    0.175    5.897 v _21287_/X (sky130_fd_sc_hd__and3_1)
     1    0.143    6.040 ^ _26579_/Y (sky130_fd_sc_hd__o21ai_0)
     1    0.061    6.101 v _26580_/Y (sky130_fd_sc_hd__nand2_1)
          0.000    6.101 v _45511_/D (sky130_fd_sc_hd__dfrtp_1)
                   6.101   data arrival time

         15.500   15.500   clock clk_a (rise edge)
          0.000   15.500   clock network delay (ideal)
          0.000   15.500   clock reconvergence pessimism
                  15.500 ^ _45511_/CLK (sky130_fd_sc_hd__dfrtp_1)
         -0.120   15.380   library setup time
                  15.380   data required time
-----------------------------------------------------------------
                  15.380   data required time
                  -6.101   data arrival time
-----------------------------------------------------------------
                   9.279   slack (MET)


