
Startpoint: _45298_ (rising edge-triggered flip-flop clocked by clk_b)
Endpoint: _45233_ (rising edge-triggered flip-flop clocked by clk_b)
Path Group: clk_b
Path Type: max

Fanout    Delay     Time   Description
-----------------------------------------------------------------
          0.000    0.000   clock clk_b (rise edge)
          0.000    0.000   clock network delay (ideal)
          0.000    0.000 ^ _45298_/CLK (sky130_fd_sc_hd__dfrtp_1)
    10    0.422    0.422 ^ _45298_/Q (sky130_fd_sc_hd__dfrtp_1)
     5    0.135    0.557 v _21214_/Y (sky130_fd_sc_hd__nand2_1)
     2    0.094    0.650 ^ _21216_/Y (sky130_fd_sc_hd__nand2_1)
     2    0.062    0.712 v _21218_/Y (sky130_fd_sc_hd__nand2_1)
   131    6.328    7.040 ^ _26954_/Y (sky130_fd_sc_hd__nor3_1)
   128    7.450   14.490 v _26964_/Y (sky130_fd_sc_hd__nor2_1)
     2    1.323   15.813 ^ _28660_/Y (sky130_fd_sc_hd__a221oi_1)
     1    0.183   15.996 v _28671_/Y (sky130_fd_sc_hd__o21ai_0)
     1    0.255   16.251 ^ _28672_/Y (sky130_fd_sc_hd__a21oi_1)
     1    0.050   16.301 v _28673_/Y (sky130_fd_sc_hd__a21oi_1)
     1    0.136   16.438 ^ _28674_/Y (sky130_fd_sc_hd__o21ai_0)
          0.000   16.438 ^ _45233_/D (sky130_fd_sc_hd__dfrtp_1)
                  16.438   data arrival time

         12.500   12.500   clock clk_b (rise edge)
          0.000   12.500   clock network delay (ideal)
          0.000   12.500   clock reconvergence pessimism
                  12.500 ^ _45233_/CLK (sky130_fd_sc_hd__dfrtp_1)
         -0.127   12.373   library setup time
                  12.373   data required time
-----------------------------------------------------------------
                  12.373   data required time
                 -16.438   data arrival time
-----------------------------------------------------------------
                  -4.065   slack (VIOLATED)


