
Startpoint: _42601_ (rising edge-triggered flip-flop clocked by clk_a)
Endpoint: _47587_ (rising edge-triggered flip-flop clocked by clk_a)
Path Group: clk_a
Path Type: max

Fanout    Delay     Time   Description
-----------------------------------------------------------------
          0.000    0.000   clock clk_a (rise edge)
          0.000    0.000   clock network delay (ideal)
          0.000    0.000 ^ _42601_/CLK (sky130_fd_sc_hd__dfrtp_1)
    22    0.567    0.567 ^ _42601_/Q (sky130_fd_sc_hd__dfrtp_1)
     1    0.189    0.756 ^ _21714_/X (sky130_fd_sc_hd__or3b_2)
     5    0.619    1.375 ^ _21715_/X (sky130_fd_sc_hd__dlygate4sd3_1)
     2    0.131    1.506 v _21718_/Y (sky130_fd_sc_hd__a22oi_1)
     3    0.361    1.867 v _21724_/X (sky130_fd_sc_hd__maj3_1)
     3    0.232    2.099 v _21726_/X (sky130_fd_sc_hd__a21o_2)
     2    0.194    2.293 v _21734_/X (sky130_fd_sc_hd__a21o_2)
     3    0.173    2.466 ^ _21740_/Y (sky130_fd_sc_hd__a21oi_1)
     3    0.171    2.637 ^ _21745_/X (sky130_fd_sc_hd__o21a_1)
     3    0.125    2.762 v _21750_/Y (sky130_fd_sc_hd__o21ai_0)
     3    0.388    3.151 v _21751_/X (sky130_fd_sc_hd__maj3_1)
     3    0.387    3.538 v _21752_/X (sky130_fd_sc_hd__maj3_1)
     3    0.384    3.922 v _21753_/X (sky130_fd_sc_hd__maj3_1)
     3    0.199    4.121 ^ _21758_/Y (sky130_fd_sc_hd__a21oi_1)
     3    0.230    4.351 ^ _21759_/X (sky130_fd_sc_hd__maj3_1)
     3    0.188    4.539 ^ _21765_/X (sky130_fd_sc_hd__o211a_1)
     2    0.072    4.611 v _22058_/Y (sky130_fd_sc_hd__o31ai_1)
     2    0.203    4.814 v _22062_/X (sky130_fd_sc_hd__and3_2)
     1    0.143    4.957 ^ _27716_/Y (sky130_fd_sc_hd__o21ai_0)
     1    0.061    5.018 v _27717_/Y (sky130_fd_sc_hd__nand2_1)
          0.000    5.018 v _47587_/D (sky130_fd_sc_hd__dfrtp_1)
                   5.018   data arrival time

         15.500   15.500   clock clk_a (rise edge)
          0.000   15.500   clock network delay (ideal)
          0.000   15.500   clock reconvergence pessimism
                  15.500 ^ _47587_/CLK (sky130_fd_sc_hd__dfrtp_1)
         -0.120   15.380   library setup time
                  15.380   data required time
-----------------------------------------------------------------
                  15.380   data required time
                  -5.018   data arrival time
-----------------------------------------------------------------
                  10.362   slack (MET)


