
Startpoint: _44958_ (rising edge-triggered flip-flop clocked by clk_e)
Endpoint: _46869_ (rising edge-triggered flip-flop clocked by clk_e)
Path Group: clk_e
Path Type: max

Fanout    Delay     Time   Description
-----------------------------------------------------------------
          0.000    0.000   clock clk_e (rise edge)
          0.000    0.000   clock network delay (ideal)
          0.000    0.000 ^ _44958_/CLK (sky130_fd_sc_hd__dfrtp_1)
   136    1.888    1.888 ^ _44958_/Q (sky130_fd_sc_hd__dfrtp_1)
     1    0.326    2.214 ^ _31835_/X (sky130_fd_sc_hd__or3b_2)
     2    0.125    2.339 v _31837_/Y (sky130_fd_sc_hd__nand4_1)
     5    0.409    2.748 ^ _31886_/Y (sky130_fd_sc_hd__a22oi_1)
    11    0.157    2.905 v _31892_/Y (sky130_fd_sc_hd__nor2_2)
    13    0.283    3.188 ^ _31946_/Y (sky130_fd_sc_hd__nand2_1)
     1    0.106    3.294 v _32080_/Y (sky130_fd_sc_hd__o22ai_1)
     1    0.500    3.794 v _32084_/X (sky130_fd_sc_hd__or4_1)
     1    0.351    4.145 ^ _32086_/Y (sky130_fd_sc_hd__a2111oi_0)
     1    0.117    4.261 v _32098_/Y (sky130_fd_sc_hd__nand4_1)
     2    0.415    4.676 v _32150_/X (sky130_fd_sc_hd__or3_4)
     2    0.146    4.822 v _32151_/Y (sky130_fd_sc_hd__xnor2_2)
     2    0.254    5.076 ^ _33166_/Y (sky130_fd_sc_hd__xnor2_1)
     2    0.158    5.234 ^ _33332_/Y (sky130_fd_sc_hd__xnor2_2)
     1    0.090    5.324 v _33491_/Y (sky130_fd_sc_hd__xnor2_1)
    15    0.167    5.491 ^ _33492_/Y (sky130_fd_sc_hd__nand2_2)
     1    0.103    5.595 v _34040_/Y (sky130_fd_sc_hd__o21ai_0)
          0.000    5.595 v _46869_/D (sky130_fd_sc_hd__dfrtp_1)
                   5.595   data arrival time

          5.500    5.500   clock clk_e (rise edge)
          0.000    5.500   clock network delay (ideal)
          0.000    5.500   clock reconvergence pessimism
                   5.500 ^ _46869_/CLK (sky130_fd_sc_hd__dfrtp_1)
         -0.224    5.276   library setup time
                   5.276   data required time
-----------------------------------------------------------------
                   5.276   data required time
                  -5.595   data arrival time
-----------------------------------------------------------------
                  -0.319   slack (VIOLATED)


