---CLOCK:clk---
Startpoint: _35782_ (rising edge-triggered flip-flop clocked by clk)
Endpoint: _36347_ (rising edge-triggered flip-flop clocked by clk)
Path Group: clk
Path Type: max

Fanout    Delay     Time   Description
-----------------------------------------------------------------
          0.000    0.000   clock clk (rise edge)
          0.000    0.000   clock network delay (ideal)
          0.000    0.000 ^ _35782_/CLK (sky130_fd_sc_hd__dfstp_2)
    16    0.614    0.614 ^ _35782_/Q (sky130_fd_sc_hd__dfstp_2)
     1    0.115    0.729 v _17863_/Y (sky130_fd_sc_hd__nand4bb_1)
   272   12.132   12.861 ^ _17867_/Y (sky130_fd_sc_hd__nor2_1)
     5    1.765   14.627 v _19306_/Y (sky130_fd_sc_hd__mux2i_1)
     1    0.583   15.209 ^ _21980_/Y (sky130_fd_sc_hd__o22ai_1)
     1    0.078   15.287 v _21981_/Y (sky130_fd_sc_hd__nor3_1)
     1    0.075   15.363 ^ _21982_/Y (sky130_fd_sc_hd__nand2_1)
     7    0.080   15.442 v _21983_/Y (sky130_fd_sc_hd__a31oi_1)
    29    1.109   16.551 ^ _22280_/Y (sky130_fd_sc_hd__a21oi_1)
     1    0.178   16.730 ^ _22680_/X (sky130_fd_sc_hd__a211o_1)
     1    0.074   16.804 v _22683_/Y (sky130_fd_sc_hd__a31oi_1)
     1    0.247   17.051 v _22687_/X (sky130_fd_sc_hd__a211o_1)
    53    1.834   18.885 ^ _22690_/Y (sky130_fd_sc_hd__a22oi_1)
     3    0.301   19.186 ^ _23209_/X (sky130_fd_sc_hd__or2_0)
     3    0.246   19.432 ^ _23214_/X (sky130_fd_sc_hd__xor2_1)
     3    0.258   19.690 ^ _23217_/X (sky130_fd_sc_hd__xor2_1)
     4    0.225   19.915 ^ _23218_/Y (sky130_fd_sc_hd__xnor2_1)
     2    0.403   20.318 v _23223_/X (sky130_fd_sc_hd__xor3_1)
     2    0.228   20.546 ^ _23240_/Y (sky130_fd_sc_hd__xnor2_1)
     3    0.180   20.726 ^ _23243_/Y (sky130_fd_sc_hd__xnor2_1)
     3    0.108   20.834 v _23244_/Y (sky130_fd_sc_hd__nor3_1)
     3    0.537   21.371 ^ _23246_/Y (sky130_fd_sc_hd__nor4_1)
     2    0.429   21.800 v _23345_/X (sky130_fd_sc_hd__xnor3_1)
     3    0.267   22.067 ^ _23348_/Y (sky130_fd_sc_hd__xnor2_1)
     2    0.225   22.292 ^ _23465_/X (sky130_fd_sc_hd__maj3_1)
     1    0.154   22.446 ^ _23572_/X (sky130_fd_sc_hd__maj3_1)
     1    0.067   22.513 v _23685_/Y (sky130_fd_sc_hd__o21ai_0)
     3    0.391   22.904 v _23806_/X (sky130_fd_sc_hd__maj3_1)
     2    0.368   23.272 v _23926_/X (sky130_fd_sc_hd__maj3_1)
     1    0.132   23.404 ^ _24049_/Y (sky130_fd_sc_hd__a21oi_1)
     3    0.114   23.518 v _24176_/Y (sky130_fd_sc_hd__o21ai_0)
     3    0.401   23.919 v _24302_/X (sky130_fd_sc_hd__maj3_1)
     3    0.392   24.311 v _24461_/X (sky130_fd_sc_hd__maj3_1)
     3    0.389   24.700 v _24493_/X (sky130_fd_sc_hd__maj3_1)
     3    0.190   24.890 ^ _24780_/Y (sky130_fd_sc_hd__a21oi_1)
     3    0.150   25.040 v _24946_/Y (sky130_fd_sc_hd__o21ai_0)
     3    0.196   25.236 ^ _25184_/Y (sky130_fd_sc_hd__a21oi_1)
     2    0.186   25.422 ^ _25715_/X (sky130_fd_sc_hd__o211a_1)
     3    0.158   25.580 ^ _25854_/X (sky130_fd_sc_hd__o32a_1)
     4    0.138   25.717 v _26039_/Y (sky130_fd_sc_hd__o21ai_0)
     3    0.349   26.066 ^ _26632_/Y (sky130_fd_sc_hd__a221oi_1)
     2    0.136   26.201 v _26823_/Y (sky130_fd_sc_hd__o41ai_1)
     1    0.201   26.402 ^ _27361_/Y (sky130_fd_sc_hd__a211oi_1)
     3    0.115   26.517 v _27368_/Y (sky130_fd_sc_hd__o32ai_1)
     3    0.202   26.719 ^ _27525_/Y (sky130_fd_sc_hd__a21oi_1)
     3    0.182   26.901 ^ _27695_/X (sky130_fd_sc_hd__o21a_1)
     4    0.167   27.068 ^ _27866_/X (sky130_fd_sc_hd__o21a_1)
     3    0.121   27.189 v _28329_/Y (sky130_fd_sc_hd__o211ai_1)
     3    0.247   27.436 ^ _28335_/Y (sky130_fd_sc_hd__a32oi_1)
     3    0.157   27.593 v _28602_/Y (sky130_fd_sc_hd__o21ai_0)
     3    0.385   27.978 v _28607_/X (sky130_fd_sc_hd__maj3_1)
     3    0.196   28.174 ^ _28735_/Y (sky130_fd_sc_hd__a21oi_1)
     3    0.211   28.385 ^ _29111_/X (sky130_fd_sc_hd__o211a_1)
     2    0.134   28.519 ^ _29116_/X (sky130_fd_sc_hd__o31a_1)
     3    0.180   28.700 ^ _29241_/X (sky130_fd_sc_hd__maj3_1)
     3    0.185   28.884 ^ _29351_/X (sky130_fd_sc_hd__maj3_1)
     3    0.101   28.985 v _29545_/Y (sky130_fd_sc_hd__o21bai_1)
     3    0.227   29.212 v _29651_/X (sky130_fd_sc_hd__a31o_1)
     3    0.350   29.562 v _29749_/X (sky130_fd_sc_hd__maj3_1)
     3    0.238   29.801 v _29840_/X (sky130_fd_sc_hd__a32o_1)
     3    0.168   29.969 ^ _29922_/Y (sky130_fd_sc_hd__a21oi_1)
     4    0.163   30.132 v _30002_/Y (sky130_fd_sc_hd__o21ai_0)
     2    0.287   30.419 v _30179_/X (sky130_fd_sc_hd__a211o_1)
     3    0.203   30.622 ^ _30184_/Y (sky130_fd_sc_hd__a31oi_1)
     3    0.151   30.773 v _30246_/Y (sky130_fd_sc_hd__o21ai_0)
     3    0.199   30.973 ^ _30292_/Y (sky130_fd_sc_hd__a21oi_1)
     4    0.206   31.178 ^ _30340_/X (sky130_fd_sc_hd__o32a_1)
     2    0.178   31.357 ^ _30411_/X (sky130_fd_sc_hd__o211a_1)
     2    0.068   31.424 v _30413_/Y (sky130_fd_sc_hd__o31ai_1)
     1    0.415   31.839 v _32260_/X (sky130_fd_sc_hd__o32a_1)
          0.000   31.839 v _36347_/D (sky130_fd_sc_hd__dfrtp_1)
                  31.839   data arrival time

         28.770   28.770   clock clk (rise edge)
          0.000   28.770   clock network delay (ideal)
          0.000   28.770   clock reconvergence pessimism
                  28.770 ^ _36347_/CLK (sky130_fd_sc_hd__dfrtp_1)
         -0.128   28.642   library setup time
                  28.642   data required time
-----------------------------------------------------------------
                  28.642   data required time
                 -31.839   data arrival time
-----------------------------------------------------------------
                  -3.197   slack (VIOLATED)


