############ L1: is the variant functionally equivalent? ############
eqy exit: 2
EQY 20:07:38 [eq] Successfully proved equivalence of partition async_fifo.rbin_nxt
EQY 20:07:38 [eq] Successfully proved equivalence of partition async_fifo.0memwrmemgold.v721_DATA.7013
EQY 20:07:38 [eq] Successfully proved equivalence of partition async_fifo.0memwrmemgold.v721_ADDR.2012
EQY 20:07:38 [eq] Successfully proved equivalence of partition async_fifo.0memwrmemgold.v721_EN.7014.7
EQY 20:07:38 [eq] Successfully proved equivalence of partition async_fifo.u_sync_r2w.clk
EQY 20:07:38 [eq] DONE (FAIL, rc=2)

############ L2 and L3: G7 on the original and the variant ############
--- gold (rtl/async_fifo.v) ---
top async_fifo: 11 register cells (34 bits), 3 clock domain(s)
   wclk                     5 cells, 17 bits
   rclk                     5 cells, 17 bits
   (none)                   1 cells, 0 bits
clock groups: no SDC given, so every distinct clock net is its own group

VERDICT        SRC         DST         WIDTH DEPTH  SOURCE
MULTIBIT       wclk        rclk            4     2  wgray_r
MULTIBIT       rclk        wclk            4     2  rgray_r

   wgray_r            clock=wclk       reset=wrst_n
hamming wgray_r                PROVEN     no counterexample to depth 16
   rgray_r            clock=rclk       reset=rrst_n
hamming rgray_r                PROVEN     no counterexample to depth 16

crossings: 2   SAFE=2
wrote /home/toshn/slacksmith_work/g7_loop/gold.json
exit: 0

--- gate (experiments/g7_in_loop/async_fifo_cdcbreak.v) ---
top async_fifo: 11 register cells (34 bits), 3 clock domain(s)
   wclk                     5 cells, 17 bits
   rclk                     5 cells, 17 bits
   (none)                   1 cells, 0 bits
clock groups: no SDC given, so every distinct clock net is its own group

VERDICT        SRC         DST         WIDTH DEPTH  SOURCE
MULTIBIT       wclk        rclk            4     2  wcross_r
MULTIBIT       rclk        wclk            4     2  rcross_r

   wcross_r           clock=wclk       reset=wrst_n
hamming wcross_r               REFUTED    counterexample, first at step 0, trace in /home/toshn/slacksmith_work/g7_loop/gate/ham_wcross_r/ham/engine_0/
   rcross_r           clock=rclk       reset=rrst_n
hamming rcross_r               REFUTED    counterexample, first at step 0, trace in /home/toshn/slacksmith_work/g7_loop/gate/ham_rcross_r/ham/engine_0/

crossings: 2   MULTIBIT_UNSAFE=2
wrote /home/toshn/slacksmith_work/g7_loop/gate.json
exit: 1

