---CLOCK:clk---
Startpoint: _199_ (rising edge-triggered flip-flop clocked by clk)
Endpoint: _197_ (rising edge-triggered flip-flop clocked by clk)
Path Group: clk
Path Type: max

   Delay     Time   Description
-----------------------------------------------------------
   0.000    0.000   clock clk (rise edge)
   0.000    0.000   clock network delay (ideal)
   0.000    0.000 ^ _199_/CLK (sky130_fd_sc_hd__dfrtp_1)
   0.414    0.414 v _199_/Q (sky130_fd_sc_hd__dfrtp_1)
   0.196    0.610 ^ _094_/Y (sky130_fd_sc_hd__nor3_4)
   0.318    0.928 ^ _096_/X (sky130_fd_sc_hd__and4_4)
   0.063    0.990 v _097_/Y (sky130_fd_sc_hd__inv_6)
   0.271    1.262 ^ _138_/Y (sky130_fd_sc_hd__a221oi_1)
   0.063    1.325 v _139_/Y (sky130_fd_sc_hd__nor3_1)
   0.000    1.325 v _197_/D (sky130_fd_sc_hd__dfrtp_1)
            1.325   data arrival time

   1.641    1.641   clock clk (rise edge)
   0.000    1.641   clock network delay (ideal)
   0.000    1.641   clock reconvergence pessimism
            1.641 ^ _197_/CLK (sky130_fd_sc_hd__dfrtp_1)
  -0.129    1.512   library setup time
            1.512   data required time
-----------------------------------------------------------
            1.512   data required time
           -1.325   data arrival time
-----------------------------------------------------------
            0.187   slack (MET)


