Startpoint: u_rv32_a/u_core/_12101_
            (rising edge-triggered flip-flop clocked by clk_a)
Endpoint: u_rv32_a/u_core/_12629_
          (rising edge-triggered flip-flop clocked by clk_a)
Path Group: clk_a
Path Type: max

Fanout    Delay     Time   Description
-----------------------------------------------------------------
          0.000    0.000   clock clk_a (rise edge)
          0.000    0.000   clock network delay (ideal)
          0.000    0.000 ^ u_rv32_a/u_core/_12101_/CLK (sky130_fd_sc_hd__dfrtp_1)
    15    0.470    0.470 v u_rv32_a/u_core/_12101_/Q (sky130_fd_sc_hd__dfrtp_1)
     4    0.231    0.700 v u_rv32_a/_1306_/Y (sky130_fd_sc_hd__nand2b_1)
    37    0.564    1.265 ^ u_rv32_a/_1308_/Y (sky130_fd_sc_hd__inv_1)
   387    6.762    8.027 ^ u_rv32_a/_1309_/X (sky130_fd_sc_hd__and2_1)
    16    1.757    9.784 v u_rv32_a/u_core/_06948_/Y (sky130_fd_sc_hd__nor2_1)
     1    0.811   10.595 ^ u_rv32_a/u_core/_06949_/Y (sky130_fd_sc_hd__a222oi_1)
     1    0.123   10.718 v u_rv32_a/u_core/_06954_/Y (sky130_fd_sc_hd__nand4_1)
     2    0.370   11.088 v u_rv32_a/u_core/_06964_/X (sky130_fd_sc_hd__or3_1)
     8    0.614   11.703 ^ u_rv32_a/u_core/_06966_/Y (sky130_fd_sc_hd__o31ai_1)
     2    0.134   11.837 v u_rv32_a/u_core/_06969_/Y (sky130_fd_sc_hd__nand2_1)
     2    0.238   12.074 ^ u_rv32_a/u_core/_07497_/Y (sky130_fd_sc_hd__a21oi_1)
     1    0.065   12.140 v u_rv32_a/u_core/_07499_/Y (sky130_fd_sc_hd__nor2b_1)
     2    0.183   12.323 ^ u_rv32_a/u_core/_07500_/Y (sky130_fd_sc_hd__a21oi_1)
     2    0.241   12.564 ^ u_rv32_a/u_core/_07501_/X (sky130_fd_sc_hd__maj3_1)
     2    0.206   12.770 ^ u_rv32_a/u_core/_07502_/X (sky130_fd_sc_hd__maj3_1)
    23    0.991   13.761 ^ u_rv32_a/u_core/_07727_/X (sky130_fd_sc_hd__xor2_1)
     2    0.418   14.179 ^ u_rv32_a/_0952_/Y (sky130_fd_sc_hd__nor4bb_2)
    16    0.291   14.471 ^ u_rv32_a/_0978_/X (sky130_fd_sc_hd__buf_2)
     1    0.108   14.579 v u_rv32_a/_1055_/Y (sky130_fd_sc_hd__a22oi_1)
     1    0.175   14.754 v u_rv32_a/_1058_/X (sky130_fd_sc_hd__and4_1)
     2    0.074   14.828 ^ u_rv32_a/_1063_/Y (sky130_fd_sc_hd__nand4_1)
     2    0.079   14.907 v u_rv32_a/u_core/_08165_/Y (sky130_fd_sc_hd__mux2i_1)
     2    0.160   15.067 ^ u_rv32_a/u_core/_08166_/Y (sky130_fd_sc_hd__mux2i_1)
     8    0.158   15.225 v u_rv32_a/u_core/_08167_/Y (sky130_fd_sc_hd__nand2_1)
     2    0.203   15.428 v u_rv32_a/u_core/_08168_/X (sky130_fd_sc_hd__o21a_1)
    16    0.231   15.658 v u_rv32_a/u_core/_08169_/X (sky130_fd_sc_hd__clkbuf_1)
     1    0.179   15.837 v u_rv32_a/u_core/_08708_/Y (sky130_fd_sc_hd__a21boi_0)
     1    0.531   16.368 ^ u_rv32_a/u_core/_08711_/Y (sky130_fd_sc_hd__o221ai_1)
     2    0.089   16.457 v u_rv32_a/u_core/_08712_/Y (sky130_fd_sc_hd__a211oi_1)
    16    0.481   16.938 v u_rv32_a/u_core/_08713_/X (sky130_fd_sc_hd__clkbuf_1)
     1    0.193   17.131 ^ u_rv32_a/u_core/_09639_/Y (sky130_fd_sc_hd__o21ai_0)
          0.000   17.131 ^ u_rv32_a/u_core/_12629_/D (sky130_fd_sc_hd__dfrtp_1)
                  17.131   data arrival time

         15.500   15.500   clock clk_a (rise edge)
          0.000   15.500   clock network delay (ideal)
          0.000   15.500   clock reconvergence pessimism
                  15.500 ^ u_rv32_a/u_core/_12629_/CLK (sky130_fd_sc_hd__dfrtp_1)
         -0.085   15.415   library setup time
                  15.415   data required time
-----------------------------------------------------------------
                  15.415   data required time
                 -17.131   data arrival time
-----------------------------------------------------------------
                  -1.716   slack (VIOLATED)


