---CLOCK:clk---
Startpoint: fsm/_100_ (rising edge-triggered flip-flop clocked by clk)
Endpoint: fifo[1].f/_850_ (rising edge-triggered flip-flop clocked by clk)
Path Group: clk
Path Type: max

   Delay     Time   Description
-----------------------------------------------------------
   0.000    0.000   clock clk (rise edge)
   0.000    0.000   clock network delay (ideal)
   0.000    0.000 ^ fsm/_100_/CLK (sky130_fd_sc_hd__dfxtp_1)
   0.392    0.392 ^ fsm/_100_/Q (sky130_fd_sc_hd__dfxtp_1)
   0.155    0.546 ^ fsm/_085_/X (sky130_fd_sc_hd__or3_2)
   0.170    0.716 ^ s/_077_/X (sky130_fd_sc_hd__and3b_2)
   0.309    1.025 v fifo[1].f/_478_/X (sky130_fd_sc_hd__or2b_2)
   0.524    1.549 v fifo[1].f/_491_/X (sky130_fd_sc_hd__or4_2)
   0.633    2.182 v fifo[1].f/_492_/X (sky130_fd_sc_hd__dlygate4sd3_1)
   0.746    2.928 ^ fifo[1].f/_521_/Y (sky130_fd_sc_hd__o21ai_0)
   0.000    2.928 ^ fifo[1].f/_850_/DE (sky130_fd_sc_hd__edfxtp_1)
            2.928   data arrival time

   2.947    2.947   clock clk (rise edge)
   0.000    2.947   clock network delay (ideal)
   0.000    2.947   clock reconvergence pessimism
            2.947 ^ fifo[1].f/_850_/CLK (sky130_fd_sc_hd__edfxtp_1)
  -0.387    2.560   library setup time
            2.560   data required time
-----------------------------------------------------------
            2.560   data required time
           -2.928   data arrival time
-----------------------------------------------------------
           -0.368   slack (VIOLATED)


