---CLOCK:clk---
Startpoint: _37053_ (rising edge-triggered flip-flop clocked by clk)
Endpoint: _38041_ (rising edge-triggered flip-flop clocked by clk)
Path Group: clk
Path Type: max

   Delay     Time   Description
-----------------------------------------------------------
   0.000    0.000   clock clk (rise edge)
   0.000    0.000   clock network delay (ideal)
   0.000    0.000 ^ _37053_/CLK (sky130_fd_sc_hd__dfrtp_1)
   0.644    0.644 ^ _37053_/Q (sky130_fd_sc_hd__dfrtp_1)
   0.373    1.017 ^ _22420_/X (sky130_fd_sc_hd__and4_2)
   0.155    1.171 v _22457_/Y (sky130_fd_sc_hd__nand4_1)
   0.457    1.628 ^ _22516_/Y (sky130_fd_sc_hd__nor4_1)
   0.226    1.854 v _22543_/Y (sky130_fd_sc_hd__nand4_1)
   0.523    2.377 ^ _22600_/Y (sky130_fd_sc_hd__nor4_1)
   0.238    2.616 v _22667_/Y (sky130_fd_sc_hd__nand4_1)
   0.526    3.142 ^ _22684_/Y (sky130_fd_sc_hd__nor4_1)
   0.238    3.380 v _22719_/Y (sky130_fd_sc_hd__nand4_1)
   0.460    3.840 ^ _22733_/Y (sky130_fd_sc_hd__nor4_1)
   0.198    4.038 v _23125_/Y (sky130_fd_sc_hd__nand3_1)
   0.378    4.416 ^ _23164_/Y (sky130_fd_sc_hd__a31oi_2)
   0.203    4.619 v _23744_/Y (sky130_fd_sc_hd__a21oi_2)
   0.251    4.870 v _23836_/X (sky130_fd_sc_hd__o211a_1)
   0.327    5.196 ^ _23840_/Y (sky130_fd_sc_hd__o41ai_1)
   0.237    5.434 ^ _23842_/X (sky130_fd_sc_hd__and2_2)
   0.065    5.498 v _23851_/Y (sky130_fd_sc_hd__nor2_1)
   0.150    5.649 v _23869_/Y (sky130_fd_sc_hd__xnor2_1)
   0.326    5.975 v _23927_/X (sky130_fd_sc_hd__o2bb2a_1)
   0.163    6.137 v _23928_/Y (sky130_fd_sc_hd__xnor2_1)
   0.334    6.471 v _24367_/X (sky130_fd_sc_hd__o32a_2)
   0.433    6.904 v _24369_/X (sky130_fd_sc_hd__or3_2)
   0.231    7.136 v _24447_/X (sky130_fd_sc_hd__and3_2)
   0.260    7.396 ^ _24449_/Y (sky130_fd_sc_hd__nor3_1)
   0.190    7.586 ^ _24491_/Y (sky130_fd_sc_hd__xnor2_1)
   0.109    7.694 v _24505_/Y (sky130_fd_sc_hd__nor3_1)
   0.447    8.142 ^ _24507_/Y (sky130_fd_sc_hd__nor4_1)
   0.510    8.652 v _24579_/X (sky130_fd_sc_hd__xnor3_4)
   0.272    8.924 ^ _24583_/Y (sky130_fd_sc_hd__xnor2_1)
   0.225    9.149 ^ _24703_/X (sky130_fd_sc_hd__maj3_1)
   0.154    9.303 ^ _25069_/X (sky130_fd_sc_hd__maj3_1)
   0.067    9.371 v _25070_/Y (sky130_fd_sc_hd__o21ai_0)
   0.391    9.761 v _25071_/X (sky130_fd_sc_hd__maj3_1)
   0.368   10.129 v _25213_/X (sky130_fd_sc_hd__maj3_1)
   0.132   10.261 ^ _25508_/Y (sky130_fd_sc_hd__a21oi_1)
   0.113   10.374 v _25509_/Y (sky130_fd_sc_hd__o21ai_0)
   0.399   10.773 v _25629_/X (sky130_fd_sc_hd__maj3_1)
   0.392   11.165 v _25807_/X (sky130_fd_sc_hd__maj3_1)
   0.389   11.554 v _25841_/X (sky130_fd_sc_hd__maj3_1)
   0.190   11.744 ^ _26133_/Y (sky130_fd_sc_hd__a21oi_1)
   0.150   11.894 v _26305_/Y (sky130_fd_sc_hd__o21ai_0)
   0.195   12.089 ^ _26538_/Y (sky130_fd_sc_hd__a21oi_1)
   0.185   12.274 ^ _27100_/X (sky130_fd_sc_hd__o211a_1)
   0.144   12.418 ^ _27248_/X (sky130_fd_sc_hd__o32a_2)
   0.126   12.544 v _27435_/Y (sky130_fd_sc_hd__o21ai_0)
   0.347   12.891 ^ _28019_/Y (sky130_fd_sc_hd__a221oi_1)
   0.128   13.019 v _28452_/Y (sky130_fd_sc_hd__o41ai_1)
   0.199   13.218 ^ _28809_/Y (sky130_fd_sc_hd__a211oi_1)
   0.114   13.332 v _28810_/Y (sky130_fd_sc_hd__o32ai_1)
   0.201   13.533 ^ _28974_/Y (sky130_fd_sc_hd__a21oi_1)
   0.182   13.715 ^ _29132_/X (sky130_fd_sc_hd__o21a_1)
   0.167   13.882 ^ _29295_/X (sky130_fd_sc_hd__o21a_1)
   0.119   14.002 v _29803_/Y (sky130_fd_sc_hd__o211ai_1)
   0.246   14.248 ^ _29810_/Y (sky130_fd_sc_hd__a32oi_1)
   0.155   14.403 v _30075_/Y (sky130_fd_sc_hd__o21ai_0)
   0.384   14.787 v _30080_/X (sky130_fd_sc_hd__maj3_1)
   0.196   14.983 ^ _30206_/Y (sky130_fd_sc_hd__a21oi_1)
   0.211   15.194 ^ _30565_/X (sky130_fd_sc_hd__o211a_1)
   0.131   15.325 ^ _30687_/X (sky130_fd_sc_hd__o31a_2)
   0.172   15.498 ^ _30692_/X (sky130_fd_sc_hd__maj3_1)
   0.185   15.682 ^ _30799_/X (sky130_fd_sc_hd__maj3_1)
   0.101   15.783 v _30998_/Y (sky130_fd_sc_hd__o21bai_1)
   0.248   16.031 v _31113_/X (sky130_fd_sc_hd__a31o_2)
   0.349   16.380 v _31200_/X (sky130_fd_sc_hd__maj3_1)
   0.238   16.617 v _31315_/X (sky130_fd_sc_hd__a32o_1)
   0.168   16.785 ^ _31391_/Y (sky130_fd_sc_hd__a21oi_1)
   0.161   16.945 v _31480_/Y (sky130_fd_sc_hd__o21ai_0)
   0.319   17.265 v _31660_/X (sky130_fd_sc_hd__a211o_2)
   0.207   17.471 ^ _31666_/Y (sky130_fd_sc_hd__a31oi_1)
   0.153   17.625 v _31718_/Y (sky130_fd_sc_hd__o21ai_0)
   0.198   17.823 ^ _31773_/Y (sky130_fd_sc_hd__a21oi_1)
   0.186   18.009 ^ _31843_/X (sky130_fd_sc_hd__o32a_2)
   0.167   18.175 ^ _31903_/X (sky130_fd_sc_hd__o211a_1)
   0.067   18.243 v _31924_/Y (sky130_fd_sc_hd__o31ai_1)
   0.353   18.595 v _33890_/X (sky130_fd_sc_hd__o32a_2)
   0.000   18.595 v _38041_/D (sky130_fd_sc_hd__dfrtp_1)
           18.595   data arrival time

  28.770   28.770   clock clk (rise edge)
   0.000   28.770   clock network delay (ideal)
   0.000   28.770   clock reconvergence pessimism
           28.770 ^ _38041_/CLK (sky130_fd_sc_hd__dfrtp_1)
  -0.127   28.643   library setup time
           28.643   data required time
-----------------------------------------------------------
           28.643   data required time
          -18.595   data arrival time
-----------------------------------------------------------
           10.048   slack (MET)


