---CLOCK:clk---
Startpoint: SBOX/SBOX[3]/_293_ (rising edge-triggered flip-flop clocked by clk)
Endpoint: _8242_ (rising edge-triggered flip-flop clocked by clk)
Path Group: clk
Path Type: max

   Delay     Time   Description
-----------------------------------------------------------
   0.000    0.000   clock clk (rise edge)
   0.000    0.000   clock network delay (ideal)
   0.000    0.000 ^ SBOX/SBOX[3]/_293_/CLK (sky130_fd_sc_hd__dfxtp_1)
   0.560    0.560 ^ SBOX/SBOX[3]/_293_/Q (sky130_fd_sc_hd__dfxtp_1)
   0.150    0.710 v SBOX/SBOX[3]/_133_/Y (sky130_fd_sc_hd__xnor2_4)
   0.449    1.159 ^ SBOX/SBOX[3]/_138_/Y (sky130_fd_sc_hd__o41ai_4)
   0.154    1.313 v SBOX/SBOX[3]/_142_/X (sky130_fd_sc_hd__xor2_2)
   0.504    1.817 v SBOX/SBOX[3]/_223_/X (sky130_fd_sc_hd__or4bb_1)
   0.157    1.974 ^ SBOX/SBOX[3]/_224_/Y (sky130_fd_sc_hd__o21ai_2)
   0.189    2.163 ^ SBOX/SBOX[3]/_227_/Y (sky130_fd_sc_hd__xnor2_4)
   0.385    2.548 v SBOX/SBOX[3]/_247_/X (sky130_fd_sc_hd__xnor3_1)
   0.160    2.708 v SBOX/SBOX[3]/_254_/Y (sky130_fd_sc_hd__xnor2_1)
   0.417    3.124 v KEY_EXPANDER/_335_/X (sky130_fd_sc_hd__or3_4)
   0.132    3.257 ^ KEY_EXPANDER/_337_/Y (sky130_fd_sc_hd__a21oi_2)
   0.074    3.331 v KEY_EXPANDER/_339_/Y (sky130_fd_sc_hd__xnor2_1)
   0.143    3.474 ^ _7521_/Y (sky130_fd_sc_hd__o21ai_0)
   0.077    3.550 v _7523_/Y (sky130_fd_sc_hd__a21oi_1)
   0.000    3.550 v _8242_/D (sky130_fd_sc_hd__dfrtp_1)
            3.550   data arrival time

   8.332    8.332   clock clk (rise edge)
   0.000    8.332   clock network delay (ideal)
   0.000    8.332   clock reconvergence pessimism
            8.332 ^ _8242_/CLK (sky130_fd_sc_hd__dfrtp_1)
  -0.146    8.186   library setup time
            8.186   data required time
-----------------------------------------------------------
            8.186   data required time
           -3.550   data arrival time
-----------------------------------------------------------
            4.636   slack (MET)


