SBY  4:25:32 [miter_real_cover_bmc] Removing directory '/home/toshn/nebula/experiments/sync_fifo_stream/miter_real_cover_bmc'.
SBY  4:25:32 [miter_real_cover_bmc] Copy '/home/toshn/nebula/experiments/sync_fifo_stream/sync_fifo.v' to '/home/toshn/nebula/experiments/sync_fifo_stream/miter_real_cover_bmc/src/sync_fifo.v'.
SBY  4:25:32 [miter_real_cover_bmc] Copy '/home/toshn/nebula/experiments/sync_fifo_stream/sync_fifo_pipelined.v' to '/home/toshn/nebula/experiments/sync_fifo_stream/miter_real_cover_bmc/src/sync_fifo_pipelined.v'.
SBY  4:25:32 [miter_real_cover_bmc] Copy '/home/toshn/nebula/experiments/sync_fifo_stream/miter_sync_fifo_stream.sv' to '/home/toshn/nebula/experiments/sync_fifo_stream/miter_real_cover_bmc/src/miter_sync_fifo_stream.sv'.
SBY  4:25:32 [miter_real_cover_bmc] engine_0: smtbmc z3
SBY  4:25:32 [miter_real_cover_bmc] base: starting process "cd miter_real_cover_bmc/src; yosys -ql ../model/design.log ../model/design.ys"
SBY  4:25:32 [miter_real_cover_bmc] base: finished (returncode=0)
SBY  4:25:32 [miter_real_cover_bmc] prep: starting process "cd miter_real_cover_bmc/model; yosys -ql design_prep.log design_prep.ys"
SBY  4:25:32 [miter_real_cover_bmc] prep: finished (returncode=0)
SBY  4:25:32 [miter_real_cover_bmc] smt2: starting process "cd miter_real_cover_bmc/model; yosys -ql design_smt2.log design_smt2.ys"
SBY  4:25:32 [miter_real_cover_bmc] smt2: finished (returncode=0)
SBY  4:25:32 [miter_real_cover_bmc] engine_0: starting process "cd miter_real_cover_bmc; yosys-smtbmc -s z3 --presat --noprogress -t 40  --append 0 --dump-vcd engine_0/trace.vcd --dump-yw engine_0/trace.yw --dump-vlogtb engine_0/trace_tb.v --dump-smtc engine_0/trace.smtc model/design_smt2.smt2"
SBY  4:25:32 [miter_real_cover_bmc] engine_0: ##   0:00:00  Solver: z3
SBY  4:25:32 [miter_real_cover_bmc] engine_0: ##   0:00:00  Checking assumptions in step 0..
SBY  4:25:32 [miter_real_cover_bmc] engine_0: ##   0:00:00  Checking assertions in step 0..
SBY  4:25:32 [miter_real_cover_bmc] engine_0: ##   0:00:00  Checking assumptions in step 1..
SBY  4:25:32 [miter_real_cover_bmc] engine_0: ##   0:00:00  Checking assertions in step 1..
SBY  4:25:32 [miter_real_cover_bmc] engine_0: ##   0:00:00  Checking assumptions in step 2..
SBY  4:25:32 [miter_real_cover_bmc] engine_0: ##   0:00:00  Checking assertions in step 2..
SBY  4:25:32 [miter_real_cover_bmc] engine_0: ##   0:00:00  Checking assumptions in step 3..
SBY  4:25:32 [miter_real_cover_bmc] engine_0: ##   0:00:00  Checking assertions in step 3..
SBY  4:25:32 [miter_real_cover_bmc] engine_0: ##   0:00:00  Checking assumptions in step 4..
SBY  4:25:32 [miter_real_cover_bmc] engine_0: ##   0:00:00  Checking assertions in step 4..
SBY  4:25:32 [miter_real_cover_bmc] engine_0: ##   0:00:00  Checking assumptions in step 5..
SBY  4:25:32 [miter_real_cover_bmc] engine_0: ##   0:00:00  Checking assertions in step 5..
SBY  4:25:32 [miter_real_cover_bmc] engine_0: ##   0:00:00  Checking assumptions in step 6..
SBY  4:25:32 [miter_real_cover_bmc] engine_0: ##   0:00:00  Checking assertions in step 6..
SBY  4:25:32 [miter_real_cover_bmc] engine_0: ##   0:00:00  Checking assumptions in step 7..
SBY  4:25:32 [miter_real_cover_bmc] engine_0: ##   0:00:00  Checking assertions in step 7..
SBY  4:25:32 [miter_real_cover_bmc] engine_0: ##   0:00:00  Checking assumptions in step 8..
SBY  4:25:32 [miter_real_cover_bmc] engine_0: ##   0:00:00  Checking assertions in step 8..
SBY  4:25:32 [miter_real_cover_bmc] engine_0: ##   0:00:00  Checking assumptions in step 9..
SBY  4:25:33 [miter_real_cover_bmc] engine_0: ##   0:00:00  Checking assertions in step 9..
SBY  4:25:33 [miter_real_cover_bmc] engine_0: ##   0:00:01  Checking assumptions in step 10..
SBY  4:25:34 [miter_real_cover_bmc] engine_0: ##   0:00:01  Checking assertions in step 10..
SBY  4:25:35 [miter_real_cover_bmc] engine_0: ##   0:00:03  Checking assumptions in step 11..
SBY  4:25:35 [miter_real_cover_bmc] engine_0: ##   0:00:03  Checking assertions in step 11..
SBY  4:25:38 [miter_real_cover_bmc] engine_0: ##   0:00:06  Checking assumptions in step 12..
SBY  4:25:39 [miter_real_cover_bmc] engine_0: ##   0:00:06  Checking assertions in step 12..
SBY  4:25:46 [miter_real_cover_bmc] engine_0: ##   0:00:14  Checking assumptions in step 13..
SBY  4:25:46 [miter_real_cover_bmc] engine_0: ##   0:00:14  Checking assertions in step 13..
SBY  4:25:59 [miter_real_cover_bmc] engine_0: ##   0:00:27  Checking assumptions in step 14..
SBY  4:26:00 [miter_real_cover_bmc] engine_0: ##   0:00:27  Checking assertions in step 14..
SBY  4:26:21 [miter_real_cover_bmc] engine_0: ##   0:00:48  Checking assumptions in step 15..
SBY  4:26:22 [miter_real_cover_bmc] engine_0: ##   0:00:49  Checking assertions in step 15..
SBY  4:27:00 [miter_real_cover_bmc] engine_0: ##   0:01:27  Checking assumptions in step 16..
SBY  4:27:01 [miter_real_cover_bmc] engine_0: ##   0:01:28  Checking assertions in step 16..
