---CLOCK:clk---
Startpoint: _389_ (rising edge-triggered flip-flop clocked by clk)
Endpoint: _389_ (rising edge-triggered flip-flop clocked by clk)
Path Group: clk
Path Type: max

   Delay     Time   Description
-----------------------------------------------------------
   0.000    0.000   clock clk (rise edge)
   0.000    0.000   clock network delay (ideal)
   0.000    0.000 ^ _389_/CLK (sky130_fd_sc_hd__edfxtp_1)
   0.403    0.403 v _389_/Q (sky130_fd_sc_hd__edfxtp_1)
   0.727    1.130 v _182_/X (sky130_fd_sc_hd__or4_2)
   0.622    1.752 v _183_/X (sky130_fd_sc_hd__or4_2)
   0.550    2.302 v _184_/X (sky130_fd_sc_hd__or4_2)
   0.174    2.476 v _185_/X (sky130_fd_sc_hd__clkbuf_1)
   0.572    3.048 ^ _188_/Y (sky130_fd_sc_hd__o31ai_2)
   0.469    3.517 v _277_/Y (sky130_fd_sc_hd__nand3_1)
   0.000    3.517 v _389_/DE (sky130_fd_sc_hd__edfxtp_1)
            3.517   data arrival time

   3.826    3.826   clock clk (rise edge)
   0.000    3.826   clock network delay (ideal)
   0.000    3.826   clock reconvergence pessimism
            3.826 ^ _389_/CLK (sky130_fd_sc_hd__edfxtp_1)
  -0.385    3.441   library setup time
            3.441   data required time
-----------------------------------------------------------
            3.441   data required time
           -3.517   data arrival time
-----------------------------------------------------------
           -0.076   slack (VIOLATED)


