---CLOCK:clk---
Startpoint: _33962_ (rising edge-triggered flip-flop clocked by clk)
Endpoint: _34526_ (rising edge-triggered flip-flop clocked by clk)
Path Group: clk
Path Type: max

   Delay     Time   Description
-----------------------------------------------------------
   0.000    0.000   clock clk (rise edge)
   0.000    0.000   clock network delay (ideal)
   0.000    0.000 ^ _33962_/CLK (sky130_fd_sc_hd__dfstp_2)
   0.608    0.608 ^ _33962_/Q (sky130_fd_sc_hd__dfstp_2)
   0.148    0.756 v _16972_/Y (sky130_fd_sc_hd__nand4bb_1)
  12.340   13.096 ^ _16973_/Y (sky130_fd_sc_hd__nor2_1)
   2.025   15.121 v _17652_/Y (sky130_fd_sc_hd__a222oi_1)
   0.607   15.728 ^ _17654_/Y (sky130_fd_sc_hd__nand2_1)
   0.249   15.977 v _21330_/Y (sky130_fd_sc_hd__a221oi_1)
   0.277   16.254 v _21377_/X (sky130_fd_sc_hd__a31o_1)
   0.067   16.321 ^ _21378_/Y (sky130_fd_sc_hd__nand2_1)
   0.057   16.378 v _21379_/Y (sky130_fd_sc_hd__nand2_1)
   0.388   16.765 v _21387_/X (sky130_fd_sc_hd__a211o_1)
   0.487   17.252 v _21405_/X (sky130_fd_sc_hd__or3_1)
   0.378   17.630 ^ _21406_/Y (sky130_fd_sc_hd__xnor2_1)
   0.136   17.766 v _21478_/Y (sky130_fd_sc_hd__o22ai_1)
   0.882   18.648 ^ _21479_/Y (sky130_fd_sc_hd__a21oi_1)
   0.195   18.843 v _21490_/Y (sky130_fd_sc_hd__nor2_1)
   0.266   19.110 ^ _21509_/X (sky130_fd_sc_hd__xor2_1)
   0.161   19.271 ^ _21511_/Y (sky130_fd_sc_hd__xnor2_1)
   0.462   19.733 v _21653_/X (sky130_fd_sc_hd__xor3_1)
   0.160   19.893 v _21659_/Y (sky130_fd_sc_hd__xnor2_1)
   0.105   19.997 ^ _21660_/Y (sky130_fd_sc_hd__nand2_1)
   0.170   20.167 ^ _21662_/X (sky130_fd_sc_hd__maj3_1)
   0.081   20.249 v _21663_/Y (sky130_fd_sc_hd__clkinv_1)
   0.386   20.635 v _21665_/X (sky130_fd_sc_hd__maj3_1)
   0.367   21.002 v _22024_/X (sky130_fd_sc_hd__maj3_1)
   0.365   21.368 v _22096_/X (sky130_fd_sc_hd__maj3_1)
   0.203   21.571 ^ _22256_/Y (sky130_fd_sc_hd__a21oi_1)
   0.231   21.802 ^ _22260_/X (sky130_fd_sc_hd__maj3_1)
   0.129   21.931 v _22348_/Y (sky130_fd_sc_hd__o21ai_0)
   0.388   22.319 v _22443_/X (sky130_fd_sc_hd__maj3_1)
   0.241   22.561 ^ _22644_/Y (sky130_fd_sc_hd__a21boi_0)
   0.164   22.725 v _22751_/Y (sky130_fd_sc_hd__o21ai_0)
   0.393   23.118 v _22864_/X (sky130_fd_sc_hd__maj3_1)
   0.206   23.324 v _22879_/X (sky130_fd_sc_hd__a21o_1)
   0.181   23.506 ^ _22993_/Y (sky130_fd_sc_hd__a21oi_1)
   0.176   23.682 ^ _23130_/X (sky130_fd_sc_hd__o21a_1)
   0.126   23.807 v _23284_/Y (sky130_fd_sc_hd__o21ai_0)
   0.183   23.991 v _23558_/X (sky130_fd_sc_hd__a21bo_1)
   0.179   24.170 ^ _23712_/Y (sky130_fd_sc_hd__a21oi_1)
   0.234   24.403 ^ _23931_/X (sky130_fd_sc_hd__maj3_1)
   0.117   24.520 v _24416_/Y (sky130_fd_sc_hd__o211ai_1)
   0.252   24.772 ^ _24556_/Y (sky130_fd_sc_hd__a32oi_1)
   0.189   24.961 v _24731_/Y (sky130_fd_sc_hd__o21ai_0)
   0.248   25.209 ^ _25271_/Y (sky130_fd_sc_hd__a211oi_1)
   0.152   25.361 v _25452_/Y (sky130_fd_sc_hd__o311ai_0)
   0.335   25.696 ^ _25956_/Y (sky130_fd_sc_hd__a311oi_1)
   0.132   25.828 v _25963_/Y (sky130_fd_sc_hd__o31ai_1)
   0.186   26.014 ^ _26114_/Y (sky130_fd_sc_hd__a21oi_1)
   0.156   26.170 v _26269_/Y (sky130_fd_sc_hd__o21ai_0)
   0.412   26.582 v _26398_/X (sky130_fd_sc_hd__maj3_1)
   0.303   26.885 ^ _26822_/Y (sky130_fd_sc_hd__a211oi_1)
   0.135   27.020 v _26828_/Y (sky130_fd_sc_hd__o31ai_1)
   0.191   27.211 ^ _27082_/Y (sky130_fd_sc_hd__a21oi_1)
   0.128   27.339 v _27088_/Y (sky130_fd_sc_hd__o21ai_0)
   0.220   27.559 ^ _27191_/Y (sky130_fd_sc_hd__a32oi_1)
   0.159   27.718 v _27514_/Y (sky130_fd_sc_hd__o211ai_1)
   0.274   27.992 ^ _27520_/Y (sky130_fd_sc_hd__a32oi_1)
   0.188   28.180 ^ _27621_/X (sky130_fd_sc_hd__o21a_1)
   0.153   28.333 ^ _27711_/X (sky130_fd_sc_hd__o32a_1)
   0.127   28.461 v _27877_/Y (sky130_fd_sc_hd__o21ai_0)
   0.232   28.692 ^ _27962_/Y (sky130_fd_sc_hd__a31oi_1)
   0.147   28.839 v _28039_/Y (sky130_fd_sc_hd__o21ai_0)
   0.187   29.026 ^ _28108_/Y (sky130_fd_sc_hd__a21oi_1)
   0.146   29.171 v _28176_/Y (sky130_fd_sc_hd__o21ai_0)
   0.259   29.430 v _28237_/X (sky130_fd_sc_hd__a32o_1)
   0.286   29.716 ^ _28389_/Y (sky130_fd_sc_hd__a211oi_1)
   0.194   29.910 ^ _28395_/X (sky130_fd_sc_hd__o31a_1)
   0.150   30.060 ^ _28445_/X (sky130_fd_sc_hd__o21a_1)
   0.119   30.178 v _28482_/Y (sky130_fd_sc_hd__o21ai_0)
   0.221   30.399 ^ _28531_/Y (sky130_fd_sc_hd__a21oi_1)
   0.141   30.540 v _28599_/Y (sky130_fd_sc_hd__o211ai_1)
   0.185   30.726 v _28600_/X (sky130_fd_sc_hd__a21o_1)
   0.163   30.889 v _28602_/X (sky130_fd_sc_hd__a22o_1)
   0.000   30.889 v _34526_/D (sky130_fd_sc_hd__dfrtp_1)
           30.889   data arrival time

  27.916   27.916   clock clk (rise edge)
   0.000   27.916   clock network delay (ideal)
   0.000   27.916   clock reconvergence pessimism
           27.916 ^ _34526_/CLK (sky130_fd_sc_hd__dfrtp_1)
  -0.130   27.786   library setup time
           27.786   data required time
-----------------------------------------------------------
           27.786   data required time
          -30.889   data arrival time
-----------------------------------------------------------
           -3.103   slack (VIOLATED)


